[hopper_run] /scratch/vsokolov/rh_book_repro/agents/reconstruct_spot_checks_report: sbatch --wait, 2 cores, 4G, 60 min
[hopper_run] job 1242817 on hop062.orc.gmu.edu

--- constants, Section sec:thorin and the constants table ---
c = zeta'(1/2)/zeta(1/2)                                      2.68609170961   paper: 2.6860917096
c = (log pi - psi(1/4))/2                                     2.68609170961   paper: 2.6860917096
c = -theta'(0)                                                2.68609170961   paper: 2.6860917096
b = (euler + log pi)/2                                       0.860972775375   paper: 0.860973
tau_0, the minimum of theta                                   6.28983598884   paper: 6.2898360
theta(tau_0)                                                 -3.53097282902   paper: -3.5309728
max M = -theta(tau_0)/pi                                      1.12394355932   paper: 1.1239436
tau_pi with theta(tau_pi) = -pi                               3.43621822609   paper: 3.4362182
M(gamma_1^2 -) = -theta(gamma_1)/pi                          0.550252829469   paper: 0.5502528
f(0+) = -zeta(1/2)/4                                         0.365088627202   paper: 0.36509
f'(0+) = -zeta(1/2)/16                                      0.0912721568006   paper: 0.09127
tail constant c/(2 sqrt pi)                                  0.757732481509   paper: 0.75773

--- Lemma lem:W0 and the sign change of W_0 ---
F(0.003)                                                    0.0366850179113   paper: 0.0366850
F(0.0035)                                                  -0.0442284923318   paper: -0.0442285
F(0.004)                                                     -0.11456244439   paper: -0.1145624
x_*, the zero of W_0                                       0.00321739055955   paper: 0.0032173906

--- Theorem thm:w and Theorem thm:id ---
P(0.004), the small-x prime bound                         1.98858765094e-13   paper: 1.99e-13
W_0(0.1), closed form vs direct                             -0.862509600916   paper: -0.86250960
w(0.001)                                                      1.00025003125   paper: 1.00025
w(0.01)                                                       1.00249472811   paper: 1.00249
w(0.1)                                                        0.86250960302   paper: 0.86251
w(1)                                                         0.491403169211   paper: 0.49140
w(10)                                                        0.215237315084   paper: 0.21524

--- Theorem thm:class: the excursions of S ---
min S over first 300, at gamma_289                           -1.14548076977   paper: -1.1454808
max S over first 300, at gamma_213                            1.09756376206   paper: 1.0975638

--- Theorem thm:necklace and Proposition prop:signs ---
binary cyclotomic identity, 1/(1-qy)                 1.546918160678027156800482
                          product form               1.546918160678027156800482
b_2 = (q^2+q)/2                                              0.603553390593   paper: 0.603553390593
b_3 = (q^3-q)/3                                             -0.117851130198   paper: -0.117851130198
b_4                                                          0.541053390593   paper: 0.541053390593
b_6                                                         -0.121425565099   paper: -0.121425565099
negative b_n for 2<=n<=60, p=2                                         42.0   paper: 42
negative b_n for 2<=n<=60, p=3                                         42.0   paper: 42
negative b_n for 2<=n<=60, p=5                                         42.0   paper: 42
negative b_n for 2<=n<=60, p=7                                         42.0   paper: 42

--- Theorem thm:kappaexact and Corollary cor:Tfalse ---
kappa(rho_1): xi form     (-4.762466 - 1.94353j)  closed form     (-4.762466 - 1.94353j)   paper: -4.762-1.944i
kappa(rho_2): xi form   (-8.672921 - 0.6272364j)  closed form   (-8.672921 - 0.6272364j)   paper: -8.673-0.627i
kappa(rho_3): xi form    (-10.14905 - 3.871717j)  closed form    (-10.14905 - 3.871717j)   paper: -10.149-3.872i
kappa(rho_4): xi form    (-15.16508 + 3.704673j)  closed form    (-15.16508 + 3.704673j)   paper: -15.165+3.705i

scanning the first 460 zeros for Re kappa > 0 (Corollary cor:Tfalse)
  sign flips found: 3   paper: exactly three
    gamma_213 = 415.455215   kappa = (233.9579 - 2298.912j)
    gamma_289 = 527.9036416   kappa = (604.1578 + 3074.083j)
    gamma_379 = 650.6686839   kappa = (1164.599 - 4296.907j)

--- Proposition prop:hmfalse (assumption (H) is false) ---
int f over (0,inf)                               1.0   must be 1
h=  0.25  sf     0.7295466908 vs     0.7295466908   f      1.029678357 vs      1.029678357
h=   1.0  sf     0.2214292955 vs     0.2214292955   f     0.3763155305 vs     0.3763155305
h=   3.0  sf   0.005997812946 vs   0.005997812946   f    0.01118654719 vs    0.01118654719
h=   0.1  P(H>h) Monte Carlo   0.891195   closed   0.891613
h=   1.0  P(H>h) Monte Carlo   0.224115   closed   0.221429
h=   2.0  P(H>h) Monte Carlo   0.038555   closed  0.0378576
f(0+)  1   argmax  0.0976518   f(argmax)   1.111254   paper: 1.11125 at 0.09765
s=1e4   s*phi(s)    1.000790102   psi(s)/log s   0.9999142497   both -> 1
s=1e6   s*phi(s)    1.000012509   psi(s)/log s   0.9999990946   both -> 1
s=1e8   s*phi(s)    1.000000171   psi(s)/log s   0.9999999907   both -> 1

--- Table tab:symwin (zeros of xi in the doubled windows) ---
Im w in (0.5,40) -> gamma in (1.0,80.0): 21 zeros, indices 1..21   table: 21
Im w in (40,70) -> gamma in (80.0,140.0): 27 zeros, indices 22..48   table: 27
Im w in (70,140) -> gamma in (140.0,280.0): 78 zeros, indices 49..126   table: 78
Im w in (195,215) -> gamma in (390.0,430.0): 26 zeros, indices 196..221   table: 26
  margin at the endpoints: gamma_195 = 388.84613 < 390, gamma_222 = 430.32875 > 430

--- Round 2 corrections ---
log LHS closed form              -0.587879014707   paper: -0.587879
series truncated at n<3000       -0.587339889106   paper: -0.587379
truncation error                   -0.0005391256   row's printed gap: -5.00e-4
weight carried at n=3000              -1.6071503   round 1 assumed 1
zeros with S(gamma^-) < -1 among the first 460: 7   paper now: seven
   k=127 mid=-0.5063, k=196 mid=-0.50518, k=233 mid=-0.53724, k=289 mid=-0.64548, k=368 mid=-0.55649, k=380 mid=-0.53825, k=401 mid=-0.51375
   largest midpoint in modulus with Re kappa < 0: -0.556493   paper: -0.556
min Re zeta'/zeta on (0,60], sigma= 0.55      -1.04918   paper: -1.049
min Re zeta'/zeta on (0,60], sigma=  0.6    -0.9949883   paper: -0.995
min Re zeta'/zeta on (0,60], sigma= 0.75    -0.8666873   paper: -0.867
min Re zeta'/zeta on (0,60], sigma=  0.9    -0.7688592   paper: -0.769
min Re zeta'/zeta on (0,60], sigma= 0.99     -0.721326   paper: -0.721
least negative minimum on the grid step 0.025     -0.729142   paper: below -0.729

--- summary ---
  checks failed: 0

=== run info ===
{
 "rc": 0,
 "total_seconds": 451.2,
 "job": "1242817",
 "host": "hop062.orc.gmu.edu",
 "cpu": "Intel(R) Xeon(R) Gold 6240R CPU @ 2.40GHz",
 "python": "3.11.4",
 "mpmath": "1.3.0",
 "mpmath_backend": "python",
 "sympy": "1.14.0",
 "spot_checks_py_sha256": "59cbd3eb8714b1d1c817b14fd10cb5f9d0d1cbace600fcd48b188eee7a3626ee",
 "report_sha256": "2f6cedf9902857a5d0fc44784a3e7d9f9c7fe19b32105110c402af87bb930da5",
 "report_lines": 95,
 "report_bytes": 6773,
 "stderr_bytes": 0,
 "sections": [
  {
   "section": "(imports)",
   "seconds": 0.6
  },
  {
   "section": "constants, Section sec:thorin and the constants table",
   "seconds": 0.0
  },
  {
   "section": "Lemma lem:W0 and the sign change of W_0",
   "seconds": 1.4
  },
  {
   "section": "Theorem thm:w and Theorem thm:id",
   "seconds": 50.2
  },
  {
   "section": "Theorem thm:class: the excursions of S",
   "seconds": 0.1
  },
  {
   "section": "Theorem thm:necklace and Proposition prop:signs",
   "seconds": 0.2
  },
  {
   "section": "Theorem thm:kappaexact and Corollary cor:Tfalse",
   "seconds": 104.2
  },
  {
   "section": "Proposition prop:hmfalse (assumption (H) is false)",
   "seconds": 78.3
  },
  {
   "section": "Table tab:symwin (zeros of xi in the doubled windows)",
   "seconds": 29.4
  },
  {
   "section": "Round 2 corrections",
   "seconds": 186.3
  },
  {
   "section": "summary",
   "seconds": 0.5
  }
 ]
}
scp: Connection closed
[hopper_run] could not fetch spot_checks_run.json
scp: Connection closed
[hopper_run] could not fetch spot_checks_stderr.txt
exit 0
