[hopper_run] job 1243683 on hop066.orc.gmu.edu
==== running figs_almost.py
alpha 0.6: archived points agree to 0.0e+00 (with zeros) and 0.0e+00 (line only); min on the plot grid -1.0677 at 292.405, fine min -1.0679 at 292.40351
alpha 0.7: archived points agree to 0.0e+00 (with zeros) and 0.0e+00 (line only); min on the plot grid -5.3784 at 292.400, fine min -5.3873 at 292.40187
height 300.0: background min 0.0690 mean 0.5143; stored minima and negative masses agree to 0.0e+00
height 100000.0: background min 0.3420 mean 1.5876; stored minima and negative masses agree to 0.0e+00
ok
==== running compare_figs.py
== old_ag_almost.pdf strokes 106 fills 46 Do 32 texts 282
ExtGState alphas {'A1': (0.0, 1.0), 'A2': (0.25, 1.0), 'A3': (1.0, 1.0), 'A4': (0.8, 0.8)}
clip box (50.6, 42.68, 308.3, 225.19)
   stroke colour (0.6902, 0.6902, 0.6902) lw 0.8 dash ([], 0) alpha 0.25: 12 paths, vertices [2, 2, 2, 2, 2, 2, 2, 2, 2, 2, 2, 2]
   stroke colour (0.8392, 0.5373, 0.0627) lw 1.5 dash ([], 0) alpha 1.0: 1 paths, vertices [24]
   stroke colour (0.7529, 0.2235, 0.1686) lw 1.5 dash ([], 0) alpha 1.0: 1 paths, vertices [15]
   stroke colour (0.502, 0.502, 0.502) lw 1.5 dash ([1.5, 2.475], 0.0) alpha 1.0: 1 paths, vertices [3]
   stroke colour (0.0, 0.0, 0.0) lw 0.7 dash ([], 0) alpha 1.0: 1 paths, vertices [2]
clip box (340.99, 42.68, 598.69, 225.19)
   stroke colour (0.6902, 0.6902, 0.6902) lw 0.8 dash ([], 0) alpha 0.25: 12 paths, vertices [2, 2, 2, 2, 2, 2, 2, 2, 2, 2, 2, 2]
   stroke colour (0.502, 0.502, 0.502) lw 0.8 dash ([], 0) alpha 1.0: 1 paths, vertices [322]
   stroke colour (0.1059, 0.3098, 0.4471) lw 1.0 dash ([], 0) alpha 1.0: 1 paths, vertices [327]
   stroke colour (0.0, 0.0, 0.0) lw 0.5 dash ([0.5, 0.825], 0.0) alpha 1.0: 1 paths, vertices [2]
   stroke colour (0.0, 0.0, 0.0) lw 0.6 dash ([], 0) alpha 1.0: 1 paths, vertices [2]
clip box (631.37, 42.68, 889.07, 225.19)
   stroke colour (0.6902, 0.6902, 0.6902) lw 0.8 dash ([], 0) alpha 0.25: 15 paths, vertices [2, 2, 2, 2, 2, 2, 2, 2, 2, 2, 2, 2]
   stroke colour (0.502, 0.502, 0.502) lw 0.8 dash ([], 0) alpha 1.0: 1 paths, vertices [276]
   stroke colour (0.7529, 0.2235, 0.1686) lw 1.0 dash ([], 0) alpha 1.0: 1 paths, vertices [286]
   stroke colour (0.0, 0.0, 0.0) lw 0.5 dash ([0.5, 0.825], 0.0) alpha 1.0: 1 paths, vertices [2]
   stroke colour (0.0, 0.0, 0.0) lw 0.6 dash ([], 0) alpha 1.0: 1 paths, vertices [2]
fonts {"('F1', 10.0)": 50, "('F2', 10.0)": 1, "('F2', 9.0)": 4, "('F1', 9.0)": 87, "('F2', 6.3)": 2, "('F1', 6.3)": 6, "('F1', 6.5)": 132}
XObjects used {'F2-DejaVuSans-Oblique-alpha': 9, 'F1-DejaVuSans-lessequal': 1, 'F1-DejaVuSans-minus': 11, 'F2-DejaVuSans-Oblique-sigma': 5, 'F2-DejaVuSans-Oblique-theta': 2, 'F2-DejaVuSans-Oblique-rho': 2, 'F2-DejaVuSans-Oblique-beta': 2}
== old_ag_almost.pdf.paths.json panel 0: xlim [0.4750, 1.0250] ylim [-0.0500, 1.0500] (tick fit residuals 7.9e-10, 8.9e-16; 0.00603 data units per point in y)
   #d68910 lw 1.50 dash [[], 0]: 24 vertices, x [0.5000, 1.0000], y [0.0000, 1.0000], min at x = 1.0000, median step 0.0217
   #c0392b lw 1.50 dash [[], 0]: 15 vertices, x [0.7007, 1.0000], y [0.0000, 0.6904], min at x = 1.0000, median step 0.0226
   #808080 lw 1.50 dash [[1.5, 2.475], 0.0]: 3 vertices, x [0.5000, 1.0000], y [0.0000, 1.0000], min at x = 1.0000, median step 0.2500
   #000000 lw 0.70 dash [[], 0]: 2 vertices, x [0.4750, 1.0250], y [1.0000, 1.0000], min at x = 0.4750, median step 0.5500
== old_ag_almost.pdf.paths.json panel 1: xlim [283.2002, 300.8001] ylim [-1.2876, 3.5489] (tick fit residuals 2.9e-08, 1.1e-08; 0.02650 data units per point in y)
   #808080 lw 0.80 dash [[], 0]: 322 vertices, x [284.0000, 300.0000], y [0.0692, 3.2987], min at x = 290.6800, median step 0.0450
   #1b4f72 lw 1.00 dash [[], 0]: 327 vertices, x [284.0000, 300.0000], y [-1.0677, 3.3291], min at x = 292.4050, median step 0.0450
   #000000 lw 0.50 dash [[0.5, 0.825], 0.0]: 2 vertices, x [292.4000, 292.4000], y [-1.2876, 3.5489], min at x = 292.4000, median step 0.0000
   #000000 lw 0.60 dash [[], 0]: 2 vertices, x [283.2000, 300.8000], y [-0.0000, -0.0000], min at x = 283.2000, median step 17.6000
== old_ag_almost.pdf.paths.json panel 2: xlim [283.1998, 300.7997] ylim [-5.7416, 2.2497] (tick fit residuals 2.4e-08, 2.6e-08; 0.04379 data units per point in y)
   #808080 lw 0.80 dash [[], 0]: 276 vertices, x [284.0000, 300.0000], y [0.1361, 1.8113], min at x = 296.8100, median step 0.0550
   #c0392b lw 1.00 dash [[], 0]: 286 vertices, x [284.0000, 300.0000], y [-5.3784, 1.8865], min at x = 292.4000, median step 0.0550
   #000000 lw 0.50 dash [[0.5, 0.825], 0.0]: 2 vertices, x [292.4000, 292.4000], y [-5.7416, 2.2498], min at x = 292.4000, median step 0.0000
   #000000 lw 0.60 dash [[], 0]: 2 vertices, x [283.2000, 300.8000], y [0.0000, 0.0000], min at x = 283.2000, median step 17.6000
== ag_almost.pdf strokes 106 fills 46 Do 0 texts 318
ExtGState alphas {'A1': (0.0, 1.0), 'A2': (0.25, 1.0), 'A3': (1.0, 1.0), 'A4': (0.8, 0.8)}
clip box (47.96, 42.12, 306.03, 226.56)
   stroke colour (0.6902, 0.6902, 0.6902) lw 0.8 dash ([], 0) alpha 0.25: 12 paths, vertices [2, 2, 2, 2, 2, 2, 2, 2, 2, 2, 2, 2]
   stroke colour (0.8392, 0.5373, 0.0627) lw 1.5 dash ([], 0) alpha 1.0: 1 paths, vertices [25]
   stroke colour (0.7529, 0.2235, 0.1686) lw 1.5 dash ([], 0) alpha 1.0: 1 paths, vertices [15]
   stroke colour (0.502, 0.502, 0.502) lw 1.5 dash ([1.5, 2.475], 0.0) alpha 1.0: 1 paths, vertices [3]
   stroke colour (0.0, 0.0, 0.0) lw 0.7 dash ([], 0) alpha 1.0: 1 paths, vertices [2]
clip box (339.35, 42.12, 597.42, 226.56)
   stroke colour (0.6902, 0.6902, 0.6902) lw 0.8 dash ([], 0) alpha 0.25: 12 paths, vertices [2, 2, 2, 2, 2, 2, 2, 2, 2, 2, 2, 2]
   stroke colour (0.502, 0.502, 0.502) lw 0.8 dash ([], 0) alpha 1.0: 1 paths, vertices [321]
   stroke colour (0.1059, 0.3098, 0.4471) lw 1.0 dash ([], 0) alpha 1.0: 1 paths, vertices [327]
   stroke colour (0.0, 0.0, 0.0) lw 0.5 dash ([0.5, 0.825], 0.0) alpha 1.0: 1 paths, vertices [2]
   stroke colour (0.0, 0.0, 0.0) lw 0.6 dash ([], 0) alpha 1.0: 1 paths, vertices [2]
clip box (630.73, 42.12, 888.8, 226.56)
   stroke colour (0.6902, 0.6902, 0.6902) lw 0.8 dash ([], 0) alpha 0.25: 15 paths, vertices [2, 2, 2, 2, 2, 2, 2, 2, 2, 2, 2, 2]
   stroke colour (0.502, 0.502, 0.502) lw 0.8 dash ([], 0) alpha 1.0: 1 paths, vertices [276]
   stroke colour (0.7529, 0.2235, 0.1686) lw 1.0 dash ([], 0) alpha 1.0: 1 paths, vertices [287]
   stroke colour (0.0, 0.0, 0.0) lw 0.5 dash ([0.5, 0.825], 0.0) alpha 1.0: 1 paths, vertices [2]
   stroke colour (0.0, 0.0, 0.0) lw 0.6 dash ([], 0) alpha 1.0: 1 paths, vertices [2]
fonts {"('F1', 10.0)": 50, "('F2', 10.0)": 4, "('F3', 10.0)": 1, "('F3', 9.0)": 6, "('F1', 9.0)": 89, "('F2', 9.0)": 6, "('F4', 9.0)": 2, "('F3', 6.3)": 2, "('F1', 6.3)": 6, "('F2', 6.3)": 3, "('F1', 6.5)": 132, "('F4', 6.5)": 4, "('F2', 6.5)": 7, "('F4', 10.0)": 6}
XObjects used {}
== ag_almost.pdf.paths.json panel 0: xlim [0.4750, 1.0250] ylim [-0.0500, 1.0500] (tick fit residuals 4.4e-16, 2.2e-09; 0.00596 data units per point in y)
   #d68910 lw 1.50 dash [[], 0]: 25 vertices, x [0.5000, 1.0000], y [0.0000, 1.0000], min at x = 1.0000, median step 0.0217
   #c0392b lw 1.50 dash [[], 0]: 15 vertices, x [0.7000, 1.0000], y [0.0000, 0.6923], min at x = 1.0000, median step 0.0233
   #808080 lw 1.50 dash [[1.5, 2.475], 0.0]: 3 vertices, x [0.5000, 1.0000], y [0.0000, 1.0000], min at x = 1.0000, median step 0.2500
   #000000 lw 0.70 dash [[], 0]: 2 vertices, x [0.4750, 1.0250], y [1.0000, 1.0000], min at x = 0.4750, median step 0.5500
== ag_almost.pdf.paths.json panel 1: xlim [283.2001, 300.8001] ylim [-1.2876, 3.5489] (tick fit residuals 2.9e-08, 7.9e-09; 0.02622 data units per point in y)
   #808080 lw 0.80 dash [[], 0]: 321 vertices, x [284.0000, 300.0000], y [0.0692, 3.2987], min at x = 290.6700, median step 0.0450
   #1b4f72 lw 1.00 dash [[], 0]: 327 vertices, x [284.0000, 300.0000], y [-1.0677, 3.3291], min at x = 292.4050, median step 0.0450
   #000000 lw 0.50 dash [[0.5, 0.825], 0.0]: 2 vertices, x [292.4018, 292.4018], y [-1.2876, 3.5489], min at x = 292.4018, median step 0.0000
   #000000 lw 0.60 dash [[], 0]: 2 vertices, x [283.2000, 300.8000], y [0.0000, 0.0000], min at x = 283.2000, median step 17.6000
== ag_almost.pdf.paths.json panel 2: xlim [283.1997, 300.7997] ylim [-5.7417, 2.2498] (tick fit residuals 2.9e-08, 1.7e-08; 0.04333 data units per point in y)
   #808080 lw 0.80 dash [[], 0]: 276 vertices, x [284.0000, 300.0000], y [0.1361, 1.8113], min at x = 296.8100, median step 0.0550
   #c0392b lw 1.00 dash [[], 0]: 287 vertices, x [284.0000, 300.0000], y [-5.3784, 1.8865], min at x = 292.4000, median step 0.0550
   #000000 lw 0.50 dash [[0.5, 0.825], 0.0]: 2 vertices, x [292.4018, 292.4018], y [-5.7416, 2.2498], min at x = 292.4018, median step 0.0000
   #000000 lw 0.60 dash [[], 0]: 2 vertices, x [283.2000, 300.8000], y [-0.0000, -0.0000], min at x = 283.2000, median step 17.6000
== ag_almost panel 0: xlim old [0.4750, 1.0250] new [0.4750, 1.0250]; ylim old [-0.0500, 1.0500] new [-0.0500, 1.0500]; styles equal
   old Ingham                     #d68910   24 vertices, error against the data 3.1e-09, distance to data grid 0.0e+00
   old Guth and Maynard           #c0392b   15 vertices, error against the data 4.9e-09, distance to data grid 0.0e+00
   old density hypothesis         #808080    3 vertices, error against the data 6.1e-10, distance to data grid 0.0e+00
   old level 1                    #000000    2 vertices, error against the data 8.9e-16, distance to data grid 0.0e+00
   new Ingham                     #d68910   25 vertices, error against the data 4.6e-09, distance to data grid 0.0e+00
   new Guth and Maynard           #c0392b   15 vertices, error against the data 6.6e-09, distance to data grid 0.0e+00
   new density hypothesis         #808080    3 vertices, error against the data 8.5e-10, distance to data grid 0.0e+00
   new level 1                    #000000    2 vertices, error against the data 8.5e-10, distance to data grid 0.0e+00
== ag_almost panel 1: xlim old [283.2002, 300.8001] new [283.2001, 300.8001]; ylim old [-1.2876, 3.5489] new [-1.2876, 3.5489]; styles equal
   old line only                  #808080  322 vertices, error against the data 1.7e-08, distance to data grid 4.0e-08
   old with hypothetical zeros    #1b4f72  327 vertices, error against the data 1.7e-08, distance to data grid 4.0e-08
   old dotted line at tj[4]       #000000    2 vertices, error against the data n/a, distance to data grid 1.8e-03
   old axis 0                     #000000    2 vertices, error against the data 1.1e-08, distance to data grid 0.0e+00
   new line only                  #808080  321 vertices, error against the data 1.6e-08, distance to data grid 4.0e-08
   new with hypothetical zeros    #1b4f72  327 vertices, error against the data 1.7e-08, distance to data grid 4.0e-08
   new dotted line at tj[4]       #000000    2 vertices, error against the data n/a, distance to data grid 5.3e-09
   new axis 0                     #000000    2 vertices, error against the data 7.9e-09, distance to data grid 0.0e+00
== ag_almost panel 2: xlim old [283.1998, 300.7997] new [283.1997, 300.7997]; ylim old [-5.7416, 2.2497] new [-5.7417, 2.2498]; styles equal
   old line only                  #808080  276 vertices, error against the data 2.5e-08, distance to data grid 4.5e-08
   old with hypothetical zeros    #c0392b  286 vertices, error against the data 2.6e-08, distance to data grid 4.5e-08
   old dotted line at tj[4]       #000000    2 vertices, error against the data n/a, distance to data grid 1.8e-03
   old axis 0                     #000000    2 vertices, error against the data 1.1e-08, distance to data grid 0.0e+00
   new line only                  #808080  276 vertices, error against the data 2.7e-08, distance to data grid 4.6e-08
   new with hypothetical zeros    #c0392b  287 vertices, error against the data 3.0e-08, distance to data grid 4.6e-08
   new dotted line at tj[4]       #000000    2 vertices, error against the data n/a, distance to data grid 3.4e-08
   new axis 0                     #000000    2 vertices, error against the data 1.5e-09, distance to data grid 0.0e+00
== old_ag_cancel.pdf strokes 111 fills 47 Do 58 texts 308
ExtGState alphas {'A1': (0.0, 1.0), 'A2': (0.25, 1.0), 'A3': (1.0, 1.0), 'A4': (0.8, 0.8)}
clip box (47.45, 44.84, 306.33, 225.19)
   stroke colour (0.6902, 0.6902, 0.6902) lw 0.8 dash ([], 0) alpha 0.25: 13 paths, vertices [2, 2, 2, 2, 2, 2, 2, 2, 2, 2, 2, 2]
   stroke colour (0.7529, 0.2235, 0.1686) lw 1.5 dash ([], 0) alpha 1.0: 1 paths, vertices [10]
   stroke colour (0.7529, 0.2235, 0.1686) lw 0.6 dash ([0.6, 0.99], 0.0) alpha 1.0: 1 paths, vertices [2]
   stroke colour (0.8392, 0.5373, 0.0627) lw 1.5 dash ([], 0) alpha 1.0: 1 paths, vertices [10]
   stroke colour (0.8392, 0.5373, 0.0627) lw 0.6 dash ([0.6, 0.99], 0.0) alpha 1.0: 1 paths, vertices [2]
   stroke colour (0.1059, 0.3098, 0.4471) lw 1.5 dash ([], 0) alpha 1.0: 1 paths, vertices [10]
   stroke colour (0.1059, 0.3098, 0.4471) lw 0.6 dash ([0.6, 0.99], 0.0) alpha 1.0: 1 paths, vertices [2]
   stroke colour (0.502, 0.502, 0.502) lw 0.7 dash ([2.59, 1.12], 0.0) alpha 1.0: 1 paths, vertices [2]
clip box (338.89, 44.84, 597.76, 225.19)
   stroke colour (0.6902, 0.6902, 0.6902) lw 0.8 dash ([], 0) alpha 0.25: 12 paths, vertices [2, 2, 2, 2, 2, 2, 2, 2, 2, 2, 2, 2]
   stroke colour (0.502, 0.502, 0.502) lw 1.0 dash ([], 0) alpha 1.0: 1 paths, vertices [175]
   stroke colour (0.7529, 0.2235, 0.1686) lw 1.0 dash ([], 0) alpha 1.0: 1 paths, vertices [184]
   stroke colour (0.1059, 0.3098, 0.4471) lw 1.0 dash ([], 0) alpha 1.0: 1 paths, vertices [177]
   stroke colour (0.0, 0.0, 0.0) lw 0.6 dash ([], 0) alpha 1.0: 1 paths, vertices [2]
clip box (630.32, 44.84, 889.2, 225.19)
   stroke colour (0.6902, 0.6902, 0.6902) lw 0.8 dash ([], 0) alpha 0.25: 12 paths, vertices [2, 2, 2, 2, 2, 2, 2, 2, 2, 2, 2, 2]
   stroke colour (0.502, 0.502, 0.502) lw 1.0 dash ([], 0) alpha 1.0: 1 paths, vertices [331]
   stroke colour (0.7529, 0.2235, 0.1686) lw 1.0 dash ([], 0) alpha 1.0: 1 paths, vertices [331]
   stroke colour (0.1059, 0.3098, 0.4471) lw 1.0 dash ([], 0) alpha 1.0: 1 paths, vertices [327]
   stroke colour (0.0, 0.0, 0.0) lw 0.6 dash ([], 0) alpha 1.0: 1 paths, vertices [2]
fonts {"('F1', 10.0)": 72, "('F1', 9.0)": 105, "('F1', 6.5)": 122, "('F1', 7.0)": 2, "('F1', 6.3)": 7}
XObjects used {'F2-DejaVuSans-Oblique-alpha': 4, 'M0': 10, 'M1': 10, 'M2': 10, 'F2-DejaVuSans-Oblique-beta': 8, 'F1-DejaVuSans-minus': 10, 'F2-DejaVuSans-Oblique-theta': 2, 'F2-DejaVuSans-Oblique-gamma': 2, 'F2-DejaVuSans-Oblique-rho': 2}
== old_ag_cancel.pdf.paths.json panel 0: xlim [0.4985, 0.9715] ylim [-0.7500, 15.7498] (tick fit residuals 7.3e-10, 2.8e-08; 0.09149 data units per point in y)
   #c0392b lw 1.50 dash [[], 0]: 10 vertices, x [0.5200, 0.9500], y [-0.0000, 4.3606], min at x = 0.6000, median step 0.0500
   #c0392b lw 0.60 dash [[0.6, 0.99], 0.0]: 2 vertices, x [0.6000, 0.6000], y [-0.7500, 15.7500], min at x = 0.6000, median step 0.0000
   #d68910 lw 1.50 dash [[], 0]: 10 vertices, x [0.5200, 0.9500], y [-0.0000, 6.9484], min at x = 0.7500, median step 0.0500
   #d68910 lw 0.60 dash [[0.6, 0.99], 0.0]: 2 vertices, x [0.7500, 0.7500], y [-0.7500, 15.7500], min at x = 0.7500, median step 0.0000
   #1b4f72 lw 1.50 dash [[], 0]: 10 vertices, x [0.5200, 0.9500], y [-0.0000, 7.5535], min at x = 0.9000, median step 0.0500
   #1b4f72 lw 0.60 dash [[0.6, 0.99], 0.0]: 2 vertices, x [0.9000, 0.9000], y [-0.7500, 15.7500], min at x = 0.9000, median step 0.0000
   #808080 lw 0.70 dash [[2.59, 1.12], 0.0]: 2 vertices, x [0.4985, 0.9715], y [15.0000, 15.0000], min at x = 0.4985, median step 0.4730
   markers #c0392b: (0.520, 1.624) (0.550, 4.361) (0.600, -0.000) (0.650, -0.000) (0.700, -0.000) (0.750, -0.000) (0.800, -0.000) (0.850, -0.000) (0.900, -0.000) (0.950, -0.000)
   markers #d68910: (0.520, 0.404) (0.550, 1.036) (0.600, 2.278) (0.650, 4.032) (0.700, 6.948) (0.750, -0.000) (0.800, -0.000) (0.850, -0.000) (0.900, -0.000) (0.950, -0.000)
   markers #1b4f72: (0.520, 0.133) (0.550, 0.340) (0.600, 0.725) (0.650, 1.219) (0.700, 1.923) (0.750, 3.020) (0.800, 4.801) (0.850, 7.554) (0.900, -0.000) (0.950, -0.000)
== old_ag_cancel.pdf.paths.json panel 1: xlim [-4.3999, 4.3999] ylim [-2.0000, 3.9999] (tick fit residuals 7.1e-15, 1.2e-08; 0.03327 data units per point in y)
   #808080 lw 1.00 dash [[], 0]: 175 vertices, x [-4.0000, 4.0000], y [0.0691, 3.2367], min at x = -3.1600, median step 0.0300
   #c0392b lw 1.00 dash [[], 0]: 184 vertices, x [-4.0000, 4.0000], y [-1.2359, 3.2590], min at x = 0.0100, median step 0.0300
   #1b4f72 lw 1.00 dash [[], 0]: 177 vertices, x [-4.0000, 4.0000], y [0.0723, 3.2563], min at x = 0.1600, median step 0.0300
   #000000 lw 0.60 dash [[], 0]: 2 vertices, x [-4.4000, 4.4000], y [-0.0000, -0.0000], min at x = -4.4000, median step 8.8000
== old_ag_cancel.pdf.paths.json panel 2: xlim [-4.4001, 4.4000] ylim [-2.0000, 3.9999] (tick fit residuals 1.4e-14, 1.2e-08; 0.03327 data units per point in y)
   #808080 lw 1.00 dash [[], 0]: 331 vertices, x [-4.0000, 4.0000], y [0.3420, 3.7153], min at x = -4.0000, median step 0.0200
   #c0392b lw 1.00 dash [[], 0]: 331 vertices, x [-4.0000, 4.0000], y [-1.6239, 3.7213], min at x = 0.0000, median step 0.0200
   #1b4f72 lw 1.00 dash [[], 0]: 327 vertices, x [-4.0000, 4.0000], y [0.0247, 3.7211], min at x = 0.0500, median step 0.0200
   #000000 lw 0.60 dash [[], 0]: 2 vertices, x [-4.4000, 4.4000], y [-0.0000, -0.0000], min at x = -4.4000, median step 8.8000
== ag_cancel.pdf strokes 111 fills 47 Do 30 texts 316
ExtGState alphas {'A1': (0.0, 1.0), 'A2': (0.25, 1.0), 'A3': (1.0, 1.0), 'A4': (0.8, 0.8)}
clip box (45.08, 42.12, 304.51, 226.56)
   stroke colour (0.6902, 0.6902, 0.6902) lw 0.8 dash ([], 0) alpha 0.25: 13 paths, vertices [2, 2, 2, 2, 2, 2, 2, 2, 2, 2, 2, 2]
   stroke colour (0.7529, 0.2235, 0.1686) lw 1.5 dash ([], 0) alpha 1.0: 1 paths, vertices [10]
   stroke colour (0.7529, 0.2235, 0.1686) lw 0.6 dash ([0.6, 0.99], 0.0) alpha 1.0: 1 paths, vertices [2]
   stroke colour (0.8392, 0.5373, 0.0627) lw 1.5 dash ([], 0) alpha 1.0: 1 paths, vertices [10]
   stroke colour (0.8392, 0.5373, 0.0627) lw 0.6 dash ([0.6, 0.99], 0.0) alpha 1.0: 1 paths, vertices [2]
   stroke colour (0.1059, 0.3098, 0.4471) lw 1.5 dash ([], 0) alpha 1.0: 1 paths, vertices [10]
   stroke colour (0.1059, 0.3098, 0.4471) lw 0.6 dash ([0.6, 0.99], 0.0) alpha 1.0: 1 paths, vertices [2]
   stroke colour (0.502, 0.502, 0.502) lw 0.7 dash ([2.59, 1.12], 0.0) alpha 1.0: 1 paths, vertices [2]
clip box (337.43, 42.12, 596.85, 226.56)
   stroke colour (0.6902, 0.6902, 0.6902) lw 0.8 dash ([], 0) alpha 0.25: 12 paths, vertices [2, 2, 2, 2, 2, 2, 2, 2, 2, 2, 2, 2]
   stroke colour (0.502, 0.502, 0.502) lw 1.0 dash ([], 0) alpha 1.0: 1 paths, vertices [176]
   stroke colour (0.7529, 0.2235, 0.1686) lw 1.0 dash ([], 0) alpha 1.0: 1 paths, vertices [185]
   stroke colour (0.1059, 0.3098, 0.4471) lw 1.0 dash ([], 0) alpha 1.0: 1 paths, vertices [179]
   stroke colour (0.0, 0.0, 0.0) lw 0.6 dash ([], 0) alpha 1.0: 1 paths, vertices [2]
clip box (629.77, 42.12, 889.2, 226.56)
   stroke colour (0.6902, 0.6902, 0.6902) lw 0.8 dash ([], 0) alpha 0.25: 12 paths, vertices [2, 2, 2, 2, 2, 2, 2, 2, 2, 2, 2, 2]
   stroke colour (0.502, 0.502, 0.502) lw 1.0 dash ([], 0) alpha 1.0: 1 paths, vertices [333]
   stroke colour (0.7529, 0.2235, 0.1686) lw 1.0 dash ([], 0) alpha 1.0: 1 paths, vertices [332]
   stroke colour (0.1059, 0.3098, 0.4471) lw 1.0 dash ([], 0) alpha 1.0: 1 paths, vertices [327]
   stroke colour (0.0, 0.0, 0.0) lw 0.6 dash ([], 0) alpha 1.0: 1 paths, vertices [2]
fonts {"('F1', 10.0)": 48, "('F2', 10.0)": 5, "('F1', 9.0)": 107, "('F2', 9.0)": 4, "('F2', 6.5)": 9, "('F1', 6.5)": 122, "('F3', 10.0)": 10, "('F1', 7.0)": 2, "('F4', 9.0)": 2, "('F1', 6.3)": 7}
XObjects used {'M0': 10, 'M1': 10, 'M2': 10}
== ag_cancel.pdf.paths.json panel 0: xlim [0.4985, 0.9715] ylim [-0.7502, 15.7500] (tick fit residuals 7.3e-10, 2.8e-08; 0.08946 data units per point in y)
   #c0392b lw 1.50 dash [[], 0]: 10 vertices, x [0.5200, 0.9500], y [0.0000, 4.3606], min at x = 0.6000, median step 0.0500
   #c0392b lw 0.60 dash [[0.6, 0.99], 0.0]: 2 vertices, x [0.6000, 0.6000], y [-0.7500, 15.7500], min at x = 0.6000, median step 0.0000
   #d68910 lw 1.50 dash [[], 0]: 10 vertices, x [0.5200, 0.9500], y [0.0000, 6.9484], min at x = 0.7500, median step 0.0500
   #d68910 lw 0.60 dash [[0.6, 0.99], 0.0]: 2 vertices, x [0.7500, 0.7500], y [-0.7500, 15.7500], min at x = 0.7500, median step 0.0000
   #1b4f72 lw 1.50 dash [[], 0]: 10 vertices, x [0.5200, 0.9500], y [0.0000, 7.5535], min at x = 0.9000, median step 0.0500
   #1b4f72 lw 0.60 dash [[0.6, 0.99], 0.0]: 2 vertices, x [0.9000, 0.9000], y [-0.7500, 15.7500], min at x = 0.9000, median step 0.0000
   #808080 lw 0.70 dash [[2.59, 1.12], 0.0]: 2 vertices, x [0.4985, 0.9715], y [15.0000, 15.0000], min at x = 0.4985, median step 0.4730
   markers #c0392b: (0.520, 1.624) (0.550, 4.361) (0.600, 0.000) (0.650, 0.000) (0.700, 0.000) (0.750, 0.000) (0.800, 0.000) (0.850, 0.000) (0.900, 0.000) (0.950, 0.000)
   markers #d68910: (0.520, 0.404) (0.550, 1.036) (0.600, 2.278) (0.650, 4.032) (0.700, 6.948) (0.750, 0.000) (0.800, 0.000) (0.850, 0.000) (0.900, 0.000) (0.950, 0.000)
   markers #1b4f72: (0.520, 0.133) (0.550, 0.340) (0.600, 0.725) (0.650, 1.219) (0.700, 1.923) (0.750, 3.020) (0.800, 4.801) (0.850, 7.554) (0.900, 0.000) (0.950, 0.000)
== ag_cancel.pdf.paths.json panel 1: xlim [-4.3999, 4.3999] ylim [-2.0001, 4.0000] (tick fit residuals 1.0e-08, 1.5e-08; 0.03253 data units per point in y)
   #808080 lw 1.00 dash [[], 0]: 176 vertices, x [-4.0000, 4.0000], y [0.0693, 3.2367], min at x = -3.2200, median step 0.0300
   #c0392b lw 1.00 dash [[], 0]: 185 vertices, x [-4.0000, 4.0000], y [-1.2359, 3.2590], min at x = 0.0100, median step 0.0300
   #1b4f72 lw 1.00 dash [[], 0]: 179 vertices, x [-4.0000, 4.0000], y [0.0723, 3.2563], min at x = 0.1600, median step 0.0300
   #000000 lw 0.60 dash [[], 0]: 2 vertices, x [-4.4000, 4.4000], y [-0.0000, -0.0000], min at x = -4.4000, median step 8.8000
== ag_cancel.pdf.paths.json panel 2: xlim [-4.4001, 4.4000] ylim [-2.0001, 4.0000] (tick fit residuals 1.0e-08, 1.5e-08; 0.03253 data units per point in y)
   #808080 lw 1.00 dash [[], 0]: 333 vertices, x [-4.0000, 4.0000], y [0.3420, 3.7153], min at x = -4.0000, median step 0.0200
   #c0392b lw 1.00 dash [[], 0]: 332 vertices, x [-4.0000, 4.0000], y [-1.6239, 3.7213], min at x = -0.0000, median step 0.0200
   #1b4f72 lw 1.00 dash [[], 0]: 327 vertices, x [-4.0000, 4.0000], y [0.0247, 3.7211], min at x = 0.0500, median step 0.0200
   #000000 lw 0.60 dash [[], 0]: 2 vertices, x [-4.4000, 4.4000], y [-0.0000, -0.0000], min at x = -4.4000, median step 8.8000
== ag_cancel panel 0: xlim old [0.4985, 0.9715] new [0.4985, 0.9715]; ylim old [-0.7500, 15.7498] new [-0.7502, 15.7500]; styles equal
   old beta 0.6                   #c0392b   10 vertices, error against the data 6.3e-08, distance to data grid 0.0e+00
   old reference line             #c0392b    2 vertices, error against the data n/a, distance to data grid 0.0e+00
   old beta 0.75                  #d68910   10 vertices, error against the data 9.7e-08, distance to data grid 0.0e+00
   old reference line             #d68910    2 vertices, error against the data n/a, distance to data grid 0.0e+00
   old beta 0.9                   #1b4f72   10 vertices, error against the data 7.0e-08, distance to data grid 0.0e+00
   old reference line             #1b4f72    2 vertices, error against the data n/a, distance to data grid 0.0e+00
   old reference line             #808080    2 vertices, error against the data n/a, distance to data grid 0.0e+00
   old markers beta 0.6           #c0392b   10 vertices, error against the data 2.0e-08, distance to data grid 0.0e+00
   old markers beta 0.75          #d68910   10 vertices, error against the data 4.2e-08, distance to data grid 0.0e+00
   old markers beta 0.9           #1b4f72   10 vertices, error against the data 4.4e-08, distance to data grid 0.0e+00
   new beta 0.6                   #c0392b   10 vertices, error against the data 4.2e-08, distance to data grid 0.0e+00
   new reference line             #c0392b    2 vertices, error against the data n/a, distance to data grid 0.0e+00
   new beta 0.75                  #d68910   10 vertices, error against the data 8.3e-08, distance to data grid 0.0e+00
   new reference line             #d68910    2 vertices, error against the data n/a, distance to data grid 0.0e+00
   new beta 0.9                   #1b4f72   10 vertices, error against the data 4.0e-08, distance to data grid 0.0e+00
   new reference line             #1b4f72    2 vertices, error against the data n/a, distance to data grid 0.0e+00
   new reference line             #808080    2 vertices, error against the data n/a, distance to data grid 0.0e+00
   new markers beta 0.6           #c0392b   10 vertices, error against the data 3.7e-08, distance to data grid 0.0e+00
   new markers beta 0.75          #d68910   10 vertices, error against the data 4.8e-08, distance to data grid 0.0e+00
   new markers beta 0.9           #1b4f72   10 vertices, error against the data 2.5e-08, distance to data grid 0.0e+00
== ag_cancel panel 1: xlim old [-4.3999, 4.3999] new [-4.3999, 4.3999]; ylim old [-2.0000, 3.9999] new [-2.0001, 4.0000]; styles equal
   old background                 #808080  175 vertices, error against the data 1.8e-08, distance to data grid 1.9e-08
   old beta 0.7                   #c0392b  184 vertices, error against the data 1.8e-08, distance to data grid 1.9e-08
   old beta 0.9                   #1b4f72  177 vertices, error against the data 1.8e-08, distance to data grid 1.9e-08
   old axis 0                     #000000    2 vertices, error against the data 1.2e-08, distance to data grid 0.0e+00
   new background                 #808080  176 vertices, error against the data 1.7e-08, distance to data grid 2.0e-08
   new beta 0.7                   #c0392b  185 vertices, error against the data 1.7e-08, distance to data grid 2.0e-08
   new beta 0.9                   #1b4f72  179 vertices, error against the data 1.7e-08, distance to data grid 2.0e-08
   new axis 0                     #000000    2 vertices, error against the data 1.5e-08, distance to data grid 0.0e+00
== ag_cancel panel 2: xlim old [-4.4001, 4.4000] new [-4.4001, 4.4000]; ylim old [-2.0000, 3.9999] new [-2.0001, 4.0000]; styles equal
   old background                 #808080  331 vertices, error against the data 1.8e-08, distance to data grid 3.1e-08
   old beta 0.7                   #c0392b  331 vertices, error against the data 1.7e-08, distance to data grid 3.1e-08
   old beta 0.9                   #1b4f72  327 vertices, error against the data 1.8e-08, distance to data grid 3.1e-08
   old axis 0                     #000000    2 vertices, error against the data 1.2e-08, distance to data grid 0.0e+00
   new background                 #808080  333 vertices, error against the data 1.7e-08, distance to data grid 2.0e-08
   new beta 0.7                   #c0392b  332 vertices, error against the data 1.7e-08, distance to data grid 2.0e-08
   new beta 0.9                   #1b4f72  327 vertices, error against the data 1.7e-08, distance to data grid 2.0e-08
   new axis 0                     #000000    2 vertices, error against the data 1.5e-08, distance to data grid 0.0e+00
==== running render_png.py
old_ag_almost.png (1875, 525)
ag_almost.png (1875, 525)
cmp_ag_almost_panel0.png (954, 1600)
cmp_ag_almost_panel1.png (893, 1600)
cmp_ag_almost_panel2.png (905, 1600)
old_ag_cancel.png (1875, 525)
ag_cancel.png (1875, 525)
cmp_ag_cancel_panel0.png (954, 1600)
cmp_ag_cancel_panel1.png (893, 1600)
cmp_ag_cancel_panel2.png (905, 1600)
cmp_ag_almost_dip1.png (592, 3560)
cmp_ag_almost_dip2.png (591, 3560)
cmp_ag_cancel_dip1.png (570, 3560)
cmp_ag_cancel_dip2.png (570, 3560)
