[hopper_run] job 1242523 on hop061.orc.gmu.edu
== old_ag_almost.pdf strokes 106 fills 46 Do 32 texts 282
ExtGState alphas {'A1': (0.0, 1.0), 'A2': (0.25, 1.0), 'A3': (1.0, 1.0), 'A4': (0.8, 0.8)}
clip box (50.6, 42.68, 308.3, 225.19)
   stroke colour (0.6902, 0.6902, 0.6902) lw 0.8 dash ([], 0) alpha 0.25: 12 paths, vertices [2, 2, 2, 2, 2, 2, 2, 2, 2, 2, 2, 2]
   stroke colour (0.8392, 0.5373, 0.0627) lw 1.5 dash ([], 0) alpha 1.0: 1 paths, vertices [24]
   stroke colour (0.7529, 0.2235, 0.1686) lw 1.5 dash ([], 0) alpha 1.0: 1 paths, vertices [15]
   stroke colour (0.502, 0.502, 0.502) lw 1.5 dash ([1.5, 2.475], 0.0) alpha 1.0: 1 paths, vertices [3]
   stroke colour (0.0, 0.0, 0.0) lw 0.7 dash ([], 0) alpha 1.0: 1 paths, vertices [2]
clip box (340.99, 42.68, 598.69, 225.19)
   stroke colour (0.6902, 0.6902, 0.6902) lw 0.8 dash ([], 0) alpha 0.25: 12 paths, vertices [2, 2, 2, 2, 2, 2, 2, 2, 2, 2, 2, 2]
   stroke colour (0.502, 0.502, 0.502) lw 0.8 dash ([], 0) alpha 1.0: 1 paths, vertices [322]
   stroke colour (0.1059, 0.3098, 0.4471) lw 1.0 dash ([], 0) alpha 1.0: 1 paths, vertices [327]
   stroke colour (0.0, 0.0, 0.0) lw 0.5 dash ([0.5, 0.825], 0.0) alpha 1.0: 1 paths, vertices [2]
   stroke colour (0.0, 0.0, 0.0) lw 0.6 dash ([], 0) alpha 1.0: 1 paths, vertices [2]
clip box (631.37, 42.68, 889.07, 225.19)
   stroke colour (0.6902, 0.6902, 0.6902) lw 0.8 dash ([], 0) alpha 0.25: 15 paths, vertices [2, 2, 2, 2, 2, 2, 2, 2, 2, 2, 2, 2]
   stroke colour (0.502, 0.502, 0.502) lw 0.8 dash ([], 0) alpha 1.0: 1 paths, vertices [276]
   stroke colour (0.7529, 0.2235, 0.1686) lw 1.0 dash ([], 0) alpha 1.0: 1 paths, vertices [286]
   stroke colour (0.0, 0.0, 0.0) lw 0.5 dash ([0.5, 0.825], 0.0) alpha 1.0: 1 paths, vertices [2]
   stroke colour (0.0, 0.0, 0.0) lw 0.6 dash ([], 0) alpha 1.0: 1 paths, vertices [2]
fonts {"('F1', 10.0)": 50, "('F2', 10.0)": 1, "('F2', 9.0)": 4, "('F1', 9.0)": 87, "('F2', 6.3)": 2, "('F1', 6.3)": 6, "('F1', 6.5)": 132}
XObjects used {'F2-DejaVuSans-Oblique-alpha': 9, 'F1-DejaVuSans-lessequal': 1, 'F1-DejaVuSans-minus': 11, 'F2-DejaVuSans-Oblique-sigma': 5, 'F2-DejaVuSans-Oblique-theta': 2, 'F2-DejaVuSans-Oblique-rho': 2, 'F2-DejaVuSans-Oblique-beta': 2}
== old_ag_cancel.pdf strokes 111 fills 47 Do 58 texts 308
ExtGState alphas {'A1': (0.0, 1.0), 'A2': (0.25, 1.0), 'A3': (1.0, 1.0), 'A4': (0.8, 0.8)}
clip box (47.45, 44.84, 306.33, 225.19)
   stroke colour (0.6902, 0.6902, 0.6902) lw 0.8 dash ([], 0) alpha 0.25: 13 paths, vertices [2, 2, 2, 2, 2, 2, 2, 2, 2, 2, 2, 2]
   stroke colour (0.7529, 0.2235, 0.1686) lw 1.5 dash ([], 0) alpha 1.0: 1 paths, vertices [10]
   stroke colour (0.7529, 0.2235, 0.1686) lw 0.6 dash ([0.6, 0.99], 0.0) alpha 1.0: 1 paths, vertices [2]
   stroke colour (0.8392, 0.5373, 0.0627) lw 1.5 dash ([], 0) alpha 1.0: 1 paths, vertices [10]
   stroke colour (0.8392, 0.5373, 0.0627) lw 0.6 dash ([0.6, 0.99], 0.0) alpha 1.0: 1 paths, vertices [2]
   stroke colour (0.1059, 0.3098, 0.4471) lw 1.5 dash ([], 0) alpha 1.0: 1 paths, vertices [10]
   stroke colour (0.1059, 0.3098, 0.4471) lw 0.6 dash ([0.6, 0.99], 0.0) alpha 1.0: 1 paths, vertices [2]
   stroke colour (0.502, 0.502, 0.502) lw 0.7 dash ([2.59, 1.12], 0.0) alpha 1.0: 1 paths, vertices [2]
clip box (338.89, 44.84, 597.76, 225.19)
   stroke colour (0.6902, 0.6902, 0.6902) lw 0.8 dash ([], 0) alpha 0.25: 12 paths, vertices [2, 2, 2, 2, 2, 2, 2, 2, 2, 2, 2, 2]
   stroke colour (0.502, 0.502, 0.502) lw 1.0 dash ([], 0) alpha 1.0: 1 paths, vertices [175]
   stroke colour (0.7529, 0.2235, 0.1686) lw 1.0 dash ([], 0) alpha 1.0: 1 paths, vertices [184]
   stroke colour (0.1059, 0.3098, 0.4471) lw 1.0 dash ([], 0) alpha 1.0: 1 paths, vertices [177]
   stroke colour (0.0, 0.0, 0.0) lw 0.6 dash ([], 0) alpha 1.0: 1 paths, vertices [2]
clip box (630.32, 44.84, 889.2, 225.19)
   stroke colour (0.6902, 0.6902, 0.6902) lw 0.8 dash ([], 0) alpha 0.25: 12 paths, vertices [2, 2, 2, 2, 2, 2, 2, 2, 2, 2, 2, 2]
   stroke colour (0.502, 0.502, 0.502) lw 1.0 dash ([], 0) alpha 1.0: 1 paths, vertices [331]
   stroke colour (0.7529, 0.2235, 0.1686) lw 1.0 dash ([], 0) alpha 1.0: 1 paths, vertices [331]
   stroke colour (0.1059, 0.3098, 0.4471) lw 1.0 dash ([], 0) alpha 1.0: 1 paths, vertices [327]
   stroke colour (0.0, 0.0, 0.0) lw 0.6 dash ([], 0) alpha 1.0: 1 paths, vertices [2]
fonts {"('F1', 10.0)": 72, "('F1', 9.0)": 105, "('F1', 6.5)": 122, "('F1', 7.0)": 2, "('F1', 6.3)": 7}
XObjects used {'F2-DejaVuSans-Oblique-alpha': 4, 'M0': 10, 'M1': 10, 'M2': 10, 'F2-DejaVuSans-Oblique-beta': 8, 'F1-DejaVuSans-minus': 10, 'F2-DejaVuSans-Oblique-theta': 2, 'F2-DejaVuSans-Oblique-gamma': 2, 'F2-DejaVuSans-Oblique-rho': 2}
