[hopper_run] job 1242773 on hop061.orc.gmu.edu
panel 1 #808080 n 322 step 0.0500: max distance to grid 2.50e-02
panel 1 #808080 n 322 step 0.0100: max distance to grid 5.00e-03
panel 1 #808080 n 322 step 0.0050: max distance to grid 4.02e-08
panel 1 #808080 n 322 step 0.0025: max distance to grid 4.02e-08
panel 1 #808080 n 322 step 0.0020: max distance to grid 1.00e-03
panel 1 #808080 n 322 step 0.0010: max distance to grid 4.02e-08
   first x [284.0, 284.08, 284.16, 284.23, 284.295, 284.35, 284.4, 284.445, 284.49, 284.53, 284.57, 284.605]
   min 290.6799999898532 0.0691559364416583 neighbours [290.3, 290.405, 290.53, 290.68, 290.84, 290.98, 291.095] [0.094, 0.0816, 0.0731, 0.0692, 0.0709, 0.0781, 0.0896]
panel 1 #1b4f72 n 327 step 0.0500: max distance to grid 2.50e-02
panel 1 #1b4f72 n 327 step 0.0100: max distance to grid 5.00e-03
panel 1 #1b4f72 n 327 step 0.0050: max distance to grid 4.02e-08
panel 1 #1b4f72 n 327 step 0.0025: max distance to grid 4.02e-08
panel 1 #1b4f72 n 327 step 0.0020: max distance to grid 1.00e-03
panel 1 #1b4f72 n 327 step 0.0010: max distance to grid 4.02e-08
   first x [284.0, 284.08, 284.16, 284.23, 284.295, 284.35, 284.4, 284.445, 284.49, 284.53, 284.57, 284.605]
   min 292.4050000113176 -1.0677187079101453 neighbours [292.295, 292.375, 292.395, 292.405, 292.415, 292.43, 292.455] [-0.3847, -0.9985, -1.0616, -1.0677, -1.0565, -1.0089, -0.8647]
panel 2 #808080 n 276 step 0.0500: max distance to grid 2.50e-02
panel 2 #808080 n 276 step 0.0100: max distance to grid 5.00e-03
panel 2 #808080 n 276 step 0.0050: max distance to grid 4.52e-08
panel 2 #808080 n 276 step 0.0025: max distance to grid 4.52e-08
panel 2 #808080 n 276 step 0.0020: max distance to grid 1.00e-03
panel 2 #808080 n 276 step 0.0010: max distance to grid 4.52e-08
   first x [284.0, 284.08, 284.155, 284.225, 284.29, 284.35, 284.405, 284.455, 284.505, 284.555, 284.605, 284.655]
   min 296.8099999822625 0.13607573592407896 neighbours [296.395, 296.515, 296.655, 296.81, 296.97, 297.11, 297.225] [0.1766, 0.1557, 0.1418, 0.1361, 0.1399, 0.1529, 0.1732]
panel 2 #c0392b n 286 step 0.0500: max distance to grid 2.50e-02
panel 2 #c0392b n 286 step 0.0100: max distance to grid 5.00e-03
panel 2 #c0392b n 286 step 0.0050: max distance to grid 4.52e-08
panel 2 #c0392b n 286 step 0.0025: max distance to grid 4.52e-08
panel 2 #c0392b n 286 step 0.0020: max distance to grid 1.00e-03
panel 2 #c0392b n 286 step 0.0010: max distance to grid 4.52e-08
   first x [284.0, 284.08, 284.155, 284.225, 284.29, 284.35, 284.405, 284.455, 284.505, 284.555, 284.605, 284.655]
   min 292.40000001736666 -5.378366312895356 neighbours [292.3, 292.325, 292.35, 292.4, 292.405, 292.415, 292.485] [-0.2243, -0.8889, -2.0723, -5.3784, -5.3625, -4.9779, -0.7657]
panel 0 #d68910 x [0.5, 0.528428, 0.556856, 0.583612, 0.610368] ... [0.981605, 1.0, 1.0]
panel 0 #c0392b x [0.700669, 0.722408, 0.744147, 0.765886, 0.787625] ... [0.978261, 1.0, 1.0]
panel 0 #808080 x [0.5, 1.0, 1.0] ... [0.5, 1.0, 1.0]
panel 0 #000000 x [0.475, 1.025] ... [0.475, 1.025]
XObject b'20' b' /Type /XObject /Subtype /Form /BBox [ -1016 -351 1660 1068 ]\n/Length 277 /Filter /FlateDecode ' b'\n409 254 m\n410 367 l\n410 443 381 482 323 483 c\n279 483 244 465 218 429 c\n184 384 161 332 150 273 c\n136 201 137 148 155 114 c\n173 79 202 62 242 62 c\n285 62 325 96 362 166 c\n409 254 l\nh\n338 559 m\n440 561 490 509 489 404 c\n489 404 514 451 565 547 c\n645 547 l\n487 250 l\n486 144 l\n486 128 490 113 499 100 '
XObject b'21' b' /Type /XObject /Subtype /Form /BBox [ -1016 -351 1660 1068 ]\n/Length 204 /Filter /FlateDecode ' b'\n136 34 m\n89 -207 l\n0 -207 l\n145 543 l\n173 691 257 766 396 766 c\n536 766 595 703 572 578 c\n555 488 515 428 452 396 c\n537 366 571 308 555 221 c\n525 67 432 -9 275 -9 c\n205 -9 159 5 136 34 c\nh\n159 151 m\n184 94 229 66 293 66 c\n387 66 443 117 463 220 c\n481 311 414 353 262 347 c\n278 430 l\n396 428 465 480 '
XObject b'22' b' /Type /XObject /Subtype /Form /BBox [ -1016 -351 1660 1068 ]\n/Length 107 /Filter /FlateDecode ' b'\n233 461 m\n287 123 l\n540 547 l\n635 547 l\n308 0 l\n268 -207 l\n178 -207 l\n218 0 l\n154 408 l\n148 449 129 470 98 470 c\n74 470 l\n89 547 l\n123 547 l\n187 547 223 518 233 461 c\nh\nf'
XObject b'23' b' /Type /XObject /Subtype /Form /BBox [ -1016 -351 1660 1068 ]\n/Length 250 /Filter /FlateDecode ' b'\n188 449 m\n214 482 254 513 310 543 c\n331 554 371 560 431 560 c\n497 560 545 533 577 481 c\n608 428 615 359 599 273 c\n582 187 548 117 496 65 c\n444 13 385 -13 319 -13 c\n279 -13 246 -5 220 10 c\n194 25 175 49 163 82 c\n106 -207 l\n16 -207 l\n109 268 l\n123 343 150 403 188 449 c\nh\n506 273 m\n518 339 515 391 495'
XObject b'24' b' /Type /XObject /Subtype /Form /BBox [ -1016 -351 1660 1068 ]\n/Length 235 /Filter /FlateDecode ' b'\n455 347 m\n145 347 l\n131 249 131 180 145 139 c\n163 88 196 63 245 63 c\n293 63 336 88 374 139 c\n406 184 433 253 455 347 c\nh\n470 430 m\n478 522 477 584 466 617 c\n448 668 415 694 368 694 c\n318 694 274 668 238 618 c\n209 577 184 514 162 430 c\n470 430 l\nh\n382 768 m\n460 768 514 733 546 664 c\n577 595 581 500 '
XObject b'27' b' /Type /Font /BaseFont /BMQQDV+DejaVuSans /FirstChar 0 /LastChar 255\n/FontDescriptor 26 0 R /Subtype /Type3 /Name /BMQQD' b'1 j\n0 J\n\n0 -3 m\n0.795609 -3 1.55874 -2.683901 2.12132 -2.12132 c\n2.683901 -1.55874 3 -0.795609 3 0 c\n3 0.795609 2.683901 1.55874 2.12132 2.12132 c\n1.55874 2.683901 0.795609 3 0 3 c\n-0.795609 3 -1.55874 2.683901 -2.12132 2.12132 c\n-2.683901 1.55874 -3 0.795609 -3 0 c\n-3 -0.795609 -2.683901 -1.55874 -'
XObject b'14' b' /Type /XObject /Subtype /Form /BBox [ -8 -8 8 8 ] /Length 131\n/Filter /FlateDecode ' b'1 j\n0 J\n\n0 -3 m\n0.795609 -3 1.55874 -2.683901 2.12132 -2.12132 c\n2.683901 -1.55874 3 -0.795609 3 0 c\n3 0.795609 2.683901 1.55874 2.12132 2.12132 c\n1.55874 2.683901 0.795609 3 0 3 c\n-0.795609 3 -1.55874 2.683901 -2.12132 2.12132 c\n-2.683901 1.55874 -3 0.795609 -3 0 c\n-3 -0.795609 -2.683901 -1.55874 -'
XObject b'15' b' /Type /XObject /Subtype /Form /BBox [ -8 -8 8 8 ] /Length 131\n/Filter /FlateDecode ' b'1 j\n0 J\n\n0 -3 m\n0.795609 -3 1.55874 -2.683901 2.12132 -2.12132 c\n2.683901 -1.55874 3 -0.795609 3 0 c\n3 0.795609 2.683901 1.55874 2.12132 2.12132 c\n1.55874 2.683901 0.795609 3 0 3 c\n-0.795609 3 -1.55874 2.683901 -2.12132 2.12132 c\n-2.683901 1.55874 -3 0.795609 -3 0 c\n-3 -0.795609 -2.683901 -1.55874 -'
