[p13_arith_exact] job 1243543_0 on hop064.orc.gmu.edu, Model name: Intel(R) Xeon(R) Gold 6240R CPU @ 2.40GHz
dps 40, 18120 prime powers up to 200000, 1700 zeros up to 2197.25874704
[0.002, '1.00050012502', '0.782881080358', '2.55816727252e-26', '1.78338120537913', '1.78338120537913', 1.245945540852971e-26]
   Wa = 1.78338120537913214464030536703
   Wz = 1.78338120537913214464030536703
   Wa - Wz = 0.0 (agreement 40.0 digits), quadrature error estimate 1.5931e-63 (maxdegree None), 1.9 s
[0.005, '1.00125078158', '-0.464058817412', '7.21632179165e-11', '0.537191964091041', '0.537191964091041', 0.43579988723717356]
   Wa = 0.53719196409104089569863194611
   Wz = 0.53719196409104089569863194611
   Wa - Wz = 0.0 (agreement 40.0 digits), quadrature error estimate 1.5917e-51 (maxdegree None), 3.3 s
[0.01, '1.00250312761', '-0.852796716856', '8.39949584346e-6', '0.14969801125378', '0.14969801125378', 1.0932000435883618]
   Wa = 0.149698011253779577894581971772
   Wz = 0.149698011253779577894581971772
   Wa - Wz = -2.0089e-41 (agreement 39.9 digits), quadrature error estimate 1.6075e-50 (maxdegree None), 4.5 s
[0.02, '1.00501252086', '-0.984061166523', '0.00241006260475', '0.0185412917313195', '0.0185412917313195', 2.0310367798137863]
   Wa = 0.0185412917313194822541471579964
   Wz = 0.0185412917313194822541471579964
   Wa - Wz = 1.1479e-41 (agreement 39.2 digits), quadrature error estimate 1.5915e-47 (maxdegree None), 5.7 s
[0.05, '1.01257845154', '-0.954618576026', '0.0579139971637', '4.58783504857357e-5', '4.58783504857357e-5', 4.644841043125709]
   Wa = 0.0000458783504857357426852234550834
   Wz = 0.0000458783504857357426852234550834
   Wa - Wz = -9.3894e-42 (agreement 36.7 digits), quadrature error estimate 1.5915e-44 (maxdegree None), 6.8 s
[0.1, '1.02531512052', '-0.862509600916', '0.162805517504', '2.10479979582235e-9', '2.10479979582235e-9', 8.988676564317203]
   Wa = 0.00000000210479979582235128448970195508
   Wz = 0.00000000210479979582235128448970195508
   Wa - Wz = 5.4119e-42 (agreement 32.6 digits), quadrature error estimate 1.5915e-47 (maxdegree None), 8.1 s
[0.15, '1.03821199708', '-0.797633505377', '0.240578491705', '9.65642094572633e-14', '9.65642094572633e-14', 13.332499849332306]
   Wa = 9.65642094572633389520337106315e-14
   Wz = 9.65642094572633389520337106502e-14
   Wa - Wz = -1.8704e-41 (agreement 27.7 digits), quadrature error estimate 1.6075e-53 (maxdegree None), 9.6 s
[0.2, '1.05127109638', '-0.749753771569', '0.301517324807', '4.43018218022364e-18', '4.43018218022364e-18', 17.67632313388844]
   Wa = 4.43018218022364488425346816179e-18
   Wz = 4.43018218022364488425345114907e-18
   Wa - Wz = 1.7013e-41 (agreement 23.4 digits), quadrature error estimate 1.6075e-46 (maxdegree None), 11.0 s
[0.3, '1.07788415088', '-0.681851904552', '0.396032246333', '9.32464654810623e-27', '9.32464654810622e-27', 26.36396970300067]
   Wa = 9.32464654810623475717511664516e-27
   Wz = 9.32464654810622333027033666234e-27
   Wa - Wz = 1.1427e-41 (agreement 14.9 digits), quadrature error estimate 1.5916e-49 (maxdegree None), 12.3 s
done in 12.4 s
