job 1243500 on hop047.orc.gmu.edu: model name	: Intel(R) Xeon(R) Gold 6240R CPU @ 2.40GHz start Sat Sep 26 21:31:33 EDT 2026
1aad87255fada9723a9a522cb08c2ada  src/compare_bosch_v7.py
== Part 1: archived output against the rerun
  fixed script, blocks 1 to 3 {'lines': 36, 'identical_lines': 36, 'identical_but_timing': 0, 'numbers': 196, 'numbers_agree': 196, 'numbers_differ': 0, 'max_rel_diff': '0.0'}
  reconstruction supp_lines37_39.py {'lines': 3, 'identical_lines': 3, 'identical_but_timing': 0, 'numbers': 28, 'numbers_agree': 28, 'numbers_differ': 0, 'max_rel_diff': '0.0'}
  fixed script, blocks 4 to 12 {'lines': 53, 'identical_lines': 53, 'identical_but_timing': 0, 'numbers': 312, 'numbers_agree': 312, 'numbers_differ': 0, 'max_rel_diff': '0.0'}
  printed block 13 code on the ten stale cases (supp_gaps_table.py) {'lines': 10, 'identical_lines': 5, 'identical_but_timing': 1, 'numbers': 202, 'numbers_agree': 194, 'numbers_differ': 8, 'max_rel_diff': '0.667'}
  fixed script, block 13 {'lines': 6, 'identical_lines': 5, 'identical_but_timing': 1, 'numbers': 119, 'numbers_agree': 119, 'numbers_differ': 0, 'max_rel_diff': '0.0'}
  reconstruction supp_line109.py {'lines': 1, 'identical_lines': 1, 'identical_but_timing': 0, 'numbers': 4, 'numbers_agree': 4, 'numbers_differ': 0, 'max_rel_diff': '0.0'}
   line 94 (printed block 13 code on the ten stale cases (supp_gaps_table.py)): numbers 20, differing 2, text same True, timings ['0'] -> ['2']
   line 95 (printed block 13 code on the ten stale cases (supp_gaps_table.py)): numbers 20, differing 0, text same True, timings ['2'] -> ['3']
   line 97 (printed block 13 code on the ten stale cases (supp_gaps_table.py)): numbers 22, differing 2, text same True, timings ['0'] -> ['5']
   line 99 (printed block 13 code on the ten stale cases (supp_gaps_table.py)): numbers 20, differing 2, text same True, timings ['0'] -> ['3']
   line 100 (printed block 13 code on the ten stale cases (supp_gaps_table.py)): numbers 20, differing 2, text same True, timings ['0'] -> ['4']
   line 106 (fixed script, block 13): numbers 20, differing 0, text same True, timings ['3'] -> ['4']
== Part 2: fixed copy against the unchanged archived script: {'lines_fixed': 95, 'lines_equiv': 95, 'identical': 95, 'differ_only_in_timing': 0, 'other_differences': []}
== Part 3: 146 checks, 0 fail
  ok   boschB:72        min Im eps_h positive for (alpha,q)=(0.4,0.6): quoted > 0, got 8.79e-7 (line 11)
  ok   boschB:72        min Im eps_h positive for (alpha,q)=(0.4,0.55): quoted > 0, got 1.476e-6 (line 12)
  ok   boschB:72        min Im eps_h positive for (alpha,q)=(0.5,0.5): quoted > 0, got 1.571e-8 (line 14)
  ok   boschB:72        min Im eps_h positive for (alpha,q)=(0.3,0.7): quoted > 0, got 5.709e-7 (line 17)
  ok   boschB:72        min Im eps_h for (0.6,0.3): quoted -0.0114, got -0.01138 (line 16)
  ok   boschB:72        min Im eps_h for (0.5,0.6): quoted -191, got -191.0 (line 15)
  ok   boschB:72        min Im eps_h for (0.4,0.75): quoted -1.1e16, got -1.075e+16 (line 13)
  ok   boschB:72, app:bosch grid of 49 x 199 points (radii 10^(k/4), k=-24..24; angles j pi/200): quoted 49 x 199, got 49 x 199 (script lines 56, 57)
  ok   boschB:149, app:bosch ray scan: number of points: quoted 885, got 885.0 (line 10)
  ok   boschB:149       ray scan: minimum of Im eps_phi(r e^{i theta})/r: quoted 3.8e-4, got 0.00037816 (line 10)
  ok   boschB:149, app:bosch toy p_* = 1-0.2/pi: quoted 0.9363, got 0.936338 (line 18)
  ok   boschB:149       toy p=0.80: no poles in Omega, scan positive: quoted False, > 0, got 1.955e-9 (line 19)
  ok   boschB:149       toy p=0.90: no poles in Omega, scan positive: quoted False, > 0, got 6.214e-10 (line 20)
  ok   boschB:149       toy p=0.93: no poles in Omega, scan positive: quoted False, > 0, got 4.384e-10 (line 21)
  ok   boschB:149, app:bosch toy p=0.94: poles in Omega, scan stays positive: quoted True, > 0, got 3.901e-10 (line 22)
  ok   boschB:149, app:bosch toy p=0.97: poles in Omega, scan stays positive: quoted True, > 0, got 2.744e-10 (line 23)
  ok   boschB:149       toy p=1: minimum: quoted -2.08, got -2.082 (line 24)
  ok   boschB:149       toy p=1: radius of the minimum: quoted 178, got 178.0 (line 24)
  ok   boschB:149       toy p=1: angle/pi of the minimum: quoted 0.965, got 0.965 (line 24)
  ok   app:bosch        sign test: no violation at p=0.95: quoted [None, None, None, None], got [None, None, None, None] (line 8)
  ok   app:bosch        sign test: violation at p=1: quoted first entry 29, got [29, None, None, None] (line 9)
  ok   app:bosch        toy p=0.94: pole angle/pi 0.9961, radius 274.52; beyond the last ray 0.995 or between grid radii 177.8 and 316.2: quoted between grid points or beyond the last ray, got angle beyond last ray (arithmetic from script lines 57, 78)
  ok   app:bosch        toy p=0.97: pole angle/pi 0.9653, radius 230.75; beyond the last ray 0.995 or between grid radii 177.8 and 316.2: quoted between grid points or beyond the last ray, got radius between grid radii (arithmetic from script lines 57, 78)
  ok   boschB:172       log phi(s^p) reproduced to all ten printed digits (line 33): quoted equal, got -0.02308645471 | -0.02308645471 (line 33)
  ok   boschB:172       log phi(s^p) reproduced to all ten printed digits (line 34): quoted equal, got -0.07288004392 | -0.07288004392 (line 34)
  ok   boschB:172       log phi(s^p) reproduced to all ten printed digits (line 35): quoted equal, got -0.02308645471 | -0.02308645471 (line 35)
  ok   boschB:172       log phi(s^p) reproduced to all ten printed digits (line 36): quoted equal, got -0.1823802136 | -0.1823802136 (line 36)
  ok   boschB:172       log phi(s^p) at p=0.9, s=10: quoted -0.1823802136, got -0.1823802136 (line 36)
  ok   boschB:172       p=0.5, tau=100: zero sum, 30 zeros: quoted 2.74 x 0.0001, got 0.00027362781 (line 26)
  ok   boschB:172       p=0.5, tau=100: zero sum, 100 zeros: quoted 3.18 x 0.0001, got 0.000317988 (line 37 (reconstructed))
  ok   boschB:172       p=0.5, tau=100: zero sum, 200 zeros: quoted 3.35 x 0.0001, got 0.000334699 (line 37 (reconstructed))
  ok   boschB:172       p=0.5, tau=100: exact u_p: quoted 3.67 x 0.0001, got 0.00036749844 (line 26)
  ok   boschB:172       p=0.9, tau=gamma_1^(2/p): zero sum, 30 zeros: quoted 3.504 x 0.001, got 0.003504334 (line 31)
  ok   boschB:172       p=0.9, tau=gamma_1^(2/p): zero sum, 100 zeros: quoted 3.644 x 0.001, got 0.00364394 (line 38 (reconstructed))
  ok   boschB:172       p=0.9, tau=gamma_1^(2/p): zero sum, 200 zeros: quoted 3.696 x 0.001, got 0.00369577 (line 38 (reconstructed))
  ok   boschB:172       p=0.9, tau=gamma_1^(2/p): exact u_p: quoted 3.797 x 0.001, got 0.003797116 (line 31)
  ok   boschB:172, app:bosch u_p positive on 148 points: quoted 148 points, min > 0, got 148 points, min 9.995e-8 (line 39 (reconstructed))
  ok   boschB:306       series and eta form agree to fifteen digits (line 40): quoted equal, got 0.00034769345992343 | 0.00034769345992343 (line 40)
  ok   boschB:306       series and eta form agree to fifteen digits (line 41): quoted equal, got 0.690050269211105 | 0.690050269211105 (line 41)
  ok   boschB:306       series and eta form agree to fifteen digits (line 42): quoted equal, got 0.467927261554653 | 0.467927261554653 (line 42)
  ok   boschB:306       series and eta form agree to fifteen digits (line 43): quoted equal, got 0.0633908642552182 | 0.0633908642552182 (line 43)
  ok   boschB:306       int e^{-2t} f_C: quoted 0.214383752348, got 0.214383752348 (line 44)
  ok   boschB:306       sech(pi/sqrt 2): quoted 0.214383752348, got 0.214383752348 (line 44)
  ok   boschB:273-277   Table bs:tab:prime, p=0.5: strip exit t_e: quoted 0.707, got 0.70718 (line 61)
  ok   boschB:273-277   Table bs:tab:prime, p=0.5: t_1: quoted 4.07, got 4.0694 (line 61)
  ok   boschB:273-277   Table bs:tab:prime, p=0.5: t_1/t_e: quoted 5.75, got 5.75440481914 (line 61)
  ok   boschB:273-277   Table bs:tab:prime, p=0.5: tau_1: quoted 274, got 274.23 (line 61)
  ok   boschB:273-277   Table bs:tab:prime, p=0.9: strip exit t_e: quoted 3.20, got 3.1965 (line 62)
  ok   boschB:273-277   Table bs:tab:prime, p=0.9: t_1: quoted 11.1, got 11.084 (line 62)
  ok   boschB:273-277   Table bs:tab:prime, p=0.9: t_1/t_e: quoted 3.47, got 3.46754262475 (line 62)
  ok   boschB:273-277   Table bs:tab:prime, p=0.9: tau_1: quoted 210, got 209.66 (line 62)
  ok   boschB:273-277   Table bs:tab:prime, p=0.99: strip exit t_e: quoted 31.8, got 31.835 (line 63)
  ok   boschB:273-277   Table bs:tab:prime, p=0.99: t_1: quoted 69.6, got 69.648 (line 63)
  ok   boschB:273-277   Table bs:tab:prime, p=0.99: t_1/t_e: quoted 2.19, got 2.18778074446 (line 63)
  ok   boschB:273-277   Table bs:tab:prime, p=0.99: tau_1: quoted 5.29e3, got 5285.1 (line 63)
  ok   boschB:273-277   Table bs:tab:prime, p=0.999: strip exit t_e: quoted 318, got 318.34 (line 64)
  ok   boschB:273-277   Table bs:tab:prime, p=0.999: t_1: quoted 553, got 553.21 (line 64)
  ok   boschB:273-277   Table bs:tab:prime, p=0.999: t_1/t_e: quoted 1.74, got 1.7377960671 (line 64)
  ok   boschB:273-277   Table bs:tab:prime, p=0.999: tau_1: quoted 3.10e5, got 309940.0 (line 64)
  ok   boschB:273-277   Table bs:tab:prime, p=0.9999: strip exit t_e: quoted 3183, got 3183.4 (line 65)
  ok   boschB:273-277   Table bs:tab:prime, p=0.9999: t_1: quoted 4818, got 4818.3 (line 65)
  ok   boschB:273-277   Table bs:tab:prime, p=0.9999: t_1/t_e: quoted 1.51, got 1.51357039643 (line 65)
  ok   boschB:273-277   Table bs:tab:prime, p=0.9999: tau_1: quoted 2.33e7, got 23255000.0 (line 65)
  ok   boschB:265       -zeta'/zeta(sigma) < 1/(sigma-1) at 80 points, 10^-5.9 <= sigma-1 <= 10^2: quoted True, got True (line 66, script line 217)
  ok   boschB:285       p=0.9999: leading term ratio 1+4/log(t_e/2 pi): quoted 1.64, got 1.64228824964 (arithmetic)
  ok   boschB:285       p=0.9999: sign change of m_p, as a ratio to t_e: quoted 1.53, got 1.53272863213 (recomputed with block 7's L, bisection between grid points)
  ok   boschB:285       p=0.9999: last grid point with m_p <= 0, as a ratio to t_e: quoted 1.51, got 1.51371260456 (recomputed with block 7's L)
  ok   boschB:341       c_1: quoted 10163.5, got 10163.547 (line 50)
  ok   boschB:341       c_1/gamma_1^2: quoted 50.87, got 50.871036 (line 50)
  ok   boschA:128, boschB:341 A_1: quoted 50.9, got 50.871036 (line 50)
  ok   boschB:341       c_n alternate in sign for n <= 200: quoted True, got True (line 51)
  ok   boschB:341       smallest gap gamma_{n+1}^2-gamma_n^2: quoted 159, got 159.045 (line 52)
  ok   boschB:341       smallest gap at n=4: quoted n=4, got n=4 (line 52)
  ok   boschB:341       log|c_n|/gamma_n^2 at n=1: quoted 0.0462, got 0.046181 (line 53)
  ok   boschB:341       log|c_n|/gamma_n^2 at n=10: quoted 0.0144, got 0.014407 (line 53)
  ok   boschB:341       log|c_n|/gamma_n^2 at n=50: quoted 0.00524, got 0.0052359 (line 53)
  ok   boschB:341       log|c_n|/gamma_n^2 at n=100: quoted 0.00322, got 0.0032204 (line 53)
  ok   boschB:341       log|c_n|/gamma_n^2 at n=200: quoted 0.00195, got 0.0019464 (line 53)
  ok   boschB:341       log|c_n|/gamma_n^2 tracks pi/(4 gamma_n): quoted ratio near 1, got 0.831, 0.913, 0.954, 0.97, 0.982 (lines 53, 54)
  ok   boschB:341       t=0.02: residue series: quoted 80.10419773, got 80.10419773 (line 58)
  ok   boschB:341       t=0.02: Talbot: quoted 80.10419773, got 80.10419773 (line 58)
  ok   boschB:341       t=0.005: residue series: quoted 6.537917064e-24, got 6.537917064e-24 (line 59)
  ok   boschB:341       t=0.005: series and Talbot agree to nine digits: quoted rel diff < 1e-9 but not to ten digits, got rel diff 1.53e-10 (line 59)
  ok   app:bosch        t=0.003: the Talbot value is negative (line 56): quoted < 0, got -1.1098e-18 (line 56)
  ok   app:bosch        t=0.003: the Talbot value is negative (line 60): quoted < 0, got -1.1904e-31 (line 60)
  ok   boschB:341, app:bosch t=0.003: density (150 digits, N=250): quoted 3.3e-72, got 3.32007507753e-72 (residue_hp.json)
  ok   boschB:341, app:bosch t=0.003: largest term: quoted 2.7e20, got 2.6942e+20 (residue_hp.json)
  ok   boschB:341, app:bosch t=0.003: digits that cancel: quoted 92, got 91.91 (residue_hp.json)
  ok   boschB:341, app:bosch t=0.003: more digits cancel than the 90 of line 60 and the 25 of line 56: quoted > 90, got 91.91 (residue_hp.json)
  ok   boschB:341       t=0.02: 150 digit series, 200 zeros, against line 58: quoted 80.10419773, got 80.1041977273 (residue_hp.json)
  ok   boschB:341       t=0.005: 150 digit series, 200 zeros, against line 59: quoted 6.537917064e-24, got 6.5379170642e-24 (residue_hp.json)
  ok   boschB:341       t=0.003: Talbot at 150 digits against the 150 digit series (N=250): quoted agree, got 3.320075077529 vs 3.32007507752996e-72, rel diff 1.46e-15 (talbot_0.003.json)
  ok   boschB:341       t=0.005: Talbot at 150 digits against the 150 digit series (N=250): quoted agree, got 6.537917064198 vs 6.53791706419889e-24, rel diff 7.12e-16 (talbot_0.005.json)
  ok   boschB:375       Sigma_off < 2e-11: quoted < 2e-11, got 1.982e-11 (line 85)
  ok   boschB:375       kappa < 8e-9: quoted < 8e-9, got 7.92e-9 (line 85)
  ok   boschB:375       A > 0.99989: quoted > 0.99989, got 0.9998995911 (line 85)
  ok   boschB:377       each pair term below exp(-1.8e13): quoted log bound < -1.8e13, got -1.88496e+13 (line 86)
  ok   boschB:412       pair kernel: FT equals q(t^2) (line 81): quoted equal, got 1.0 | 1.0 (line 81)
  ok   boschB:412       pair kernel: FT equals q(t^2) (line 82): quoted equal, got 0.914506090391 | 0.914506090391 (line 82)
  ok   boschB:412       pair kernel: FT equals q(t^2) (line 83): quoted equal, got 0.439440954571 | 0.439440954571 (line 83)
  ok   boschB:390       (log g)'' <= -2.2 on [0,1]: quoted max <= -2.2, got -2.2266237529322552 (line 77)
  ok   boschA:192, boschB:397 gamma_2-gamma_1: quoted 6.8873, got 6.887314497 (line 68)
  ok   boschB:412       b_1: quoted 359.52, got 359.52406 (line 68)
  ok   boschB:412       b_2: quoted -28007, got -28007.158 (line 68)
  ok   boschB:412       b_3: quoted 392918, got 392917.58 (line 68)
  ok   boschB:412       g(0): quoted 1.8994210510, got 1.89942105102 (line 67)
  ok   boschB:412       quadrature and series agree to eleven digits at u=1 and u=1.2+0.3i: quoted rel diff <= 5e-11, got 2.59e-14, 1.5298956985109883e-11 (lines 69, 70)
  ok   boschB:412       v_* = pi/(gamma_2-gamma_1): quoted 0.45614, got 0.4561418903 (line 68)
  ok   boschB:412       scan of 4840 points: no value below -1.3e-15: quoted 4840 points, min >= -1.3e-15, got -1.2990e-15 (line 76)
  ok   boschB:412       min at v=0.999 v_* (40 digits): quoted 1.0e-27, got 1.01748e-27 (line 78)
  ok   boschB:412       min at v=1.001 v_*: quoted -6.5e-8, got -6.4965e-8 (line 79)
  ok   boschB:412       min at v=1.01 v_*: quoted -3.6e-5, got -3.626e-5 (line 74)
  ok   boschB:412       min at v=1.1 v_*: quoted -2.1e-2, got -0.020556 (line 75)
  ok   boschB:412       asymptotic formula at x=8, v=v_*/2 to eight digits: quoted equal to 8 digits, got 6.3184353e-22 | 6.3184353e-22 (line 80)
  ok   boschA:128       A_1 = 2 b_1/gamma_1: quoted 50.9, got 50.8710365989 (line 68)
  ok   boschA:128       A_2 = 2 b_2/gamma_2: quoted -2664.6, got -2664.55191611 (line 68)
  ok   boschA:128       A_3 = 2 b_3/gamma_3: quoted 31420, got 31419.7606972 (line 68)
  ok   boschA:128       three terms against the Fourier integral at y=1.0, relative error: quoted 3e-3, got 0.00301660159019 (block 9 quadrature (fixed/chi_nodes.npz), b_n of line 68)
  ok   boschA:128       three terms against the Fourier integral at y=1.2, relative error: quoted 1.4e-4, got 0.000137775886673 (block 9 quadrature (fixed/chi_nodes.npz), b_n of line 68)
  ok   boschB:426-437   Table bs:tab:gaps, removed [2, 3] (first gap 3, largest gap 3): beta_*: quoted 3.000, got 2.99997 (block 13 (fixed run))
  ok   boschB:426-437   Table bs:tab:gaps, removed [2, 3, 5, 6] (first gap 3, largest gap 3): beta_*: quoted 3.000, got 3.0 (block 13 (fixed run))
  ok   boschB:426-437   Table bs:tab:gaps, removed [3, 4] (first gap 1, largest gap 3): beta_*: quoted 1.483, got 1.48313 (block 13 (fixed run))
  ok   boschB:426-437   Table bs:tab:gaps, removed [4, 5] (first gap 1, largest gap 3): beta_*: quoted 1.317, got 1.31671 (block 13 (fixed run))
  ok   boschB:426-437   Table bs:tab:gaps, removed [3] (first gap 1, largest gap 2): beta_*: quoted 1.269, got 1.26914 (block 13 (fixed run))
  ok   boschB:426-437   Table bs:tab:gaps, removed [] (first gap 1, largest gap 1): beta_*: quoted 1.000, got 1.0 (block 13 (fixed run))
  ok   boschB:426-437   Table bs:tab:gaps, removed [2] (first gap 2, largest gap 2): beta_*: quoted 2.000, got 2.0 (printed block 13 code, supp_gaps_table.py)
  ok   boschB:437       Table bs:tab:gaps [2, 3]: block 13 and supp_gaps_table.py agree: quoted same line, got 2.99997 (printed block 13 code, supp_gaps_table.py)
  ok   boschB:426-437   Table bs:tab:gaps, removed [2, 4] (first gap 2, largest gap 2): beta_*: quoted 2.000, got 2.0 (printed block 13 code, supp_gaps_table.py)
  ok   boschB:426-437   Table bs:tab:gaps, removed [2, 3, 6] (first gap 3, largest gap 3): beta_*: quoted 3.000, got 2.99999 (printed block 13 code, supp_gaps_table.py)
  ok   boschB:437       Table bs:tab:gaps [2, 3, 5, 6]: block 13 and supp_gaps_table.py agree: quoted same line, got 3.0 (printed block 13 code, supp_gaps_table.py)
  ok   boschB:426-437   Table bs:tab:gaps, removed [2, 3, 4] (first gap 4, largest gap 4): beta_*: quoted 4.000, got 3.99967 (printed block 13 code, supp_gaps_table.py)
  ok   boschB:437       Table bs:tab:gaps [3, 4]: block 13 and supp_gaps_table.py agree: quoted same line, got 1.48313 (printed block 13 code, supp_gaps_table.py)
  ok   boschB:437       Table bs:tab:gaps [4, 5]: block 13 and supp_gaps_table.py agree: quoted same line, got 1.31671 (printed block 13 code, supp_gaps_table.py)
  ok   boschB:426-437   Table bs:tab:gaps, removed [2, 5] (first gap 2, largest gap 2): beta_*: quoted 2.000, got 2.0 (printed block 13 code, supp_gaps_table.py)
  ok   boschB:437       Table bs:tab:gaps [3]: block 13 and supp_gaps_table.py agree: quoted same line, got 1.26914 (printed block 13 code, supp_gaps_table.py)
  ok   boschB:437       Table bs:tab:gaps []: block 13 and supp_gaps_table.py agree: quoted same line, got 1.0 (printed block 13 code, supp_gaps_table.py)
  ok   boschB:418       bisection grid 0 <= x <= 16: quoted xs = k/5, k=0..80, got xs=[mp.mpf(k)/5 for k in range(0,81)] (script line 399)
  ok   boschB:444       first gap among the first 1000 zeros: quoted 6.8873, got 6.8873145 (line 109 (reconstructed))
  ok   boschB:444       next largest gap gamma_4-gamma_3: quoted 5.414, got 5.41402 (line 109 (reconstructed))
  ok   boschB:444       the next largest gap is at n=3 (gamma_4-gamma_3): quoted n=3, got 5.41402 at n= 3 (line 109 (reconstructed))
  ok   boschB:444       height of zero 1000: quoted 1419, got 1419.42248095 (supp_line109.py extra line)
  ok   boschB:444       first 1000 zeros (not n<1000): same largest later gap: quoted 5.414 at n=3, got irst 1000 zeros: first gap 6.887314497, largest later gap 5.4140185 at n=3, next ones [(8, '4.67808'), (5, '4.6 (supp_line109.py extra line)
  ok   boschB:444       Trudgian: every (T, T+6.8873] contains an ordinate for T >= this: quoted 1.34e4, got 13371.2496585 (arithmetic)
  ok   boschB:444       mean spacing 2 pi/log(T/2 pi) below 1.2 on [1419, 1.34e4]: quoted < 1.2, got 1.159 (arithmetic)
  ok   app:bosch        block starts in the script: 1,51,87,117,149,183,200,220,241,295,319,344,389: quoted as in Table tab:app:bosch, got [1, 51, 87, 117, 149, 183, 200, 220, 241, 295, 319, 344, 389] (src/verify_bosch_xi_v7.py)
  ok   app:bosch        output lines per file of the fixed run: 10,14,12,10,17,14,6,6,6: quoted 1-10, 11-24, 25-36, 40-49, 50-66, 67-80, 81-86, 87-92, 103-108, got [10, 14, 12, 10, 17, 14, 6, 6, 6] (fixed/*_output.txt)
compare rc=0 end Sat Sep 26 21:31:36 EDT 2026
