job 1242815 on hop060.orc.gmu.edu: model name	: Intel(R) Xeon(R) Gold 6240R CPU @ 2.40GHz
7ad57c0957ef4851617c32735be6d001  /scratch/vsokolov/rh_book_repro/book_data/spacing.json
== spacing.py, ordinates computed by the script
ordinates: computed with mpmath.zetazero at 30 digits and saved ; gamma_1 = 14.134725141734695 , gamma_1700 = 2197.258747040206
spacing.json: coef 5.4150940202 mean 0.99998322397 var 0.146254553301 min 0.089252914107, 79 leaks
Arb zeros: 1700 of 1700 identical in float64, max abs diff 0; Arb theta: 1700 identical, max abs diff 0
smallest spacing 0.0892529141 between gamma_1496 = 1977.1739 and gamma_1497 = 1977.2714
sum of leaks 0.3347237; kappa_cell from Xi'/Xi 5.4366510; -Xi'(200)/(pi Xi(200)) 0.3981063
done in 53.2 s
== spacing.py, zero lists of the earlier rerun
ordinates: loaded from g_1_400.npy, g_401_1000.npy, g_1001_1700.npy ; gamma_1 = 14.134725141734695 , gamma_1700 = 2197.258747040206
spacing.json: coef 5.4150940202 mean 0.99998322397 var 0.146254553301 min 0.089252914107, 79 leaks
Arb zeros: 1700 of 1700 identical in float64, max abs diff 0; Arb theta: 1700 identical, max abs diff 0
smallest spacing 0.0892529141 between gamma_1496 = 1977.1739 and gamma_1497 = 1977.2714
sum of leaks 0.3347237; kappa_cell from Xi'/Xi 5.4366510; -Xi'(200)/(pi Xi(200)) 0.3981063
done in 10.6 s
== zero lists: fresh against the earlier rerun
g_1_400.npy identical
g_401_1000.npy identical
g_1001_1700.npy identical
== extras and histogram: fresh against npy
3c3
<  "ordinates": "computed with mpmath.zetazero at 30 digits and saved",
---
>  "ordinates": "loaded from g_1_400.npy, g_401_1000.npy, g_1001_1700.npy",
spacing_hist.json identical
== comparison with the archived file
fresh/spacing.json against /scratch/vsokolov/rh_book_repro/book_data/spacing.json
  83 numbers, 83 identical in float64, 0 beyond relative 1e-9, max relative difference 0.0
npy/spacing.json against /scratch/vsokolov/rh_book_repro/book_data/spacing.json
  83 numbers, 83 identical in float64, 0 beyond relative 1e-9, max relative difference 0.0
npy/spacing.json against fresh/spacing.json
  83 numbers, 83 identical in float64, 0 beyond relative 1e-9, max relative difference 0.0
fresh/spacing.json is byte identical to the archived file
== candidate figure against the book's fig/spacing.pdf
195985f224e27b1c38955f3710c851c7  book_fig_spacing.pdf
{
 "book": {
  "bars": 40,
  "bins_in_hist": 40,
  "nonzero_bins": 40,
  "max_edge_diff": 5.9150638831440006e-09,
  "max_height_diff": 4.136014197797522e-09,
  "max_rel_height_diff": 2.831646119178761e-07
 },
 "candidate": {
  "bars": 40,
  "bins_in_hist": 40,
  "nonzero_bins": 40,
  "max_edge_diff": 5.9150638831440006e-09,
  "max_height_diff": 5.73991121299855e-09,
  "max_rel_height_diff": 2.2147587022476855e-07
 },
 "first_edges_book": [
  0.0892529091531694,
  0.14208324753242493,
  0.19491358591168043
 ],
 "first_edges_hist": [
  0.08925291410696445,
  0.14208325154202725,
  0.19491358897709005
 ],
 "heights_book_first5": [
  0.022281951352281365,
  0.022281951352281365,
  0.0668458540568441,
  0.1336917081136882,
  0.12255073586132716
 ],
 "density_first5": [
  0.022281951890380472,
  0.022281951890380472,
  0.06684585567114137,
  0.1336917113422829,
  0.12255073539709253
 ]
}
== end
