[hopper_run] job 1242659 on hop047.orc.gmu.edu
== book_fig_spacing.pdf : streams 37 rectangles 102 long paths 11 alpha settings ['/ca 0.8', '/ca 1']
rect (0.0, 0.0, 432.0, 244.8, 'f')
rect (33.64, 41.96, 421.2, 217.92, 'f')
rect (33.64, 41.96, 421.2, 217.92000000000002, 're')
rect (61.738442, 41.96, 67.942965, 45.213999, 'B')
rect (33.64, 41.96, 421.2, 217.92000000000002, 're')
rect (67.942965, 41.96, 74.147488, 45.213999, 'B')
rect (33.64, 41.96, 421.2, 217.92000000000002, 're')
rect (74.147488, 41.96, 80.352011, 51.721997, 'B')
rect (33.64, 41.96, 421.2, 217.92000000000002, 're')
rect (80.352011, 41.96, 86.556534, 61.483994, 'B')
rect (33.64, 41.96, 421.2, 217.92000000000002, 're')
rect (86.556534, 41.96, 92.761057, 59.856995, 'B')
rect (33.64, 41.96, 421.2, 217.92000000000002, 're')
rect (92.761057, 41.96, 98.96558, 110.293981, 'B')
rect (33.64, 41.96, 421.2, 217.92000000000002, 're')
rect (98.96558, 41.96, 105.170103, 89.142987, 'B')
rect (33.64, 41.96, 421.2, 217.92000000000002, 're')
rect (105.170103, 41.96, 111.374625, 107.039982, 'B')
rect (33.64, 41.96, 421.2, 217.92000000000002, 're')
rect (111.374625, 41.96, 117.579148, 123.309977, 'B')
rect (33.64, 41.96, 421.2, 217.92000000000002, 're')
rect (117.579148, 41.96, 123.783671, 149.341969, 'B')
rect (33.64, 41.96, 421.2, 217.92000000000002, 're')
rect (123.783671, 41.96, 129.988194, 168.865964, 'B')
rect (33.64, 41.96, 421.2, 217.92000000000002, 're')
rect (129.988194, 41.96, 136.192717, 194.897957, 'B')
rect (33.64, 41.96, 421.2, 217.92000000000002, 're')
rect (136.192717, 41.96, 142.39724, 193.270957, 'B')
rect (33.64, 41.96, 421.2, 217.92000000000002, 're')
rect (142.39724, 41.96, 148.601763, 196.524956, 'B')
rect (33.64, 41.96, 421.2, 217.92000000000002, 're')
rect (148.601763, 41.96, 154.806286, 209.540952, 'B')
rect (33.64, 41.96, 421.2, 217.92000000000002, 're')
rect (154.806286, 41.96, 161.010809, 186.762959, 'B')
rect (33.64, 41.96, 421.2, 217.92000000000002, 're')
rect (161.010809, 41.96, 167.215332, 193.270957, 'B')
rect (33.64, 41.96, 421.2, 217.92000000000002, 're')
rect (167.215332, 41.96, 173.419854, 170.492963, 'B')
rect (33.64, 41.96, 421.2, 217.92000000000002, 're')
rect (173.419854, 41.96, 179.624377, 181.88196, 'B')
rect (33.64, 41.96, 421.2, 217.92000000000002, 're')
rect (179.624377, 41.96, 185.8289, 154.222968, 'B')
rect (33.64, 41.96, 421.2, 217.92000000000002, 're')
rect (185.8289, 41.96, 192.033423, 159.103967, 'B')
rect (33.64, 41.96, 421.2, 217.92000000000002, 're')
rect (192.033423, 41.96, 198.237946, 154.222968, 'B')
rect (33.64, 41.96, 421.2, 217.92000000000002, 're')
rect (198.237946, 41.96, 204.442469, 136.325973, 'B')
rect (33.64, 41.96, 421.2, 217.92000000000002, 're')
rect (204.442469, 41.96, 210.646992, 120.055978, 'B')
rect (33.64, 41.96, 421.2, 217.92000000000002, 're')
rect (210.646992, 41.96, 216.851515, 129.817975, 'B')
rect (33.64, 41.96, 421.2, 217.92000000000002, 're')
rect (216.851515, 41.96, 223.056038, 142.833971, 'B')
rect (33.64, 41.96, 421.2, 217.92000000000002, 're')
rect (223.056038, 41.96, 229.260561, 103.785982, 'B')
rect (33.64, 41.96, 421.2, 217.92000000000002, 're')
rect (229.260561, 41.96, 235.465083, 72.872991, 'B')
rect (33.64, 41.96, 421.2, 217.92000000000002, 're')
rect (235.465083, 41.96, 241.669606, 69.618992, 'B')
rect (33.64, 41.96, 421.2, 217.92000000000002, 're')
rect (241.669606, 41.96, 247.874129, 84.261988, 'B')
rect (33.64, 41.96, 421.2, 217.92000000000002, 're')
rect (247.874129, 41.96, 254.078652, 74.499991, 'B')
rect (33.64, 41.96, 421.2, 217.92000000000002, 're')
rect (254.078652, 41.96, 260.283175, 61.483994, 'B')
rect (33.64, 41.96, 421.2, 217.92000000000002, 're')
rect (260.283175, 41.96, 266.487698, 69.618992, 'B')
rect (33.64, 41.96, 421.2, 217.92000000000002, 're')
rect (266.487698, 41.96, 272.692221, 59.856995, 'B')
rect (33.64, 41.96, 421.2, 217.92000000000002, 're')
rect (272.692221, 41.96, 278.896744, 56.602996, 'B')
rect (33.64, 41.96, 421.2, 217.92000000000002, 're')
rect (278.896744, 41.96, 285.101267, 54.975996, 'B')
rect (33.64, 41.96, 421.2, 217.92000000000002, 're')
rect (285.101267, 41.96, 291.30579, 54.975996, 'B')
rect (33.64, 41.96, 421.2, 217.92000000000002, 're')
rect (291.30579, 41.96, 297.510313, 48.467998, 'B')
rect (33.64, 41.96, 421.2, 217.92000000000002, 're')
rect (297.510313, 41.96, 303.714835, 43.587, 'B')
rect (33.64, 41.96, 421.2, 217.92000000000002, 're')
rect (303.714835, 41.96, 309.919358, 53.348997, 'B')
rect (33.64, 41.96, 421.2, 217.92000000000002, 're')
rect (33.64, 41.96, 421.2, 217.92000000000002, 're')
rect (33.64, 41.96, 421.2, 217.92000000000002, 're')
rect (33.64, 41.96, 421.2, 217.92000000000002, 're')
rect (33.64, 41.96, 421.2, 217.92000000000002, 're')
rect (33.64, 41.96, 421.2, 217.92000000000002, 're')
rect (33.64, 41.96, 421.2, 217.92000000000002, 're')
rect (33.64, 41.96, 421.2, 217.92000000000002, 're')
rect (33.64, 41.96, 421.2, 217.92000000000002, 're')
rect (33.64, 41.96, 421.2, 217.92000000000002, 're')
rect (33.64, 41.96, 421.2, 217.92000000000002, 're')
rect (33.64, 41.96, 421.2, 217.92000000000002, 're')
rect (33.64, 41.96, 421.2, 217.92000000000002, 're')
rect (33.64, 41.96, 421.2, 217.92000000000002, 're')
rect (33.64, 41.96, 421.2, 217.92000000000002, 're')
rect (33.64, 41.96, 421.2, 217.92000000000002, 're')
rect (269.4125, 204.641875, 285.4125, 210.241875, 'B')
rect (94.0, 646.0, 184.0, 760.0, 'f')
rect (94.0, 0.0, 184.0, 760.0, 'f')
rect (107.0, 0.0, 210.0, 124.0, 'f')
path {'op': 'S', 'n': 77, 'first': (51.256364, 41.96), 'last': (403.583636, 42.004969), 'ymin': 41.96, 'ymax': 178.763713}
path {'op': 'S', 'n': 40, 'first': (51.256364, 187.997434), 'last': (403.583636, 49.230776), 'ymin': 49.230776, 'ymax': 187.997434}
path {'op': 'f', 'n': 23, 'first': (595.0, 104.0), 'last': (595.0, 104.0), 'ymin': -13.0, 'ymax': 742.0}
path {'op': 'f', 'n': 29, 'first': (535.0, 705.0), 'last': (535.0, 705.0), 'ymin': -13.0, 'ymax': 742.0}
path {'op': 'f', 'n': 21, 'first': (522.0, 312.0), 'last': (522.0, 312.0), 'ymin': -13.0, 'ymax': 560.0}
path {'op': 'f', 'n': 23, 'first': (108.0, 729.0), 'last': (108.0, 729.0), 'ymin': -13.0, 'ymax': 729.0}
path {'op': 'f', 'n': 22, 'first': (544.0, 68.0), 'last': (544.0, 68.0), 'ymin': -207.0, 'ymax': 560.0}
path {'op': 'f', 'n': 28, 'first': (520.0, 442.0), 'last': (520.0, 442.0), 'ymin': 0.0, 'ymax': 560.0}
path {'op': 'f', 'n': 29, 'first': (443.0, 531.0), 'last': (443.0, 531.0), 'ymin': -13.0, 'ymax': 560.0}
path {'op': 'f', 'n': 30, 'first': (406.0, 393.0), 'last': (406.0, 393.0), 'ymin': -13.0, 'ymax': 742.0}
path {'op': 'f', 'n': 22, 'first': (192.0, 83.0), 'last': (192.0, 83.0), 'ymin': 0.0, 'ymax': 742.0}
--- head of the largest stream ---
/DeviceRGB CS
/DeviceRGB cs
1 j
1 g 0 j 0 w 1 G 1 g
0 0 m
432 0 l
432 244.8 l
0 244.8 l
h

f
/A1 gs 0 G
33.64 41.96 m
421.2 41.96 l
421.2 217.92 l
33.64 217.92 l
h

f
q 33.64 41.96 387.56 175.96 re W n /A2 gs 0.6901960784 0.768627451
0.8705882353 rg 1 w 1 G 0.6901960784 0.768627451 0.8705882353 rg

61.738442 41.96 m
67.942965 41.96 l
67.942965 45.213999 l
61.738442 45.213999 l
h

B
Q q 33.64 41.96 387.56 175.96 re W n /A2 gs 0.6901960784 0.768627451
0.8705882353 rg 1 w 1 G 0.6901960784 0.768627451 0.8705882353 rg

67.942965 41.96 m
74.147488 41.96 l
74.147488 45.213999 l
67.942965 45.213999 l
h

B
Q q 33.64 41.96 387.56 175.96 re W n /A2 gs 0.6901960784 0.768627451
0.8705882353 rg 1 w 1 G 0.6901960784 0.768627451 0.8705882353 rg

74.147488 41.96 m
80.352011 41.96 l
80.352011 51.721997 l
74.147488 51.721997 l
h

B
Q q 33.64 41.96 387.56 175.96 re W n /A2 gs 0.6901960784 0.768627451
0.8705882353 rg 1 w 1 G 0.6901960784 0.768627451 0.8705882353 rg

80.352011 41.96 m
86.556534 41.96 l
86.556534 61.483994 l
80.352011 61.483994 l
h

B
Q q 33.64 41.96 387.56 175.96 re W n /A2 gs 0.6901960784 0.768627451
0.8705882353 rg 1 w 1 G 0.6901960784 0.768627451 0.8705882353 rg

86.556534 41.96 m
92
