[hopper_run] job 1242576 on hop064.orc.gmu.edu
== book_fig_spacing.pdf : streams 37 rectangles 102 long paths 11
rect (0.0, 0.0, 432.0, 244.8, 'f')
rect (33.64, 41.96, 421.2, 217.92, 'f')
rect (33.64, 41.96, 421.2, 217.92000000000002, 're')
rect (61.738442, 41.96, 67.942965, 45.213999, 'B')
rect (33.64, 41.96, 421.2, 217.92000000000002, 're')
rect (67.942965, 41.96, 74.147488, 45.213999, 'B')
rect (33.64, 41.96, 421.2, 217.92000000000002, 're')
rect (74.147488, 41.96, 80.352011, 51.721997, 'B')
rect (33.64, 41.96, 421.2, 217.92000000000002, 're')
rect (80.352011, 41.96, 86.556534, 61.483994, 'B')
rect (33.64, 41.96, 421.2, 217.92000000000002, 're')
rect (86.556534, 41.96, 92.761057, 59.856995, 'B')
rect (33.64, 41.96, 421.2, 217.92000000000002, 're')
rect (92.761057, 41.96, 98.96558, 110.293981, 'B')
rect (33.64, 41.96, 421.2, 217.92000000000002, 're')
rect (98.96558, 41.96, 105.170103, 89.142987, 'B')
rect (33.64, 41.96, 421.2, 217.92000000000002, 're')
rect (105.170103, 41.96, 111.374625, 107.039982, 'B')
rect (33.64, 41.96, 421.2, 217.92000000000002, 're')
rect (111.374625, 41.96, 117.579148, 123.309977, 'B')
rect (33.64, 41.96, 421.2, 217.92000000000002, 're')
rect (117.579148, 41.96, 123.783671, 149.341969, 'B')
rect (33.64, 41.96, 421.2, 217.92000000000002, 're')
rect (123.783671, 41.96, 129.988194, 168.865964, 'B')
rect (33.64, 41.96, 421.2, 217.92000000000002, 're')
rect (129.988194, 41.96, 136.192717, 194.897957, 'B')
rect (33.64, 41.96, 421.2, 217.92000000000002, 're')
rect (136.192717, 41.96, 142.39724, 193.270957, 'B')
rect (33.64, 41.96, 421.2, 217.92000000000002, 're')
rect (142.39724, 41.96, 148.601763, 196.524956, 'B')
rect (33.64, 41.96, 421.2, 217.92000000000002, 're')
rect (148.601763, 41.96, 154.806286, 209.540952, 'B')
rect (33.64, 41.96, 421.2, 217.92000000000002, 're')
rect (154.806286, 41.96, 161.010809, 186.762959, 'B')
rect (33.64, 41.96, 421.2, 217.92000000000002, 're')
rect (161.010809, 41.96, 167.215332, 193.270957, 'B')
rect (33.64, 41.96, 421.2, 217.92000000000002, 're')
rect (167.215332, 41.96, 173.419854, 170.492963, 'B')
rect (33.64, 41.96, 421.2, 217.92000000000002, 're')
rect (173.419854, 41.96, 179.624377, 181.88196, 'B')
rect (33.64, 41.96, 421.2, 217.92000000000002, 're')
rect (179.624377, 41.96, 185.8289, 154.222968, 'B')
rect (33.64, 41.96, 421.2, 217.92000000000002, 're')
rect (185.8289, 41.96, 192.033423, 159.103967, 'B')
rect (33.64, 41.96, 421.2, 217.92000000000002, 're')
rect (192.033423, 41.96, 198.237946, 154.222968, 'B')
rect (33.64, 41.96, 421.2, 217.92000000000002, 're')
rect (198.237946, 41.96, 204.442469, 136.325973, 'B')
rect (33.64, 41.96, 421.2, 217.92000000000002, 're')
rect (204.442469, 41.96, 210.646992, 120.055978, 'B')
rect (33.64, 41.96, 421.2, 217.92000000000002, 're')
rect (210.646992, 41.96, 216.851515, 129.817975, 'B')
rect (33.64, 41.96, 421.2, 217.92000000000002, 're')
rect (216.851515, 41.96, 223.056038, 142.833971, 'B')
rect (33.64, 41.96, 421.2, 217.92000000000002, 're')
rect (223.056038, 41.96, 229.260561, 103.785982, 'B')
rect (33.64, 41.96, 421.2, 217.92000000000002, 're')
rect (229.260561, 41.96, 235.465083, 72.872991, 'B')
rect (33.64, 41.96, 421.2, 217.92000000000002, 're')
rect (235.465083, 41.96, 241.669606, 69.618992, 'B')
rect (33.64, 41.96, 421.2, 217.92000000000002, 're')
rect (241.669606, 41.96, 247.874129, 84.261988, 'B')
rect (33.64, 41.96, 421.2, 217.92000000000002, 're')
rect (247.874129, 41.96, 254.078652, 74.499991, 'B')
rect (33.64, 41.96, 421.2, 217.92000000000002, 're')
rect (254.078652, 41.96, 260.283175, 61.483994, 'B')
rect (33.64, 41.96, 421.2, 217.92000000000002, 're')
rect (260.283175, 41.96, 266.487698, 69.618992, 'B')
rect (33.64, 41.96, 421.2, 217.92000000000002, 're')
rect (266.487698, 41.96, 272.692221, 59.856995, 'B')
rect (33.64, 41.96, 421.2, 217.92000000000002, 're')
rect (272.692221, 41.96, 278.896744, 56.602996, 'B')
rect (33.64, 41.96, 421.2, 217.92000000000002, 're')
rect (278.896744, 41.96, 285.101267, 54.975996, 'B')
rect (33.64, 41.96, 421.2, 217.92000000000002, 're')
rect (285.101267, 41.96, 291.30579, 54.975996, 'B')
rect (33.64, 41.96, 421.2, 217.92000000000002, 're')
rect (291.30579, 41.96, 297.510313, 48.467998, 'B')
rect (33.64, 41.96, 421.2, 217.92000000000002, 're')
rect (297.510313, 41.96, 303.714835, 43.587, 'B')
rect (33.64, 41.96, 421.2, 217.92000000000002, 're')
rect (303.714835, 41.96, 309.919358, 53.348997, 'B')
rect (33.64, 41.96, 421.2, 217.92000000000002, 're')
rect (33.64, 41.96, 421.2, 217.92000000000002, 're')
rect (33.64, 41.96, 421.2, 217.92000000000002, 're')
rect (33.64, 41.96, 421.2, 217.92000000000002, 're')
rect (33.64, 41.96, 421.2, 217.92000000000002, 're')
rect (33.64, 41.96, 421.2, 217.92000000000002, 're')
rect (33.64, 41.96, 421.2, 217.92000000000002, 're')
rect (33.64, 41.96, 421.2, 217.92000000000002, 're')
rect (33.64, 41.96, 421.2, 217.92000000000002, 're')
rect (33.64, 41.96, 421.2, 217.92000000000002, 're')
rect (33.64, 41.96, 421.2, 217.92000000000002, 're')
rect (33.64, 41.96, 421.2, 217.92000000000002, 're')
rect (33.64, 41.96, 421.2, 217.92000000000002, 're')
rect (33.64, 41.96, 421.2, 217.92000000000002, 're')
rect (33.64, 41.96, 421.2, 217.92000000000002, 're')
rect (33.64, 41.96, 421.2, 217.92000000000002, 're')
rect (269.4125, 204.641875, 285.4125, 210.241875, 'B')
rect (94.0, 646.0, 184.0, 760.0, 'f')
rect (94.0, 0.0, 184.0, 760.0, 'f')
rect (107.0, 0.0, 210.0, 124.0, 'f')
path {'op': 'S', 'n': 77, 'first': (51.256364, 41.96), 'last': (403.583636, 42.004969), 'ymin': 41.96, 'ymax': 178.763713}
path {'op': 'S', 'n': 40, 'first': (51.256364, 187.997434), 'last': (403.583636, 49.230776), 'ymin': 49.230776, 'ymax': 187.997434}
path {'op': 'f', 'n': 23, 'first': (595.0, 104.0), 'last': (595.0, 104.0), 'ymin': -13.0, 'ymax': 742.0}
path {'op': 'f', 'n': 29, 'first': (535.0, 705.0), 'last': (535.0, 705.0), 'ymin': -13.0, 'ymax': 742.0}
path {'op': 'f', 'n': 21, 'first': (522.0, 312.0), 'last': (522.0, 312.0), 'ymin': -13.0, 'ymax': 560.0}
path {'op': 'f', 'n': 23, 'first': (108.0, 729.0), 'last': (108.0, 729.0), 'ymin': -13.0, 'ymax': 729.0}
path {'op': 'f', 'n': 22, 'first': (544.0, 68.0), 'last': (544.0, 68.0), 'ymin': -207.0, 'ymax': 560.0}
path {'op': 'f', 'n': 28, 'first': (520.0, 442.0), 'last': (520.0, 442.0), 'ymin': 0.0, 'ymax': 560.0}
path {'op': 'f', 'n': 29, 'first': (443.0, 531.0), 'last': (443.0, 531.0), 'ymin': -13.0, 'ymax': 560.0}
path {'op': 'f', 'n': 30, 'first': (406.0, 393.0), 'last': (406.0, 393.0), 'ymin': -13.0, 'ymax': 742.0}
path {'op': 'f', 'n': 22, 'first': (192.0, 83.0), 'last': (192.0, 83.0), 'ymin': 0.0, 'ymax': 742.0}
--- head of the largest stream ---
/DeviceRGB CS
/DeviceRGB cs
1 j
1 g 0 j 0 w 1 G 1 g
0 0 m
432 0 l
432 244.8 l
0 244.8 l
h

f
/A1 gs 0 G
33.64 41.96 m
421.2 41.96 l
421.2 217.92 l
33.64 217.92 l
h

f
q 33.64 41.96 387.56 175.96 re W n /A2 gs 0.6901960784 0.768627451
0.8705882353 rg 1 w 1 G 0.6901960784 0.768627451 0.8705882353 rg

61.738442 41.96 m
67.942965 41.96 l
67.942965 45.213999 l
61.738442 45.213999 l
h

B
Q q 33.64 41.96 387.56 175.96 re W n /A2 gs 0.6901960784 0.768627451
0.8705882353 rg 1 w 1 G 0.6901960784 0.768627451 0.8705882353 rg

67.942965 41.96 m
74.147488 41.96 l
74.147488 45.213999 l
67.942965 45.213999 l
h

B
Q q 33.64 41.96 387.56 175.96 re W n /A2 gs 0.6901960784 0.768627451
0.8705882353 rg 1 w 1 G 0.6901960784 0.768627451 0.8705882353 rg

74.147488 41.96 m
80.352011 41.96 l
80.352011 51.721997 l
74.147488 51.721997 l
h

B
Q q 33.64 41.96 387.56 175.96 re W n /A2 gs 0.6901960784 0.768627451
0.8705882353 rg 1 w 1 G 0.6901960784 0.768627451 0.8705882353 rg

80.352011 41.96 m
86.556534 41.96 l
86.556534 61.483994 l
80.352011 61.483994 l
h

B
Q q 33.64 41.96 387.56 175.96 re W n /A2 gs 0.6901960784 0.768627451
0.8705882353 rg 1 w 1 G 0.6901960784 0.768627451 0.8705882353 rg

86.556534 41.96 m
92
== fresh/spacing.pdf : streams 40 rectangles 127 long paths 11
rect (0.0, 0.0, 468.0, 244.8, 'f')
rect (33.64, 42.122344, 457.2, 218.64, 'f')
rect (33.64, 42.12234375, 457.2, 218.64, 're')
rect (33.64, 42.12234375, 457.2, 218.64, 're')
rect (59.791621, 42.122344, 65.246561, 43.820445, 'f')
rect (33.64, 42.12234375, 457.2, 218.64, 're')
rect (66.209197, 42.122344, 71.664136, 43.820445, 'f')
rect (33.64, 42.12234375, 457.2, 218.64, 're')
rect (72.626773, 42.122344, 78.081712, 45.518547, 'f')
rect (33.64, 42.12234375, 457.2, 218.64, 're')
rect (79.044348, 42.122344, 84.499288, 52.310953, 'f')
rect (33.64, 42.12234375, 457.2, 218.64, 're')
rect (85.461924, 42.122344, 90.916864, 62.499562, 'f')
rect (33.64, 42.12234375, 457.2, 218.64, 're')
rect (91.8795, 42.122344, 97.334439, 59.103359, 'f')
rect (33.64, 42.12234375, 457.2, 218.64, 're')
rect (98.297076, 42.122344, 103.752015, 103.254, 'f')
rect (33.64, 42.12234375, 457.2, 218.64, 're')
rect (104.714652, 42.122344, 110.169591, 94.763492, 'f')
rect (33.64, 42.12234375, 457.2, 218.64, 're')
rect (111.132227, 42.122344, 116.587167, 94.763492, 'f')
rect (33.64, 42.12234375, 457.2, 218.64, 're')
rect (117.549803, 42.122344, 123.004742, 130.423624, 'f')
rect (33.64, 42.12234375, 457.2, 218.64, 're')
rect (123.967379, 42.122344, 129.422318, 133.819828, 'f')
rect (33.64, 42.12234375, 457.2, 218.64, 're')
rect (130.384955, 42.122344, 135.839894, 169.47996, 'f')
rect (33.64, 42.12234375, 457.2, 218.64, 're')
rect (136.80253, 42.122344, 142.25747, 164.385655, 'f')
rect (33.64, 42.12234375, 457.2, 218.64, 're')
rect (143.220106, 42.122344, 148.675045, 210.234397, 'f')
rect (33.64, 42.12234375, 457.2, 218.64, 're')
rect (149.637682, 42.122344, 155.092621, 191.55528, 'f')
rect (33.64, 42.12234375, 457.2, 218.64, 're')
rect (156.055258, 42.122344, 161.510197, 191.55528, 'f')
rect (33.64, 42.12234375, 457.2, 218.64, 're')
rect (162.472833, 42.122344, 167.927773, 208.536296, 'f')
rect (33.64, 42.12234375, 457.2, 218.64, 're')
rect (168.890409, 42.122344, 174.345348, 183.064773, 'f')
rect (33.64, 42.12234375, 457.2, 218.64, 're')
rect (175.307985, 42.122344, 180.762924, 189.857179, 'f')
rect (33.64, 42.12234375, 457.2, 218.64, 're')
rect (181.725561, 42.122344, 187.1805, 164.385655, 'f')
rect (33.64, 42.12234375, 457.2, 218.64, 're')
rect (188.143136, 42.122344, 193.598076, 184.762874, 'f')
rect (33.64, 42.12234375, 457.2, 218.64, 're')
rect (194.560712, 42.122344, 200.015652, 144.008437, 'f')
rect (33.64, 42.12234375, 457.2, 218.64, 're')
rect (200.978288, 42.122344, 206.433227, 166.083757, 'f')
rect (33.64, 42.12234375, 457.2, 218.64, 're')
rect (207.395864, 42.122344, 212.850803, 149.102741, 'f')
rect (33.64, 42.12234375, 457.2, 218.64, 're')
rect (213.813439, 42.122344, 219.268379, 135.517929, 'f')
rect (33.64, 42.12234375, 457.2, 218.64, 're')
rect (220.231015, 42.122344, 225.685955, 118.536914, 'f')
rect (33.64, 42.12234375, 457.2, 218.64, 're')
rect (226.648591, 42.122344, 232.10353, 128.725523, 'f')
rect (33.64, 42.12234375, 457.2, 218.64, 're')
rect (233.066167, 42.122344, 238.521106, 142.310335, 'f')
rect (33.64, 42.12234375, 457.2, 218.64, 're')
rect (239.483742, 42.122344, 244.938682, 118.536914, 'f')
rect (33.64, 42.12234375, 457.2, 218.64, 're')
rect (245.901318, 42.122344, 251.356258, 69.291969, 'f')
rect (33.64, 42.12234375, 457.2, 218.64, 're')
rect (252.318894, 42.122344, 257.773833, 81.178679, 'f')
rect (33.64, 42.12234375, 457.2, 218.64, 're')
rect (258.73647, 42.122344, 264.191409, 81.178679, 'f')
rect (33.64, 42.12234375, 457.2, 218.64, 're')
rect (265.154045, 42.122344, 270.608985, 70.99007, 'f')
rect (33.64, 42.12234375, 457.2, 218.64, 're')
rect (271.571621, 42.122344, 277.026561, 67.593867, 'f')
rect (33.64, 42.12234375, 457.2, 218.64, 're')
rect (277.989197, 42.122344, 283.444136, 62.499562, 'f')
rect (33.64, 42.12234375, 457.2, 218.64, 're')
rect (284.406773, 42.122344, 289.861712, 76.084375, 'f')
rect (33.64, 42.12234375, 457.2, 218.64, 're')
rect (290.824348, 42.122344, 296.279288, 50.612852, 'f')
rect (33.64, 42.12234375, 457.2, 218.64, 're')
rect (297.241924, 42.122344, 302.696864, 54.009055, 'f')
rect (33.64, 42.12234375, 457.2, 218.64, 're')
rect (303.6595, 42.122344, 309.114439, 60.801461, 'f')
rect (33.64, 42.12234375, 457.2, 218.64, 're')
rect (310.077076, 42.122344, 315.532015, 52.310953, 'f')
rect (33.64, 42.12234375, 457.2, 218.64, 're')
rect (316.494652, 42.122344, 321.949591, 47.216648, 'f')
rect (33.64, 42.12234375, 457.2, 218.64, 're')
rect (322.912227, 42.122344, 328.367167, 45.518547, 'f')
rect (33.64, 42.12234375, 457.2, 218.64, 're')
rect (329.329803, 42.122344, 334.784742, 50.612852, 'f')
rect (33.64, 42.12234375, 457.2, 218.64, 're')
rect (335.747379, 42.122344, 341.202318, 43.820445, 'f')
rect (33.64, 42.12234375, 457.2, 218.64, 're')
rect (33.64, 42.12234375, 457.2, 218.64, 're')
rect (33.64, 42.12234375, 457.2, 218.64, 're')
rect (33.64, 42.12234375, 457.2, 218.64, 're')
rect (33.64, 42.12234375, 457.2, 218.64, 're')
rect (33.64, 42.12234375, 457.2, 218.64, 're')
rect (33.64, 42.12234375, 457.2, 218.64, 're')
rect (33.64, 42.12234375, 457.2, 218.64, 're')
rect (33.64, 42.12234375, 457.2, 218.64, 're')
rect (33.64, 42.12234375, 457.2, 218.64, 're')
rect (33.64, 42.12234375, 457.2, 218.64, 're')
rect (33.64, 42.12234375, 457.2, 218.64, 're')
rect (33.64, 42.12234375, 457.2, 218.64, 're')
rect (33.64, 42.12234375, 457.2, 218.64, 're')
rect (33.64, 42.12234375, 457.2, 218.64, 're')
rect (33.64, 42.12234375, 457.2, 218.64, 're')
rect (33.64, 42.12234375, 457.2, 218.64, 're')
rect (33.64, 42.12234375, 457.2, 218.64, 're')
rect (33.64, 42.12234375, 457.2, 218.64, 're')
rect (33.64, 42.12234375, 457.2, 218.64, 're')
rect (33.64, 42.12234375, 457.2, 218.64, 're')
rect (33.64, 42.12234375, 457.2, 218.64, 're')
rect (33.64, 42.12234375, 457.2, 218.64, 're')
rect (33.64, 42.12234375, 457.2, 218.64, 're')
rect (33.64, 42.12234375, 457.2, 218.64, 're')
rect (33.64, 42.12234375, 457.2, 218.64, 're')
rect (33.64, 42.12234375, 457.2, 218.64, 're')
rect (33.64, 42.12234375, 457.2, 218.64, 're')
rect (33.64, 42.12234375, 457.2, 218.64, 're')
rect (33.64, 42.12234375, 457.2, 218.64, 're')
rect (33.64, 42.12234375, 457.2, 218.64, 're')
rect (305.459375, 205.361875, 321.459375, 210.961875, 'f')
rect (94.0, 646.0, 184.0, 760.0, 'f')
rect (94.0, 0.0, 184.0, 760.0, 'f')
rect (107.0, 0.0, 210.0, 124.0, 'f')
rect (446.0, 645.0, 536.0, 759.0, 'f')
path {'op': 'S', 'n': 80, 'first': (52.892727, 42.122344), 'last': (437.947273, 42.166763), 'ymin': 42.122344, 'ymax': 177.244147}
path {'op': 'S', 'n': 40, 'first': (52.892727, 186.376071), 'last': (437.947273, 49.304314), 'ymin': 49.304314, 'ymax': 186.376071}
path {'op': 'f', 'n': 23, 'first': (595.0, 104.0), 'last': (595.0, 104.0), 'ymin': -14.0, 'ymax': 742.0}
path {'op': 'f', 'n': 29, 'first': (535.0, 705.0), 'last': (535.0, 705.0), 'ymin': -14.0, 'ymax': 742.0}
path {'op': 'f', 'n': 21, 'first': (522.0, 312.0), 'last': (522.0, 312.0), 'ymin': -14.0, 'ymax': 560.0}
path {'op': 'f', 'n': 23, 'first': (108.0, 729.0), 'last': (108.0, 729.0), 'ymin': -14.0, 'ymax': 729.0}
path {'op': 'f', 'n': 22, 'first': (544.0, 68.0), 'last': (544.0, 68.0), 'ymin': -208.0, 'ymax': 560.0}
path {'op': 'f', 'n': 28, 'first': (520.0, 442.0), 'last': (520.0, 442.0), 'ymin': 0.0, 'ymax': 560.0}
path {'op': 'f', 'n': 29, 'first': (443.0, 531.0), 'last': (443.0, 531.0), 'ymin': -14.0, 'ymax': 560.0}
path {'op': 'f', 'n': 30, 'first': (406.0, 393.0), 'last': (406.0, 393.0), 'ymin': -14.0, 'ymax': 742.0}
path {'op': 'f', 'n': 22, 'first': (192.0, 83.0), 'last': (192.0, 83.0), 'ymin': 0.0, 'ymax': 742.0}
--- head of the largest stream ---
/DeviceRGB CS
/DeviceRGB cs
1 j
1 g 0 j 0 w 1 G 1 g
0 0 m
468 0 l
468 244.8 l
0 244.8 l
h

f
/A1 gs 0 G
33.64 42.122344 m
457.2 42.122344 l
457.2 218.64 l
33.64 218.64 l
h

f
q 33.64 42.12234375 423.56 176.51765625 re W n /A2 gs 0.2745098039
0.5098039216 0.7058823529 rg 0 G 0.2745098039 0.5098039216 0.7058823529 rg

53.374045 42.122344 m
58.828985 42.122344 l
58.828985 42.122344 l
53.374045 42.122344 l
h

f
Q q 33.64 42.12234375 423.56 176.51765625 re W n /A2 gs 0.2745098039
0.5098039216 0.7058823529 rg 0 G 0.2745098039 0.5098039216 0.7058823529 rg

59.791621 42.122344 m
65.246561 42.122344 l
65.246561 43.820445 l
59.791621 43.820445 l
h

f
Q q 33.64 42.12234375 423.56 176.51765625 re W n /A2 gs 0.2745098039
0.5098039216 0.7058823529 rg 0 G 0.2745098039 0.5098039216 0.7058823529 rg

66.209197 42.122344 m
71.664136 42.122344 l
71.664136 43.820445 l
66.209197 43.820445 l
h

f
Q q 33.64 42.12234375 423.56 176.51765625 re W n /A2 gs 0.2745098039
0.5098039216 0.7058823529 rg 0 G 0.2745098039 0.5098039216 0.7058823529 rg

72.626773 42.122344 m
78.081712 42.122344 l
78.081712 45.518547 l
72.626773 45.518547 l
h

f
Q q 33.64 42.12234375 423.56 176.51765625 re W n /A2 gs 0.2745098039
0.5098
