[hopper_run] /scratch/vsokolov/rh_book_repro/agents/fm-hermite: sbatch --wait, 16 cores, 32G, 600 min
[hopper_run] job 1529466 on hop051.orc.gmu.edu
Var X = 0.046209986230837941  cpus 48
{"K": 2, "two_beta": 0.03167385496071045, "maxwell": 0.007268065635063744, "maxwell_ok": true, "y_top": 4.25, "npts": 426, "at_two_beta": {"sign": 1, "Qmin": 0.8044026489118858, "y_at": 0.0}, "ratio": [0.15639877319335938, 0.15645599365234375], "vstar": [0.004953752058159514, 0.004955564450678171], "at_lo": {"neg_y": [1.17, 1.2], "n_neg": 4}, "prec_bits": 169, "secs": 0.1}
{"K": 3, "two_beta": 0.028476632691530692, "maxwell": 0.008866676769653624, "maxwell_ok": true, "y_top": 5.1000000000000005, "npts": 511, "at_two_beta": {"sign": 1, "Qmin": 0.7617566744152137, "y_at": 0.0}, "ratio": [0.19015884399414062, 0.190216064453125], "vstar": [0.00541508355346723, 0.005416712999460169], "at_lo": {"neg_y": [0.0, 0.01], "n_neg": 2}, "prec_bits": 173, "secs": 0.1}
{"K": 1, "two_beta": 0.03619949798364971, "maxwell": 0.005005244123594116, "maxwell_ok": true, "y_top": 3.17, "npts": 318, "at_two_beta": {"sign": 1, "Qmin": 0.8617316702608737, "y_at": 0.0}, "ratio": [0.1382598876953125, 0.13831710815429688], "vstar": [0.0050049385258461, 0.0050070098777357285], "at_lo": {"neg_y": [0.0, 0.0], "n_neg": 1}, "prec_bits": 166, "secs": 0.0}
{"K": 5, "two_beta": 0.024472245997716472, "maxwell": 0.010868870116560736, "maxwell_ok": true, "y_top": 6.49, "npts": 650, "at_two_beta": {"sign": 1, "Qmin": 0.705498236971549, "y_at": 0.0}, "ratio": [0.22580718994140625, 0.22586441040039062], "vstar": [0.005526009100299182, 0.00552740941344755], "at_lo": {"neg_y": [0.0, 0.01], "n_neg": 2}, "prec_bits": 183, "secs": 0.1}
{"K": 10, "two_beta": 0.01912148607846182, "maxwell": 0.01354425007618806, "maxwell_ok": true, "y_top": 9.06, "npts": 907, "at_two_beta": {"sign": 1, "Qmin": 0.623186345902619, "y_at": 0.0}, "ratio": [0.284515380859375, 0.2845726013183594], "vstar": [0.005440356894210802, 0.005441451034420675], "at_lo": {"neg_y": [0.58, 0.58], "n_neg": 1}, "prec_bits": 209, "secs": 0.2}
{"K": 16, "two_beta": 0.015756453588233126, "maxwell": 0.01522676632130241, "maxwell_ok": true, "y_top": 11.41, "npts": 1142, "at_two_beta": {"sign": 1, "Qmin": 0.5655741504117757, "y_at": 0.0}, "ratio": [0.3313789367675781, 0.3314361572265625], "vstar": [0.005221356837296384, 0.005222258428802669], "at_lo": {"neg_y": [0.46, 0.46], "n_neg": 1}, "prec_bits": 243, "secs": 0.2}
{"K": 17, "two_beta": 0.015342948682672863, "maxwell": 0.01543351877408254, "maxwell_ok": false, "y_top": 11.75, "npts": 1176, "at_two_beta": {"sign": 1, "Qmin": 0.5580925401174732, "y_at": 0.0}, "ratio": [0.3382453918457031, 0.3383026123046875], "vstar": [0.005189681689239197, 0.005190559619804994], "at_lo": {"neg_y": [0.0, 0.0], "n_neg": 1}, "prec_bits": 249, "secs": 0.3}
{"K": 20, "two_beta": 0.014272838332351552, "maxwell": 0.015968573949243194, "maxwell_ok": false, "y_top": 12.73, "npts": 1274, "at_two_beta": {"sign": 1, "Qmin": 0.5382548195237107, "y_at": 0.0}, "ratio": [0.3548393249511719, 0.35489654541015625], "vstar": [0.005064564318988834, 0.005065381017349222], "at_lo": {"neg_y": [0.41000000000000003, 0.42], "n_neg": 2}, "prec_bits": 267, "secs": 0.3}
{"K": 30, "two_beta": 0.011796132059934978, "maxwell": 0.017206927085451483, "maxwell_ok": false, "y_top": 15.56, "npts": 1557, "at_two_beta": {"sign": 1, "Qmin": 0.4892957203287019, "y_at": 0.0}, "ratio": [0.3987846374511719, 0.39884185791015625], "vstar": [0.0047041162468473155, 0.0047047912269380255], "at_lo": {"neg_y": [0.33, 0.34], "n_neg": 2}, "prec_bits": 330, "secs": 0.5}
{"K": 50, "two_beta": 0.009107559482629923, "maxwell": 0.01855121337410401, "maxwell_ok": false, "y_top": 20.05, "npts": 2006, "at_two_beta": {"sign": 1, "Qmin": 0.4299163903275952, "y_at": 0.0}, "ratio": [0.45514678955078125, 0.4552040100097656], "vstar": [0.004145276459161784, 0.004145797597895608], "at_lo": {"neg_y": [0.26, 0.26], "n_neg": 1}, "prec_bits": 465, "secs": 1.1}
{"K": 100, "two_beta": 0.006221721035547266, "maxwell": 0.019994132597645337, "maxwell_ok": false, "y_top": 28.32, "npts": 2833, "at_two_beta": {"sign": 1, "Qmin": 0.35532792942962893, "y_at": 0.0}, "ratio": [0.530792236328125, 0.5308494567871094], "vstar": [0.003302441222267871, 0.003302797232001198], "at_lo": {"neg_y": [0.18, 0.19], "n_neg": 2}, "prec_bits": 833, "secs": 2.6}
{"K": 150, "two_beta": 0.004906747089326739, "maxwell": 0.020651619570755602, "maxwell_ok": false, "y_top": 34.67, "npts": 3468, "at_two_beta": {"sign": 1, "Qmin": 0.3155507052211559, "y_at": 0.0}, "ratio": [0.573822021484375, 0.5738792419433594], "vstar": [0.0028155995337100425, 0.0028158803000306143], "at_lo": {"neg_y": [0.15, 0.15], "n_neg": 1}, "prec_bits": 1227, "secs": 8.2}
{"K": 200, "two_beta": 0.004121699189449782, "maxwell": 0.02104414352069408, "maxwell_ok": false, "y_top": 40.03, "npts": 4004, "at_two_beta": {"sign": 1, "Qmin": 0.289207696671422, "y_at": 0.0}, "ratio": [0.6034049987792969, 0.6034622192382812], "vstar": [0.0024870538943785746, 0.0024872897398979903], "at_lo": {"neg_y": [0.12, 0.39], "n_neg": 3}, "prec_bits": 1637, "secs": 11.0}
{"K": 300, "two_beta": 0.003199038978113404, "maxwell": 0.021505473626362268, "maxwell_ok": false, "y_top": 49.02, "npts": 4903, "at_two_beta": {"sign": 1, "Qmin": 0.2547892098974296, "y_at": 0.0}, "ratio": [0.6436309814453125, 0.6436882019042969], "vstar": [0.00205900059716494, 0.0020591836476435764], "at_lo": {"neg_y": [0.1, 0.32], "n_neg": 4}, "prec_bits": 2494, "secs": 26.4}
{"K": 400, "two_beta": 0.0026590642242955305, "maxwell": 0.021775461003271206, "maxwell_ok": false, "y_top": 56.59, "npts": 5660, "at_two_beta": {"sign": 1, "Qmin": 0.23229268470182607, "y_at": 0.0}, "ratio": [0.6709823608398438, 0.6710395812988281], "vstar": [0.0017841851908425828, 0.001784337343717966], "at_lo": {"neg_y": [0.09, 0.45], "n_neg": 3}, "prec_bits": 3385, "secs": 61.8}
{"K": 600, "two_beta": 0.0020355976802763414, "maxwell": 0.0220871942752808, "maxwell_ok": false, "y_top": 69.3, "npts": 6931, "at_two_beta": {"sign": 1, "Qmin": 0.20324365399051986, "y_at": 0.0}, "ratio": [0.7077751159667969, 0.7078323364257812], "vstar": [0.0014407453842193302, 0.0014408618620529031], "at_lo": {"neg_y": [0.07, 0.66], "n_neg": 8}, "prec_bits": 5240, "secs": 161.2}
{"K": 800, "two_beta": 0.0016767193797726646, "maxwell": 0.022266633425532638, "maxwell_ok": false, "y_top": 80.02, "npts": 8003, "at_two_beta": {"sign": 1, "Qmin": 0.18445956503787408, "y_at": 0.0}, "ratio": [0.732666015625, 0.7327232360839844], "vstar": [0.0012284753072992593, 0.001228571249951758], "at_lo": {"neg_y": [0.06, 0.32], "n_neg": 3}, "prec_bits": 7165, "secs": 343.8}
TV 1 {'TV': 0.0038141564072526344, 'fmin': -1.668545434595968e-16}
TV 2 {'TV': 0.0020881595118254145, 'fmin': -1.992065787651073e-16}
TV 3 {'TV': 0.0012980700418598154, 'fmin': -2.5967495545150186e-16}
TV 5 {'TV': 0.0006960003638503713, 'fmin': -2.0647687226037882e-16}
TV 10 {'TV': 0.0002640875518776925, 'fmin': -2.1875897251368601e-16}
TV 16 {'TV': 0.00012657209908569476, 'fmin': -1.93442560303994e-16}
TV 17 {'TV': 0.00011449741898989318, 'fmin': -1.7432649302521388e-16}
TV 20 {'TV': 8.749456063382445e-05, 'fmin': -2.1327930593708788e-16}
TV 30 {'TV': 4.337070722402855e-05, 'fmin': -1.7907771708266574e-16}
TV 50 {'TV': 1.703217908173506e-05, 'fmin': -1.9379695441033547e-16}
TV 100 {'TV': 4.418943832798666e-06, 'fmin': -1.9581913802636638e-16}
TV 150 {'TV': 1.930612002319961e-06, 'fmin': -1.8921221105308251e-16}
done
