[hopper_run] /scratch/vsokolov/rh_book_repro/agents/fm-polya: sbatch --wait, 8 cores, 16G, 240 min
[hopper_run] job 1529464 on hop048.orc.gmu.edu
Xi(0) = 0.49712077818831410991  int Phi = 0.49712077818831410991
Newton ratios b_j^2/(b_{j-1} b_{j+1}) against 1+1/j:
   1 0.023104993 2.1496879 2.0 0.149688
   2 0.00024833405 1.5941155 1.5 0.0941155
   3 1.6743526e-6 1.4057378 1.3333333 0.0724044
   4 8.0306974e-9 1.3100631 1.25 0.0600631
   5 2.9401358e-11 1.251855 1.2 0.051855
   6 8.5985946e-14 1.2125693 1.1666667 0.0459026
   7 2.0738675e-16 1.1841992 1.1428571 0.041342
   8 4.2238625e-19 1.1627118 1.125 0.0377118
   9 7.3988883e-22 1.1458506 1.1111111 0.0347395
   10 1.1310848e-24 1.1322525 1.1 0.0322525
   11 1.527146e-27 1.1210445 1.0909091 0.0301354
   12 1.8392598e-30 1.1116409 1.0833333 0.0283076
   13 1.9926962e-33 1.103634 1.0769231 0.0267109
   14 1.9562034e-36 1.0967308 1.0714286 0.0253022
   15 1.751003e-39 1.0907154 1.0666667 0.0240487
   16 1.436972e-42 1.0854251 1.0625 0.0229251
   17 1.0864504e-45 1.0807348 1.0588235 0.0219113
   18 7.6006774e-49 1.0765469 1.0555556 0.0209914
   19 4.9392584e-52 1.0727839 1.0526316 0.0201523
   20 2.9919818e-55 1.0693835 1.05 0.0193835
   21 1.6948165e-58 1.0662952 1.047619 0.0186761
   22 9.0034506e-62 1.0634774 1.0454545 0.0180229
   23 4.497457e-65 1.0608957 1.0434783 0.0174175
   24 2.117641e-68 1.0585214 1.0416667 0.0168547
cumulants by quadrature: k2 0.0462099862308  k4 -0.000446071191423  k6 3.46017435362e-5
cumulants from log xi:   k2 0.0462099862308  k4 -0.000446071191423  k6 3.46017435362e-5
cumulants from 1700 zeros and a smooth tail: k2 0.046209986105  k4 -0.000446071191423  k6 3.46017435362e-5
Maxwell construction possible for K <= 16 {'K': 16, 'three_sum_K': '0.045680299', 'three_sum_K1': '0.046300556', 'var': '0.046209986'}
F''(0) = 18.72690493  F''''(0) = 143.0149378  min F''' on (0,4]: (0.025, 3.5713600533670364)
   gauss {'tv': 0.0147691, 'ks': 0.00571694, 'var': 0.04621, 'at0': 1.85585}
   polya_star {'tv': 0.0992286, 'ks': 0.0496143, 'var': 0.0624473, 'at0': 1.40387}
   psi {'tv': 0.160596, 'ks': 0.080298, 'var': 0.0726347, 'at0': 1.1631, 'min': 4.64223e-159}
   dbn_0.2 {'tv': 0.00109714, 'ks': 0.000548571}
   dbn_0.22 {'tv': 0.0012071, 'ks': 0.000603549}
   cosh_half {'tv': 0.00273141, 'ks': 0.0013657}
   uniform_sum_quarter {'tv': 0.00273923, 'ks': 0.00136962}
   gauss_lambda_half {'tv': 0.0027511, 'ks': 0.00137555}
   cosh_sqrt01 {'tv': 0.001094, 'ks': 0.000546999}
   uniform_sum_twelfth {'tv': 0.000912669, 'ks': 0.000456335}
Khinchine mixing density: {'h_min': 0.0, 'mass': 1.0, 'EY': 0.34645435990866985, 'EY2_over_3': 0.04620998623083794, 'E_absX': 0.1732271799543349, 'EY_exact': 0.3464543599086698}
polya_star real zeros 14 [8.9928, 19.0654, 24.4748, 28.975, 33.0069, 36.7367]  box counts 14 14
psi real zeros 14 [7.604, 18.7173, 24.275, 28.83, 32.8918, 36.6405]  box counts 14 14
J=5: real zeros in (0.25,100): 7; zeros in (0.25,100)x(-30,30): 17 17
J=20: real zeros in (0.25,100): 3; zeros in (0.25,100)x(-30,30): 19 19
done in 277 s
