job 1241999 on hop062.orc.gmu.edu start Sat Sep 26 21:04:11 EDT 2026
Model name:          Intel(R) Xeon(R) Gold 6240R CPU @ 2.40GHz
flint variants 0.4s
mpmath variants 17.1s
186 candidates; best 25 by number of bitwise matches with the archived polya column:
mp_30_28_direct_np            5/18 equal, max 4 ulp   -3 +1 +0 +0 -1 +0 -1 -4 +2 -2 -3 -4 -3 +0 +1 -4 -4 +0
mp_50_28_direct_np            5/18 equal, max 4 ulp   -3 +1 +0 +0 -1 +0 -1 -4 +2 -2 -3 -4 -3 +0 +1 -4 -4 +0
flint_240_96_np               4/18 equal, max 4 ulp   -3 +1 +0 +0 -1 +0 -1 -4 +2 -2 -3 -4 -3 +0 +1 -4 -4 +1
flint_240_100_np              4/18 equal, max 4 ulp   -3 +1 +0 +0 -1 +0 -1 -4 +2 -2 -3 -4 -3 +0 +1 -4 -4 +1
flint_240_104_np              4/18 equal, max 4 ulp   -3 +1 +0 +0 -1 +0 -1 -4 +2 -2 -3 -4 -3 +0 +1 -4 -4 +1
flint_240_108_np              4/18 equal, max 4 ulp   -3 +1 +0 +0 -1 +0 -1 -4 +2 -2 -3 -4 -3 +0 +1 -4 -4 +1
flint_240_112_np              4/18 equal, max 4 ulp   -3 +1 +0 +0 -1 +0 -1 -4 +2 -2 -3 -4 -3 +0 +1 -4 -4 +1
flint_240_116_np              4/18 equal, max 4 ulp   -3 +1 +0 +0 -1 +0 -1 -4 +2 -2 -3 -4 -3 +0 +1 -4 -4 +1
flint_240_120_np              4/18 equal, max 4 ulp   -3 +1 +0 +0 -1 +0 -1 -4 +2 -2 -3 -4 -3 +0 +1 -4 -4 +1
flint_240_128_np              4/18 equal, max 4 ulp   -3 +1 +0 +0 -1 +0 -1 -4 +2 -2 -3 -4 -3 +0 +1 -4 -4 +1
flint_240_160_np              4/18 equal, max 4 ulp   -3 +1 +0 +0 -1 +0 -1 -4 +2 -2 -3 -4 -3 +0 +1 -4 -4 +1
flint_420_96_np               4/18 equal, max 4 ulp   -3 +1 +0 +0 -1 +0 -1 -4 +2 -2 -3 -4 -3 +0 +1 -4 -4 +1
flint_420_100_np              4/18 equal, max 4 ulp   -3 +1 +0 +0 -1 +0 -1 -4 +2 -2 -3 -4 -3 +0 +1 -4 -4 +1
flint_420_104_np              4/18 equal, max 4 ulp   -3 +1 +0 +0 -1 +0 -1 -4 +2 -2 -3 -4 -3 +0 +1 -4 -4 +1
flint_420_108_np              4/18 equal, max 4 ulp   -3 +1 +0 +0 -1 +0 -1 -4 +2 -2 -3 -4 -3 +0 +1 -4 -4 +1
flint_420_112_np              4/18 equal, max 4 ulp   -3 +1 +0 +0 -1 +0 -1 -4 +2 -2 -3 -4 -3 +0 +1 -4 -4 +1
flint_420_116_np              4/18 equal, max 4 ulp   -3 +1 +0 +0 -1 +0 -1 -4 +2 -2 -3 -4 -3 +0 +1 -4 -4 +1
flint_420_120_np              4/18 equal, max 4 ulp   -3 +1 +0 +0 -1 +0 -1 -4 +2 -2 -3 -4 -3 +0 +1 -4 -4 +1
flint_420_128_np              4/18 equal, max 4 ulp   -3 +1 +0 +0 -1 +0 -1 -4 +2 -2 -3 -4 -3 +0 +1 -4 -4 +1
flint_420_160_np              4/18 equal, max 4 ulp   -3 +1 +0 +0 -1 +0 -1 -4 +2 -2 -3 -4 -3 +0 +1 -4 -4 +1
flint_100_100_np              4/18 equal, max 4 ulp   -3 +1 +0 +0 -1 +0 -1 -4 +2 -2 -3 -4 -3 +0 +1 -4 -4 +1
flint_104_104_np              4/18 equal, max 4 ulp   -3 +1 +0 +0 -1 +0 -1 -4 +2 -2 -3 -4 -3 +0 +1 -4 -4 +1
flint_112_112_np              4/18 equal, max 4 ulp   -3 +1 +0 +0 -1 +0 -1 -4 +2 -2 -3 -4 -3 +0 +1 -4 -4 +1
flint_128_128_np              4/18 equal, max 4 ulp   -3 +1 +0 +0 -1 +0 -1 -4 +2 -2 -3 -4 -3 +0 +1 -4 -4 +1
mp_30_28_horner_np            4/18 equal, max 4 ulp   -3 +1 +0 +0 -1 +0 -1 -4 +2 -2 -3 -4 -3 +0 +1 -4 -4 +1
shim_variants2 rc=0 end Sat Sep 26 21:04:30 EDT 2026
