task 7 of job 1252527 on hop056.orc.gmu.edu:  Intel(R) Xeon(R) Gold 6240R CPU @ 2.40GHz start Sun Sep 27 01:15:02 EDT 2026
python 3.11.4 numpy 2.4.6 scipy 1.17.1 mpmath 1.3.0 flint 0.9.0 matplotlib 3.11.2
code_bosch and bosch_hcm_xi copies are byte identical
3ca45cc39eaed6b9578488415e2cdcde  verify_bosch_xi_v7.py
419 verify_bosch_xi_v7.py
rc=0
   10 verify_v2_output.txt
   14 verify_v3_output.txt
   12 thorin_p_output.txt
   10 open_problems_output.txt
   17 op5_output.txt
   14 gW_output.txt
    6 gpos_output.txt
    6 gaptest_output.txt
    6 gaptest3_output.txt
   95 joined_output.txt
  190 total
lines: new 95, reconstruction fixed copy 95, archive 109
new == fixed copy, byte for byte: False
lines that differ from the fixed copy: 4, of which 0 apart from timings
  line 33
    new:   p=0.5 s=1.0: log phi(s^p)=-0.02308645471, -int log(1+s/t)u_p = -0.02308645471 (6s)
    fixed: p=0.5 s=1.0: log phi(s^p)=-0.02308645471, -int log(1+s/t)u_p = -0.02308645471 (7s)
  line 34
    new:   p=0.5 s=10.0: log phi(s^p)=-0.07288004392, -int log(1+s/t)u_p = -0.07288004392 (6s)
    fixed: p=0.5 s=10.0: log phi(s^p)=-0.07288004392, -int log(1+s/t)u_p = -0.07288004392 (7s)
  line 89
    new:   freqs 1,2,3,6,7,... (interior gap 3): first gap 1, predicted strip pi/gap = 3.1416; Pick holds up to v=2.3538, first failure at v=2.4061 (2s)
    fixed: freqs 1,2,3,6,7,... (interior gap 3): first gap 1, predicted strip pi/gap = 3.1416; Pick holds up to v=2.3538, first failure at v=2.4061 (3s)
  line 93
    new:   removed [4, 5]: freqs [1, 2, 3, 6, 7, 8, 9]..., gaps [1, 1, 3, 1, 1, 1]...: first gap 1, max gap 3; threshold strip 2.38594; pi/threshold = 1.31671; pi/first gap = 3.1416 (3s)
    fixed: removed [4, 5]: freqs [1, 2, 3, 6, 7, 8, 9]..., gaps [1, 1, 3, 1, 1, 1]...: first gap 1, max gap 3; threshold strip 2.38594; pi/threshold = 1.31671; pi/first gap = 3.1416 (4s)
new lines found in order in the archive: 95 of 95 (92 byte for byte, 3 only apart from timings); new lines not found: []
archive lines with no counterpart in the new run: [37, 38, 39, 93, 94, 95, 96, 97, 98, 99, 100, 101, 102, 109]
  timing differs: new line 33 / archive line 33
    new:     p=0.5 s=1.0: log phi(s^p)=-0.02308645471, -int log(1+s/t)u_p = -0.02308645471 (6s)
    archive: p=0.5 s=1.0: log phi(s^p)=-0.02308645471, -int log(1+s/t)u_p = -0.02308645471 (7s)
  timing differs: new line 34 / archive line 34
    new:     p=0.5 s=10.0: log phi(s^p)=-0.07288004392, -int log(1+s/t)u_p = -0.07288004392 (6s)
    archive: p=0.5 s=10.0: log phi(s^p)=-0.07288004392, -int log(1+s/t)u_p = -0.07288004392 (7s)
  timing differs: new line 89 / archive line 92
    new:     freqs 1,2,3,6,7,... (interior gap 3): first gap 1, predicted strip pi/gap = 3.1416; Pick holds up to v=2.3538, first failure at v=2.4061 (2s)
    archive: freqs 1,2,3,6,7,... (interior gap 3): first gap 1, predicted strip pi/gap = 3.1416; Pick holds up to v=2.3538, first failure at v=2.4061 (3s)
seconds=375 end Sun Sep 27 01:21:21 EDT 2026
