task 5 of job 1252663 on hop070.orc.gmu.edu:  Intel(R) Xeon(R) Gold 6240R CPU @ 2.40GHz start Sun Sep 27 01:18:04 EDT 2026
python 3.11.4 numpy 2.4.6 scipy 1.17.1 mpmath 1.3.0 flint 0.9.0 matplotlib 3.11.2
334929720cca457a5edbc870da2ba3c3  plots.py
16993744bac599a121ad2ccb620c9145  polya_flint.py
e4cf387028fe283f984b03e35704b2c8  polya.py
2c40eb7bdb1eeb9c9c97615144a31f5e  primeside.py
primeside rc=0
3.0 2.0 0.11649945643698131 0.11649945643711004 0.11649945643711004 -1.287303597052869e-13 0.0
3.0 5.0 0.12939969120268652 0.12939969120281594 0.1293996912028159 -1.2936873794444637e-13 5.551115123125783e-17
3.0 14.134725 0.5614472387886602 0.561447238788771 0.561447238788771 -1.1080025785759062e-13 0.0
3.0 20.0 0.6082460311777326 0.6082460311771555 0.6082460311771554 5.772049505026189e-13 1.1102230246251565e-16
3.0 35.0 0.7673415075280724 0.7673415073813922 0.7673415073813923 1.4668011250051904e-10 -1.1102230246251565e-16
3.0 50.0 1.1209670147400683 1.120967015288831 1.1209670152888311 -5.487628129685618e-10 -2.220446049250313e-16
2.0 2.0 0.07039890102967017 0.07039933934523906 0.07039933934523906 -4.383155688958418e-07 0.0
2.0 5.0 0.07867160909155158 0.07867210031026466 0.07867210031026467 -4.912187130945433e-07 -1.3877787807814457e-17
2.0 14.134725 0.7663986947274366 0.7663991696065204 0.7663991696065204 -4.748790838338124e-07 0.0
2.0 20.0 0.6264706789414867 0.6264712009702827 0.6264712009702827 -5.220287960794323e-07 0.0
2.0 35.0 0.615633350871215 0.6156338378850152 0.6156338378850152 -4.870138002877056e-07 0.0
2.0 50.0 1.2244757140578133 1.2244762169084338 1.2244762169084336 -5.02850620254236e-07 2.220446049250313e-16
1.5 2.0 0.045789237345489564 0.047039559308561026 0.04703955930856102 -0.0012503219630714546 6.938893903907228e-18
1.5 5.0 0.05128594266403619 0.052673932533803765 0.05267393253380377 -0.0013879898697675835 -6.938893903907228e-18
1.5 14.134725 1.065762504227727 1.0671400806659013 1.067140080665901 -0.001377576438174044 2.220446049250313e-16
1.5 20.0 0.6046679253318765 0.6061136416602566 0.6061136416602567 -0.0014457163283801977 -1.1102230246251565e-16
1.5 35.0 0.46756937295894807 0.4689653613701483 0.4689653613701483 -0.0013959884112002552 0.0
1.5 50.0 1.3852882144579595 1.386706213218173 1.386706213218173 -0.0014179987602134236 0.0
== results_prime.json against data/results_prime.json
sha256 c614fc87b381f435697780ba09bf10fa3c8768198bd41ac79b14407f1c7651d2  /scratch/vsokolov/rh_book_repro/agents/R2-23/src/data/results_prime.json
sha256 f7fe5647dfa46808268ca918b12ba7b31c8676823d220eb1f4e0922267754c9c  results_prime.json
byte identical: False
same paths in the same order: True
162 values, 148 identical, 0 beyond relative 1e-09, max relative difference 7.33e-16 at [15]/polya (archived 0.606113641660257, new 0.6061136416602566), max ulp 4
plots rc=0
/scratch/vsokolov/rh_book_repro/agents/R2-23/final_t5_primeside/plots.py:61: RuntimeWarning: invalid value encountered in divide
  P=lambda a,x: a/(np.pi*(a*a+x*x))
-1.2506879156776307 0.39810632809078905
extra.json is byte identical to data/extra.json
sens2.json is byte identical to data/sens2.json
seconds=13 end Sun Sep 27 01:18:22 EDT 2026
