task 3 of job 1252663 on hop068.orc.gmu.edu:  Intel(R) Xeon(R) Gold 6240R CPU @ 2.40GHz start Sun Sep 27 01:18:04 EDT 2026
python 3.11.4 numpy 2.4.6 scipy 1.17.1 mpmath 1.3.0 flint 0.9.0 matplotlib 3.11.2
76921ee72a03cea8750897b4726cdf43  direct/riesz_explicit.py
== riesz_explicit.py with the archived salem_riesz.json
x 1.000e+03  R/x^1/4 -2.958743716e-03  explicit -2.958743972e-03  |diff| 2.56e-10
x 1.585e+03  R/x^1/4 -1.579102973e-03  explicit -1.579103009e-03  |diff| 3.61e-11
x 2.512e+03  R/x^1/4 -9.688672933e-04  explicit -9.688672984e-04  |diff| 5.14e-12
x 3.981e+03  R/x^1/4 -4.773928841e-04  explicit -4.773928848e-04  |diff| 7.21e-13
x 6.310e+03  R/x^1/4 -3.252512061e-04  explicit -3.252512061e-04  |diff| 5.45e-15
x 1.000e+04  R/x^1/4 -1.385814637e-04  explicit -1.385814635e-04  |diff| 2.20e-13
x 1.585e+04  R/x^1/4 -1.089336687e-04  explicit -1.089336690e-04  |diff| 3.19e-13
x 2.512e+04  R/x^1/4 -4.387039606e-05  explicit -4.387039601e-05  |diff| 5.03e-14
x 3.981e+04  R/x^1/4 -2.883226472e-05  explicit -2.883226516e-05  |diff| 4.32e-13
x 6.310e+04  R/x^1/4 -2.569308453e-05  explicit -2.569308422e-05  |diff| 3.07e-13
x 1.000e+05  R/x^1/4  9.040840623e-06  explicit  9.040840975e-06  |diff| 3.51e-13
x 1.585e+05  R/x^1/4 -3.164141949e-05  explicit -3.164142130e-05  |diff| 1.81e-12
x 2.512e+05  R/x^1/4  3.131197971e-05  explicit  3.131197732e-05  |diff| 2.38e-12
x 3.981e+05  R/x^1/4 -4.385097811e-05  explicit -4.385098009e-05  |diff| 1.98e-12
x 6.310e+05  R/x^1/4  4.857039283e-05  explicit  4.857039111e-05  |diff| 1.72e-12
x 1.000e+06  R/x^1/4 -5.612936933e-05  explicit -5.612937505e-05  |diff| 5.72e-12
x 1.585e+06  R/x^1/4  6.096516919e-05  explicit  6.096515923e-05  |diff| 9.96e-12
x 2.512e+06  R/x^1/4 -6.679275129e-05  explicit -6.679276090e-05  |diff| 9.62e-12
x 3.981e+06  R/x^1/4  7.068269034e-05  explicit  7.068269618e-05  |diff| 5.84e-12
x 6.310e+06  R/x^1/4 -7.363527631e-05  explicit -7.363527196e-05  |diff| 4.36e-12
x 1.000e+07  R/x^1/4  7.595426609e-05  explicit  7.595425684e-05  |diff| 9.25e-12
x 1.585e+07  R/x^1/4 -7.767346824e-05  explicit -7.767341018e-05  |diff| 5.81e-11
x 2.512e+07  R/x^1/4  7.778671260e-05  explicit  7.778668717e-05  |diff| 2.54e-11
x 3.981e+07  R/x^1/4 -7.681087830e-05  explicit -7.681092261e-05  |diff| 4.43e-11
x 6.310e+07  R/x^1/4  7.541408969e-05  explicit  7.541394770e-05  |diff| 1.42e-10
x 1.000e+08  R/x^1/4 -7.307876526e-05  explicit -7.307883434e-05  |diff| 6.91e-11
x 1.585e+08  R/x^1/4  6.917203452e-05  explicit  6.917204797e-05  |diff| 1.34e-11
x 2.512e+08  R/x^1/4 -6.459128419e-05  explicit -6.459170753e-05  |diff| 4.23e-10
x 3.981e+08  R/x^1/4  5.971353894e-05  explicit  5.971337722e-05  |diff| 1.62e-10
x 6.310e+08  R/x^1/4 -5.376471551e-05  explicit -5.376409291e-05  |diff| 6.23e-10
x 1.000e+09  R/x^1/4  4.667510801e-05  explicit  4.667513263e-05  |diff| 2.46e-11
x 1.585e+09  R/x^1/4 -3.939188263e-05  explicit -3.939065060e-05  |diff| 1.23e-09
x 2.512e+09  R/x^1/4  3.199681189e-05  explicit  3.200060749e-05  |diff| 3.80e-09
x 3.981e+09  R/x^1/4 -2.365234041e-05  explicit -2.364477311e-05  |diff| 7.57e-09
x 6.310e+09  R/x^1/4  1.477120618e-05  explicit  1.478140282e-05  |diff| 1.02e-08
x 1.000e+10  R/x^1/4 -6.340565244e-06  explicit -6.309462072e-06  |diff| 3.11e-08
grid points in [1e3,1e10]: 36   max deviation 3.110317e-08 at x = 1.000e+10   signal 2.958744e-03 at x = 1.000e+03
amp1 = |Gamma(1-rho_1/2)/zeta'(rho_1)| = 7.775062764452556e-05   trivial coefficients k!/(2 zeta'(-2k)): [(1, -16.42119333144247), (2, 125.25345898121803), (3, -508.49533464380755)]
rc=0
== salem_riesz.py; riesz_explicit.py
salem rc=0
explicit rc=0
x 1.000e+10  R/x^1/4 -6.340565244e-06  explicit -6.309462072e-06  |diff| 3.11e-08
grid points in [1e3,1e10]: 36   max deviation 3.110317e-08 at x = 1.000e+10   signal 2.958744e-03 at x = 1.000e+03
amp1 = |Gamma(1-rho_1/2)/zeta'(rho_1)| = 7.775062764452556e-05   trivial coefficients k!/(2 zeta'(-2k)): [(1, -16.42119333144247), (2, 125.25345898121803), (3, -508.49533464380755)]
recomputed salem_riesz.json is byte identical to the archived file
== direct/riesz_explicit.json against basepoint_one/wiener/riesz_explicit.json
sha256 f483b99a8aa7c71ae43f2dd460d5161bf68dab793a72b83e32904fc515010263  /scratch/vsokolov/rh_book_repro/agents/R2-23/src/wiener/riesz_explicit.json
sha256 f483b99a8aa7c71ae43f2dd460d5161bf68dab793a72b83e32904fc515010263  direct/riesz_explicit.json
byte identical: True
same paths in the same order: True
9 values, 9 identical, 0 beyond relative 0, max relative difference 0, max ulp 0
direct/riesz_explicit.json is byte identical to the archived file
== chain/riesz_explicit.json against basepoint_one/wiener/riesz_explicit.json
sha256 f483b99a8aa7c71ae43f2dd460d5161bf68dab793a72b83e32904fc515010263  /scratch/vsokolov/rh_book_repro/agents/R2-23/src/wiener/riesz_explicit.json
sha256 f483b99a8aa7c71ae43f2dd460d5161bf68dab793a72b83e32904fc515010263  chain/riesz_explicit.json
byte identical: True
same paths in the same order: True
9 values, 9 identical, 0 beyond relative 0, max relative difference 0, max ulp 0
chain/riesz_explicit.json is byte identical to the archived file
seconds=18 end Sun Sep 27 01:18:26 EDT 2026
