[hopper_run] /scratch/vsokolov/rh_book_repro/agents/part6_almost_dip/fig_extract2: sbatch --wait, 1 cores, 2G, 10 min
[hopper_run] job 1242864 on hop064.orc.gmu.edu
streams 55 painted subpaths 239
long stroked paths 4
  n=322 rgb=(0.502, 0.502, 0.502) lw=0.80 dash='' gs=/A3 x=[352.70,586.97] y=[93.88,215.75]
  n=327 rgb=(0.1059, 0.3098, 0.4471) lw=1.00 dash='' gs=/A3 x=[352.70,586.97] y=[50.98,216.90]
  n=276 rgb=(0.502, 0.502, 0.502) lw=0.80 dash='' gs=/A3 x=[643.09,877.36] y=[176.92,215.18]
  n=286 rgb=(0.7529, 0.2235, 0.1686) lw=1.00 dash='' gs=/A3 x=[643.09,877.36] y=[50.98,216.90]
vertical grid lines 20
horizontal grid lines 19
panel x extent (50.6, 308.3) vertical [62.31, 109.17, 156.02, 202.88, 249.73, 296.59] horizontal [50.98, 84.16, 117.34, 150.53, 183.71, 216.9]
panel x extent (340.99, 598.69) vertical [367.34, 403.95, 440.55, 477.16, 513.76, 550.37, 586.97] horizontal [53.53, 91.27, 129.0, 166.74, 204.48]
panel x extent (631.37, 889.07) vertical [657.73, 694.34, 730.94, 767.54, 804.15, 840.76, 877.36] horizontal [59.62, 82.46, 105.3, 128.13, 150.97, 173.81, 196.65, 219.49]
panel 1 x map residual 2.93e-05, y map residual 7.95e-06
  curve rgb=(0.502, 0.502, 0.502) n=322 x=[284.0000, 300.0000] min 0.0692 at 290.6800; dx min 0.00e+00 median 4.50e-02 max 1.70e-01
     points around the minimum [(290.3, 0.094), (290.405, 0.0816), (290.53, 0.0731), (290.68, 0.0692), (290.84, 0.0709), (290.98, 0.0781), (291.095, 0.0897)]
  curve rgb=(0.1059, 0.3098, 0.4471) n=327 x=[284.0000, 300.0000] min -1.0677 at 292.4050; dx min 0.00e+00 median 4.50e-02 max 1.70e-01
     points around the minimum [(292.295, -0.3847), (292.375, -0.9985), (292.395, -1.0615), (292.405, -1.0677), (292.415, -1.0564), (292.43, -1.0089), (292.455, -0.8647)]
  dotted vertical lines at [292.4]
panel 2 x map residual 2.93e-05, y map residual 2.03e-05
  curve rgb=(0.502, 0.502, 0.502) n=276 x=[284.0000, 300.0000] min 0.1361 at 296.8100; dx min 0.00e+00 median 5.50e-02 max 1.75e-01
     points around the minimum [(296.395, 0.1766), (296.515, 0.1557), (296.655, 0.1418), (296.81, 0.1361), (296.97, 0.1399), (297.11, 0.1529), (297.225, 0.1732)]
  curve rgb=(0.7529, 0.2235, 0.1686) n=286 x=[284.0000, 300.0000] min -5.3784 at 292.4000; dx min 0.00e+00 median 5.50e-02 max 1.75e-01
     points around the minimum [(292.3, -0.2243), (292.325, -0.8889), (292.35, -2.0723), (292.4, -5.3784), (292.405, -5.3625), (292.415, -4.9779), (292.485, -0.7657)]
  dotted vertical lines at [292.4]
