[hopper_run] /scratch/vsokolov/rh_book_repro/agents/p13_kernel_fig/compare_final_mpl3112: sbatch --wait, 1 cores, 2G, 20 min
[hopper_run] job 1244007 on hop065.orc.gmu.edu
{
 "fonts": {
  "old_kernel.pdf": {
   "F2": "GCWXDV+DejaVuSans-Oblique",
   "F1": "BMQQDV+DejaVuSans"
  },
  "kernel_oldlabels.pdf": {
   "F3": "EPSRHI+DejaVuSans-Oblique",
   "F4": "GGXERM+DejaVuSans-Oblique",
   "F2": "FWKSDO+DejaVuSans",
   "F1": "EBAFIO+DejaVuSans"
  },
  "kernel.pdf": {
   "F3": "EPSRHI+DejaVuSans-Oblique",
   "F4": "CRJVGS+DejaVuSans-Oblique",
   "F2": "HGAGBM+DejaVuSans",
   "F1": "EBAFIO+DejaVuSans"
  }
 },
 "strokes": {
  "old_kernel.pdf": {
   "#b0b0b0 lw=0.8": {
    "n": 26,
    "vertices": "26 paths, 52 vertices in all"
   },
   "#000000 lw=0.8": {
    "n": 30,
    "vertices": "30 paths, 60 vertices in all"
   },
   "#1b4f72 lw=2.0": {
    "n": 1,
    "vertices": [
     80
    ]
   },
   "#1b4f72 lw=1.4": {
    "n": 2,
    "vertices": [
     57,
     3
    ]
   },
   "#c0392b lw=1.4": {
    "n": 2,
    "vertices": [
     60,
     3
    ]
   },
   "#27ae60 lw=1.4": {
    "n": 2,
    "vertices": [
     133,
     3
    ]
   },
   "#d68910 lw=1.4": {
    "n": 2,
    "vertices": [
     320,
     3
    ]
   },
   "#cccccc lw=1.0": {
    "n": 1,
    "vertices": [
     9
    ]
   }
  },
  "kernel_oldlabels.pdf": {
   "#b0b0b0 lw=0.8": {
    "n": 26,
    "vertices": "26 paths, 52 vertices in all"
   },
   "#000000 lw=0.8": {
    "n": 30,
    "vertices": "30 paths, 60 vertices in all"
   },
   "#1b4f72 lw=2.0": {
    "n": 1,
    "vertices": [
     80
    ]
   },
   "#1b4f72 lw=1.4": {
    "n": 2,
    "vertices": [
     57,
     3
    ]
   },
   "#c0392b lw=1.4": {
    "n": 2,
    "vertices": [
     60,
     3
    ]
   },
   "#27ae60 lw=1.4": {
    "n": 2,
    "vertices": [
     133,
     3
    ]
   },
   "#d68910 lw=1.4": {
    "n": 2,
    "vertices": [
     320,
     3
    ]
   },
   "#cccccc lw=1.0": {
    "n": 1,
    "vertices": [
     9
    ]
   }
  },
  "kernel.pdf": {
   "#b0b0b0 lw=0.8": {
    "n": 26,
    "vertices": "26 paths, 52 vertices in all"
   },
   "#000000 lw=0.8": {
    "n": 30,
    "vertices": "30 paths, 60 vertices in all"
   },
   "#1b4f72 lw=2.0": {
    "n": 1,
    "vertices": [
     80
    ]
   },
   "#1b4f72 lw=1.4": {
    "n": 2,
    "vertices": [
     57,
     3
    ]
   },
   "#c0392b lw=1.4": {
    "n": 2,
    "vertices": [
     60,
     3
    ]
   },
   "#27ae60 lw=1.4": {
    "n": 2,
    "vertices": [
     133,
     3
    ]
   },
   "#d68910 lw=1.4": {
    "n": 2,
    "vertices": [
     320,
     3
    ]
   },
   "#cccccc lw=1.0": {
    "n": 1,
    "vertices": [
     9
    ]
   }
  }
 },
 "fills": {
  "old_kernel.pdf": [
   [
    "#ffffff",
    1.0,
    4
   ],
   [
    "#ffffff",
    1.0,
    4
   ],
   [
    "#1b4f72",
    0.15,
    1204
   ],
   [
    "#000000",
    1.0,
    2
   ],
   [
    "#000000",
    1.0,
    2
   ],
   [
    "#000000",
    1.0,
    2
   ],
   [
    "#000000",
    1.0,
    2
   ],
   [
    "#000000",
    1.0,
    2
   ],
   [
    "#000000",
    1.0,
    2
   ],
   [
    "#000000",
    1.0,
    2
   ],
   [
    "#000000",
    1.0,
    2
   ],
   [
    "#000000",
    1.0,
    2
   ],
   [
    "#000000",
    1.0,
    2
   ],
   [
    "#ffffff",
    1.0,
    4
   ],
   [
    "#000000",
    1.0,
    2
   ],
   [
    "#000000",
    1.0,
    2
   ],
   [
    "#000000",
    1.0,
    2
   ],
   [
    "#000000",
    1.0,
    2
   ],
   [
    "#000000",
    1.0,
    2
   ],
   [
    "#000000",
    1.0,
    2
   ],
   [
    "#000000",
    1.0,
    2
   ],
   [
    "#000000",
    1.0,
    2
   ],
   [
    "#000000",
    1.0,
    2
   ],
   [
    "#000000",
    1.0,
    2
   ],
   [
    "#000000",
    1.0,
    2
   ],
   [
    "#000000",
    1.0,
    2
   ],
   [
    "#000000",
    1.0,
    2
   ],
   [
    "#000000",
    1.0,
    2
   ],
   [
    "#000000",
    1.0,
    2
   ],
   [
    "#000000",
    1.0,
    2
   ],
   [
    "#ffffff",
    0.8,
    9
   ]
  ],
  "kernel_oldlabels.pdf": [
   [
    "#ffffff",
    1.0,
    4
   ],
   [
    "#ffffff",
    1.0,
    4
   ],
   [
    "#1b4f72",
    0.15,
    1204
   ],
   [
    "#000000",
    1.0,
    2
   ],
   [
    "#000000",
    1.0,
    2
   ],
   [
    "#000000",
    1.0,
    2
   ],
   [
    "#000000",
    1.0,
    2
   ],
   [
    "#000000",
    1.0,
    2
   ],
   [
    "#000000",
    1.0,
    2
   ],
   [
    "#000000",
    1.0,
    2
   ],
   [
    "#000000",
    1.0,
    2
   ],
   [
    "#000000",
    1.0,
    2
   ],
   [
    "#000000",
    1.0,
    2
   ],
   [
    "#ffffff",
    1.0,
    4
   ],
   [
    "#000000",
    1.0,
    2
   ],
   [
    "#000000",
    1.0,
    2
   ],
   [
    "#000000",
    1.0,
    2
   ],
   [
    "#000000",
    1.0,
    2
   ],
   [
    "#000000",
    1.0,
    2
   ],
   [
    "#000000",
    1.0,
    2
   ],
   [
    "#000000",
    1.0,
    2
   ],
   [
    "#000000",
    1.0,
    2
   ],
   [
    "#000000",
    1.0,
    2
   ],
   [
    "#000000",
    1.0,
    2
   ],
   [
    "#000000",
    1.0,
    2
   ],
   [
    "#000000",
    1.0,
    2
   ],
   [
    "#000000",
    1.0,
    2
   ],
   [
    "#000000",
    1.0,
    2
   ],
   [
    "#000000",
    1.0,
    2
   ],
   [
    "#000000",
    1.0,
    2
   ],
   [
    "#ffffff",
    0.8,
    9
   ]
  ],
  "kernel.pdf": [
   [
    "#ffffff",
    1.0,
    4
   ],
   [
    "#ffffff",
    1.0,
    4
   ],
   [
    "#1b4f72",
    0.15,
    1204
   ],
   [
    "#000000",
    1.0,
    2
   ],
   [
    "#000000",
    1.0,
    2
   ],
   [
    "#000000",
    1.0,
    2
   ],
   [
    "#000000",
    1.0,
    2
   ],
   [
    "#000000",
    1.0,
    2
   ],
   [
    "#000000",
    1.0,
    2
   ],
   [
    "#000000",
    1.0,
    2
   ],
   [
    "#000000",
    1.0,
    2
   ],
   [
    "#000000",
    1.0,
    2
   ],
   [
    "#000000",
    1.0,
    2
   ],
   [
    "#ffffff",
    1.0,
    4
   ],
   [
    "#000000",
    1.0,
    2
   ],
   [
    "#000000",
    1.0,
    2
   ],
   [
    "#000000",
    1.0,
    2
   ],
   [
    "#000000",
    1.0,
    2
   ],
   [
    "#000000",
    1.0,
    2
   ],
   [
    "#000000",
    1.0,
    2
   ],
   [
    "#000000",
    1.0,
    2
   ],
   [
    "#000000",
    1.0,
    2
   ],
   [
    "#000000",
    1.0,
    2
   ],
   [
    "#000000",
    1.0,
    2
   ],
   [
    "#000000",
    1.0,
    2
   ],
   [
    "#000000",
    1.0,
    2
   ],
   [
    "#000000",
    1.0,
    2
   ],
   [
    "#000000",
    1.0,
    2
   ],
   [
    "#000000",
    1.0,
    2
   ],
   [
    "#000000",
    1.0,
    2
   ],
   [
    "#ffffff",
    0.8,
    9
   ]
  ]
 },
 "archived_vs_control": {
  "pair": "old_kernel.pdf vs kernel_oldlabels.pdf",
  "n_strokes": [
   66,
   66
  ],
  "strokes_same_style_and_length": true,
  "strokes_max_vertex_diff_pt": 4.425609,
  "strokes_differing": [
   [
    0,
    "#b0b0b0",
    0.8,
    2,
    2.1599999999999966
   ],
   [
    1,
    "#000000",
    0.8,
    2,
    0.1600000000000037
   ],
   [
    2,
    "#b0b0b0",
    0.8,
    2,
    2.1599999999999966
   ],
   [
    3,
    "#000000",
    0.8,
    2,
    0.1600000000000037
   ],
   [
    4,
    "#b0b0b0",
    0.8,
    2,
    2.1599999999999966
   ],
   [
    5,
    "#000000",
    0.8,
    2,
    0.1600000000000037
   ],
   [
    6,
    "#b0b0b0",
    0.8,
    2,
    2.1599999999999966
   ],
   [
    7,
    "#000000",
    0.8,
    2,
    0.1600000000000037
   ],
   [
    8,
    "#b0b0b0",
    0.8,
    2,
    2.1599999999999966
   ],
   [
    9,
    "#000000",
    0.8,
    2,
    0.19386700000001156
   ],
   [
    10,
    "#b0b0b0",
    0.8,
    2,
    0.22060700000002953
   ],
   [
    11,
    "#000000",
    0.8,
    2,
    0.054545999999994876
   ],
   [
    12,
    "#b0b0b0",
    0.8,
    2,
    0.41760700000000384
   ],
   [
    13,
    "#000000",
    0.8,
    2,
    0.41760700000000384
   ],
   [
    14,
    "#b0b0b0",
    0.8,
    2,
    0.8897600000000097
   ],
   [
    15,
    "#000000",
    0.8,
    2,
    0.8897600000000097
   ],
   [
    16,
    "#b0b0b0",
    0.8,
    2,
    1.3619130000000155
   ],
   [
    17,
    "#000000",
    0.8,
    2,
    1.3619130000000155
   ],
   [
    18,
    "#b0b0b0",
    0.8,
    2,
    1.8340649999999812
   ],
   [
    19,
    "#000000",
    0.8,
    2,
    1.8340649999999812
   ],
   [
    20,
    "#1b4f72",
    2.0,
    80,
    2.0545459999999878
   ],
   [
    21,
    "#000000",
    0.8,
    2,
    2.1599999999999966
   ],
   [
    22,
    "#000000",
    0.8,
    2,
    0.22060700000002953
   ],
   [
    23,
    "#b0b0b0",
    0.8,
    2,
    2.1599999999999966
   ],
   [
    24,
    "#000000",
    0.8,
    2,
    0.21057899999999563
   ],
   [
    25,
    "#b0b0b0",
    0.8,
    2,
    2.1599999999999966
   ],
   [
    26,
    "#000000",
    0.8,
    2,
    0.17715399999997317
   ],
   [
    27,
    "#b0b0b0",
    0.8,
    2,
    2.1599999999999966
   ],
   [
    28,
    "#000000",
    0.8,
    2,
    0.1600000000000037
   ],
   [
    29,
    "#b0b0b0",
    0.8,
    2,
    2.1599999999999966
   ],
   [
    30,
    "#000000",
    0.8,
    2,
    0.1600000000000037
   ],
   [
    31,
    "#b0b0b0",
    0.8,
    2,
    2.1599999999999966
   ],
   [
    32,
    "#000000",
    0.8,
    2,
    0.1600000000000037
   ],
   [
    33,
    "#b0b0b0",
    0.8,
    2,
    2.1599999999999966
   ],
   [
    34,
    "#000000",
    0.8,
    2,
    0.1600000000000037
   ],
   [
    35,
    "#b0b0b0",
    0.8,
    2,
    2.1599999999999966
   ],
   [
    36,
    "#000000",
    0.8,
    2,
    0.1600000000000037
   ],
   [
    37,
    "#b0b0b0",
    0.8,
    2,
    0.22060699999997269
   ],
   [
    38,
    "#000000",
    0.8,
    2,
    0.22060699999997269
   ],
   [
    39,
    "#b0b0b0",
    0.8,
    2,
    0.22060699999997269
   ],
   [
    40,
    "#000000",
    0.8,
    2,
    0.22060699999997269
   ],
   [
    41,
    "#b0b0b0",
    0.8,
    2,
    0.38588299999999265
   ],
   [
    42,
    "#000000",
    0.8,
    2,
    0.38588299999999265
   ],
   [
    43,
    "#b0b0b0",
    0.8,
    2,
    0.6588229999999982
   ],
   [
    44,
    "#000000",
    0.8,
    2,
    0.6588229999999982
   ],
   [
    45,
    "#b0b0b0",
    0.8,
    2,
    0.9317639999999869
   ],
   [
    46,
    "#000000",
    0.8,
    2,
    0.9317639999999869
   ],
   [
    47,
    "#b0b0b0",
    0.8,
    2,
    1.2047059999999874
   ],
   [
    48,
    "#000000",
    0.8,
    2,
    1.2047059999999874
   ],
   [
    49,
    "#b0b0b0",
    0.8,
    2,
    1.4776469999999904
   ],
   [
    50,
    "#000000",
    0.8,
    2,
    1.4776469999999904
   ],
   [
    51,
    "#b0b0b0",
    0.8,
    2,
    1.7505879999999934
   ],
   [
    52,
    "#000000",
    0.8,
    2,
    1.7505879999999934
   ],
   [
    53,
    "#b0b0b0",
    0.8,
    2,
    2.023529999999994
   ],
   [
    54,
    "#000000",
    0.8,
    2,
    2.023529999999994
   ],
   [
    55,
    "#1b4f72",
    1.4,
    57,
    1.4764259999999751
   ],
   [
    56,
    "#c0392b",
    1.4,
    60,
    4.425609
   ],
   [
    57,
    "#27ae60",
    1.4,
    133,
    3.7362629999999997
   ],
   [
    58,
    "#d68910",
    1.4,
    320,
    1.9662189999999953
   ],
   [
    59,
    "#000000",
    0.8,
    2,
    2.1599999999999966
   ],
   [
    60,
    "#000000",
    0.8,
    2,
    0.22060699999997269
   ],
   [
    61,
    "#cccccc",
    1.0,
    9,
    0.8400000000000034
   ],
   [
    62,
    "#1b4f72",
    1.4,
    3,
    0.8400000000000034
   ],
   [
    63,
    "#c0392b",
    1.4,
    3,
    0.5900000000000034
   ],
   [
    64,
    "#27ae60",
    1.4,
    3,
    0.3400000000000034
   ],
   [
    65,
    "#d68910",
    1.4,
    3,
    0.1103029999999876
   ]
  ],
  "n_fills": [
   31,
   31
  ],
  "fills_max_vertex_diff_pt": 2.1599999999999966,
  "n_xobjects": [
   20,
   0
  ],
  "xobjects_only_a": [
   [
    "F1-DejaVuSans-Phi",
    207.534,
    229.366
   ],
   [
    "F1-DejaVuSans-Phi",
    430.933,
    229.788
   ],
   [
    "F1-DejaVuSans-minus",
    57.453,
    27.366
   ],
   [
    "F1-DejaVuSans-minus",
    113.631,
    27.366
   ],
   [
    "F1-DejaVuSans-minus",
    354.401,
    42.304
   ],
   [
    "F1-DejaVuSans-minus",
    354.401,
    63.598
   ],
   [
    "F1-DejaVuSans-minus",
    358.401,
    84.892
   ],
   [
    "F1-DejaVuSans-minus",
    358.401,
    106.186
   ],
   [
    "F1-DejaVuSans-minus",
    358.401,
    127.068
   ],
   [
    "F1-DejaVuSans-minus",
    358.401,
    148.774
   ],
   [
    "F1-DejaVuSans-minus",
    382.696,
    27.366
   ],
   [
    "F1-DejaVuSans-minus",
    427.638,
    27.366
   ],
   [
    "F1-DejaVuSans-minus",
    472.581,
    27.366
   ],
   [
    "F1-DejaVuSans-minus",
    496.148,
    229.788
   ],
   [
    "F2-DejaVuSans-Oblique-delta",
    508.541,
    229.788
   ],
   [
    "F2-DejaVuSans-Oblique-delta",
    514.59,
    50.894
   ],
   [
    "F2-DejaVuSans-Oblique-delta",
    514.59,
    62.644
   ],
   [
    "F2-DejaVuSans-Oblique-delta",
    514.59,
    74.394
   ],
   [
    "F2-DejaVuSans-Oblique-delta",
    514.59,
    86.144
   ],
   [
    "F2-DejaVuSans-Oblique-pi",
    474.908,
    229.788
   ]
  ],
  "xobjects_only_b": [],
  "n_texts": [
   34,
   34
  ],
  "texts_only_a": [
   [
    "P oacute l y a space k e r n e l space parenleft u parenright",
    12.0,
    129.95,
    229.37
   ],
   [
    "bar parenleft x plus i parenleft slash four parenright parenright bar space i n s i d e space t h e space s t r i p",
    12.0,
    426.89,
    229.79
   ],
   [
    "equal zero period one",
    8.0,
    521.04,
    62.64
   ],
   [
    "equal zero period six eight five four",
    8.0,
    521.04,
    86.14
   ],
   [
    "equal zero period three nine two seven",
    8.0,
    521.04,
    74.39
   ],
   [
    "equal zero period zero two",
    8.0,
    521.04,
    50.89
   ],
   [
    "one",
    10.0,
    480.96,
    27.37
   ],
   [
    "one",
    10.0,
    566.65,
    27.37
   ],
   [
    "one period zero",
    10.0,
    65.83,
    27.37
   ],
   [
    "one period zero",
    10.0,
    286.35,
    27.37
   ],
   [
    "one zero eight",
    7.0,
    345.58,
    81.06
   ],
   [
    "one zero four",
    7.0,
    345.58,
    123.24
   ],
   [
    "one zero four",
    7.0,
    351.58,
    208.42
   ],
   [
    "one zero one two",
    7.0,
    341.58,
    38.48
   ],
   [
    "one zero one zero",
    7.0,
    341.58,
    59.77
   ],
   [
    "one zero six",
    7.0,
    345.58,
    102.36
   ],
   [
    "one zero two",
    7.0,
    345.58,
    144.95
   ],
   [
    "one zero two",
    7.0,
    351.58,
    187.53
   ],
   [
    "one zero zero",
    7.0,
    351.58,
    166.24
   ],
   [
    "three",
    10.0,
    391.08,
    27.37
   ],
   [
    "three",
    10.0,
    656.54,
    27.37
   ],
   [
    "two",
    10.0,
    436.02,
    27.37
   ],
   [
    "two",
    10.0,
    611.6,
    27.37
   ],
   [
    "u",
    10.0,
    178.78,
    13.69
   ],
   [
    "x",
    10.0,
    521.93,
    13.69
   ],
   [
    "zero",
    10.0,
    521.71,
    27.37
   ],
   [
    "zero period eight",
    10.0,
    10.73,
    193.73
   ],
   [
    "zero period five",
    10.0,
    122.01,
    27.37
   ],
   [
    "zero period five",
    10.0,
    230.17,
    27.37
   ],
   [
    "zero period four",
    10.0,
    10.73,
    120.06
   ],
   [
    "zero period six",
    10.0,
    10.73,
    156.9
   ],
   [
    "zero period two",
    10.0,
    10.73,
    83.23
   ],
   [
    "zero period zero",
    10.0,
    10.73,
    46.39
   ],
   [
    "zero period zero",
    10.0,
    174.0,
    27.37
   ]
  ],
  "texts_only_b": [
   [
    "P oacute l y a space k e r n e l space Phi parenleft u parenright",
    12.0,
    130.06,
    231.53
   ],
   [
    "bar Phi parenleft x plus i parenleft pi slash four minus delta parenright parenright bar space i n s i d e space t h e space s t r i p",
    12.0,
    426.78,
    231.95
   ],
   [
    "delta equal zero period one",
    8.0,
    514.48,
    62.98
   ],
   [
    "delta equal zero period six eight five four",
    8.0,
    514.48,
    86.98
   ],
   [
    "delta equal zero period three nine two seven",
    8.0,
    514.48,
    74.98
   ],
   [
    "delta equal zero period zero two",
    8.0,
    514.48,
    50.98
   ],
   [
    "minus one",
    10.0,
    472.44,
    27.2
   ],
   [
    "minus one period zero",
    10.0,
    57.49,
    27.2
   ],
   [
    "minus three",
    10.0,
    382.49,
    27.2
   ],
   [
    "minus two",
    10.0,
    427.46,
    27.2
   ],
   [
    "minus zero period five",
    10.0,
    113.71,
    27.2
   ],
   [
    "one",
    10.0,
    566.58,
    27.2
   ],
   [
    "one period zero",
    10.0,
    286.55,
    27.2
   ],
   [
    "one zero four",
    7.0,
    351.36,
    210.1
   ],
   [
    "one zero minus eight",
    7.0,
    345.36,
    80.61
   ],
   [
    "one zero minus four",
    7.0,
    345.36,
    123.83
   ],
   [
    "one zero minus one two",
    7.0,
    341.36,
    37.47
   ],
   [
    "one zero minus one zero",
    7.0,
    341.36,
    59.04
   ],
   [
    "one zero minus six",
    7.0,
    345.36,
    102.18
   ],
   [
    "one zero minus two",
    7.0,
    345.36,
    145.31
   ],
   [
    "one zero two",
    7.0,
    351.36,
    188.44
   ],
   [
    "one zero zero",
    7.0,
    351.36,
    166.88
   ],
   [
    "three",
    10.0,
    656.53,
    27.2
   ],
   [
    "two",
    10.0,
    611.55,
    27.2
   ],
   [
    "u",
    10.0,
    178.89,
    13.2
   ],
   [
    "x",
    10.0,
    521.82,
    13.2
   ],
   [
    "zero",
    10.0,
    521.6,
    27.2
   ],
   [
    "zero period eight",
    10.0,
    10.75,
    195.57
   ],
   [
    "zero period five",
    10.0,
    230.33,
    27.2
   ],
   [
    "zero period four",
    10.0,
    10.75,
    120.95
   ],
   [
    "zero period six",
    10.0,
    10.75,
    158.26
   ],
   [
    "zero period two",
    10.0,
    10.75,
    83.64
   ],
   [
    "zero period zero",
    10.0,
    10.75,
    46.33
   ],
   [
    "zero period zero",
    10.0,
    174.11,
    27.2
   ]
  ]
 },
 "control_vs_new": {
  "pair": "kernel_oldlabels.pdf vs kernel.pdf",
  "n_strokes": [
   66,
   66
  ],
  "strokes_same_style_and_length": true,
  "strokes_max_vertex_diff_pt": 0.3125,
  "strokes_differing": [
   [
    61,
    "#cccccc",
    1.0,
    9,
    0.3125
   ],
   [
    62,
    "#1b4f72",
    1.4,
    3,
    0.3125
   ],
   [
    63,
    "#c0392b",
    1.4,
    3,
    0.234375
   ],
   [
    64,
    "#27ae60",
    1.4,
    3,
    0.15625
   ],
   [
    65,
    "#d68910",
    1.4,
    3,
    0.078125
   ]
  ],
  "n_fills": [
   31,
   31
  ],
  "fills_max_vertex_diff_pt": 0.3125,
  "n_xobjects": [
   0,
   0
  ],
  "xobjects_only_a": [],
  "xobjects_only_b": [],
  "n_texts": [
   34,
   34
  ],
  "texts_only_a": [
   [
    "bar Phi parenleft x plus i parenleft pi slash four minus delta parenright parenright bar space i n s i d e space t h e space s t r i p",
    12.0,
    426.78,
    231.95
   ],
   [
    "delta equal zero period one",
    8.0,
    514.48,
    62.98
   ],
   [
    "delta equal zero period six eight five four",
    8.0,
    514.48,
    86.98
   ],
   [
    "delta equal zero period three nine two seven",
    8.0,
    514.48,
    74.98
   ],
   [
    "delta equal zero period zero two",
    8.0,
    514.48,
    50.98
   ]
  ],
  "texts_only_b": [
   [
    "bar Phi parenleft x plus i eta parenright bar space i n s i d e space t h e space s t r i p",
    12.0,
    447.78,
    231.95
   ],
   [
    "eta equal zero period one zero zero zero",
    8.0,
    514.48,
    87.3
   ],
   [
    "eta equal zero period seven six five four",
    8.0,
    514.48,
    51.06
   ],
   [
    "eta equal zero period six eight five four",
    8.0,
    514.48,
    63.14
   ],
   [
    "eta equal zero period three nine two seven",
    8.0,
    514.48,
    75.22
   ]
  ]
 },
 "archived_vs_new": {
  "pair": "old_kernel.pdf vs kernel.pdf",
  "n_strokes": [
   66,
   66
  ],
  "strokes_same_style_and_length": true,
  "strokes_max_vertex_diff_pt": 4.425609,
  "strokes_differing": [
   [
    0,
    "#b0b0b0",
    0.8,
    2,
    2.1599999999999966
   ],
   [
    1,
    "#000000",
    0.8,
    2,
    0.1600000000000037
   ],
   [
    2,
    "#b0b0b0",
    0.8,
    2,
    2.1599999999999966
   ],
   [
    3,
    "#000000",
    0.8,
    2,
    0.1600000000000037
   ],
   [
    4,
    "#b0b0b0",
    0.8,
    2,
    2.1599999999999966
   ],
   [
    5,
    "#000000",
    0.8,
    2,
    0.1600000000000037
   ],
   [
    6,
    "#b0b0b0",
    0.8,
    2,
    2.1599999999999966
   ],
   [
    7,
    "#000000",
    0.8,
    2,
    0.1600000000000037
   ],
   [
    8,
    "#b0b0b0",
    0.8,
    2,
    2.1599999999999966
   ],
   [
    9,
    "#000000",
    0.8,
    2,
    0.19386700000001156
   ],
   [
    10,
    "#b0b0b0",
    0.8,
    2,
    0.22060700000002953
   ],
   [
    11,
    "#000000",
    0.8,
    2,
    0.054545999999994876
   ],
   [
    12,
    "#b0b0b0",
    0.8,
    2,
    0.41760700000000384
   ],
   [
    13,
    "#000000",
    0.8,
    2,
    0.41760700000000384
   ],
   [
    14,
    "#b0b0b0",
    0.8,
    2,
    0.8897600000000097
   ],
   [
    15,
    "#000000",
    0.8,
    2,
    0.8897600000000097
   ],
   [
    16,
    "#b0b0b0",
    0.8,
    2,
    1.3619130000000155
   ],
   [
    17,
    "#000000",
    0.8,
    2,
    1.3619130000000155
   ],
   [
    18,
    "#b0b0b0",
    0.8,
    2,
    1.8340649999999812
   ],
   [
    19,
    "#000000",
    0.8,
    2,
    1.8340649999999812
   ],
   [
    20,
    "#1b4f72",
    2.0,
    80,
    2.0545459999999878
   ],
   [
    21,
    "#000000",
    0.8,
    2,
    2.1599999999999966
   ],
   [
    22,
    "#000000",
    0.8,
    2,
    0.22060700000002953
   ],
   [
    23,
    "#b0b0b0",
    0.8,
    2,
    2.1599999999999966
   ],
   [
    24,
    "#000000",
    0.8,
    2,
    0.21057899999999563
   ],
   [
    25,
    "#b0b0b0",
    0.8,
    2,
    2.1599999999999966
   ],
   [
    26,
    "#000000",
    0.8,
    2,
    0.17715399999997317
   ],
   [
    27,
    "#b0b0b0",
    0.8,
    2,
    2.1599999999999966
   ],
   [
    28,
    "#000000",
    0.8,
    2,
    0.1600000000000037
   ],
   [
    29,
    "#b0b0b0",
    0.8,
    2,
    2.1599999999999966
   ],
   [
    30,
    "#000000",
    0.8,
    2,
    0.1600000000000037
   ],
   [
    31,
    "#b0b0b0",
    0.8,
    2,
    2.1599999999999966
   ],
   [
    32,
    "#000000",
    0.8,
    2,
    0.1600000000000037
   ],
   [
    33,
    "#b0b0b0",
    0.8,
    2,
    2.1599999999999966
   ],
   [
    34,
    "#000000",
    0.8,
    2,
    0.1600000000000037
   ],
   [
    35,
    "#b0b0b0",
    0.8,
    2,
    2.1599999999999966
   ],
   [
    36,
    "#000000",
    0.8,
    2,
    0.1600000000000037
   ],
   [
    37,
    "#b0b0b0",
    0.8,
    2,
    0.22060699999997269
   ],
   [
    38,
    "#000000",
    0.8,
    2,
    0.22060699999997269
   ],
   [
    39,
    "#b0b0b0",
    0.8,
    2,
    0.22060699999997269
   ],
   [
    40,
    "#000000",
    0.8,
    2,
    0.22060699999997269
   ],
   [
    41,
    "#b0b0b0",
    0.8,
    2,
    0.38588299999999265
   ],
   [
    42,
    "#000000",
    0.8,
    2,
    0.38588299999999265
   ],
   [
    43,
    "#b0b0b0",
    0.8,
    2,
    0.6588229999999982
   ],
   [
    44,
    "#000000",
    0.8,
    2,
    0.6588229999999982
   ],
   [
    45,
    "#b0b0b0",
    0.8,
    2,
    0.9317639999999869
   ],
   [
    46,
    "#000000",
    0.8,
    2,
    0.9317639999999869
   ],
   [
    47,
    "#b0b0b0",
    0.8,
    2,
    1.2047059999999874
   ],
   [
    48,
    "#000000",
    0.8,
    2,
    1.2047059999999874
   ],
   [
    49,
    "#b0b0b0",
    0.8,
    2,
    1.4776469999999904
   ],
   [
    50,
    "#000000",
    0.8,
    2,
    1.4776469999999904
   ],
   [
    51,
    "#b0b0b0",
    0.8,
    2,
    1.7505879999999934
   ],
   [
    52,
    "#000000",
    0.8,
    2,
    1.7505879999999934
   ],
   [
    53,
    "#b0b0b0",
    0.8,
    2,
    2.023529999999994
   ],
   [
    54,
    "#000000",
    0.8,
    2,
    2.023529999999994
   ],
   [
    55,
    "#1b4f72",
    1.4,
    57,
    1.4764259999999751
   ],
   [
    56,
    "#c0392b",
    1.4,
    60,
    4.425609
   ],
   [
    57,
    "#27ae60",
    1.4,
    133,
    3.7362629999999997
   ],
   [
    58,
    "#d68910",
    1.4,
    320,
    1.9662189999999953
   ],
   [
    59,
    "#000000",
    0.8,
    2,
    2.1599999999999966
   ],
   [
    60,
    "#000000",
    0.8,
    2,
    0.22060699999997269
   ],
   [
    61,
    "#cccccc",
    1.0,
    9,
    1.1525000000000034
   ],
   [
    62,
    "#1b4f72",
    1.4,
    3,
    1.1525000000000034
   ],
   [
    63,
    "#c0392b",
    1.4,
    3,
    0.8243750000000034
   ],
   [
    64,
    "#27ae60",
    1.4,
    3,
    0.4962500000000034
   ],
   [
    65,
    "#d68910",
    1.4,
    3,
    0.1681249999999963
   ]
  ],
  "n_fills": [
   31,
   31
  ],
  "fills_max_vertex_diff_pt": 2.1599999999999966,
  "n_xobjects": [
   20,
   0
  ],
  "xobjects_only_a": [
   [
    "F1-DejaVuSans-Phi",
    207.534,
    229.366
   ],
   [
    "F1-DejaVuSans-Phi",
    430.933,
    229.788
   ],
   [
    "F1-DejaVuSans-minus",
    57.453,
    27.366
   ],
   [
    "F1-DejaVuSans-minus",
    113.631,
    27.366
   ],
   [
    "F1-DejaVuSans-minus",
    354.401,
    42.304
   ],
   [
    "F1-DejaVuSans-minus",
    354.401,
    63.598
   ],
   [
    "F1-DejaVuSans-minus",
    358.401,
    84.892
   ],
   [
    "F1-DejaVuSans-minus",
    358.401,
    106.186
   ],
   [
    "F1-DejaVuSans-minus",
    358.401,
    127.068
   ],
   [
    "F1-DejaVuSans-minus",
    358.401,
    148.774
   ],
   [
    "F1-DejaVuSans-minus",
    382.696,
    27.366
   ],
   [
    "F1-DejaVuSans-minus",
    427.638,
    27.366
   ],
   [
    "F1-DejaVuSans-minus",
    472.581,
    27.366
   ],
   [
    "F1-DejaVuSans-minus",
    496.148,
    229.788
   ],
   [
    "F2-DejaVuSans-Oblique-delta",
    508.541,
    229.788
   ],
   [
    "F2-DejaVuSans-Oblique-delta",
    514.59,
    50.894
   ],
   [
    "F2-DejaVuSans-Oblique-delta",
    514.59,
    62.644
   ],
   [
    "F2-DejaVuSans-Oblique-delta",
    514.59,
    74.394
   ],
   [
    "F2-DejaVuSans-Oblique-delta",
    514.59,
    86.144
   ],
   [
    "F2-DejaVuSans-Oblique-pi",
    474.908,
    229.788
   ]
  ],
  "xobjects_only_b": [],
  "n_texts": [
   34,
   34
  ],
  "texts_only_a": [
   [
    "P oacute l y a space k e r n e l space parenleft u parenright",
    12.0,
    129.95,
    229.37
   ],
   [
    "bar parenleft x plus i parenleft slash four parenright parenright bar space i n s i d e space t h e space s t r i p",
    12.0,
    426.89,
    229.79
   ],
   [
    "equal zero period one",
    8.0,
    521.04,
    62.64
   ],
   [
    "equal zero period six eight five four",
    8.0,
    521.04,
    86.14
   ],
   [
    "equal zero period three nine two seven",
    8.0,
    521.04,
    74.39
   ],
   [
    "equal zero period zero two",
    8.0,
    521.04,
    50.89
   ],
   [
    "one",
    10.0,
    480.96,
    27.37
   ],
   [
    "one",
    10.0,
    566.65,
    27.37
   ],
   [
    "one period zero",
    10.0,
    65.83,
    27.37
   ],
   [
    "one period zero",
    10.0,
    286.35,
    27.37
   ],
   [
    "one zero eight",
    7.0,
    345.58,
    81.06
   ],
   [
    "one zero four",
    7.0,
    345.58,
    123.24
   ],
   [
    "one zero four",
    7.0,
    351.58,
    208.42
   ],
   [
    "one zero one two",
    7.0,
    341.58,
    38.48
   ],
   [
    "one zero one zero",
    7.0,
    341.58,
    59.77
   ],
   [
    "one zero six",
    7.0,
    345.58,
    102.36
   ],
   [
    "one zero two",
    7.0,
    345.58,
    144.95
   ],
   [
    "one zero two",
    7.0,
    351.58,
    187.53
   ],
   [
    "one zero zero",
    7.0,
    351.58,
    166.24
   ],
   [
    "three",
    10.0,
    391.08,
    27.37
   ],
   [
    "three",
    10.0,
    656.54,
    27.37
   ],
   [
    "two",
    10.0,
    436.02,
    27.37
   ],
   [
    "two",
    10.0,
    611.6,
    27.37
   ],
   [
    "u",
    10.0,
    178.78,
    13.69
   ],
   [
    "x",
    10.0,
    521.93,
    13.69
   ],
   [
    "zero",
    10.0,
    521.71,
    27.37
   ],
   [
    "zero period eight",
    10.0,
    10.73,
    193.73
   ],
   [
    "zero period five",
    10.0,
    122.01,
    27.37
   ],
   [
    "zero period five",
    10.0,
    230.17,
    27.37
   ],
   [
    "zero period four",
    10.0,
    10.73,
    120.06
   ],
   [
    "zero period six",
    10.0,
    10.73,
    156.9
   ],
   [
    "zero period two",
    10.0,
    10.73,
    83.23
   ],
   [
    "zero period zero",
    10.0,
    10.73,
    46.39
   ],
   [
    "zero period zero",
    10.0,
    174.0,
    27.37
   ]
  ],
  "texts_only_b": [
   [
    "P oacute l y a space k e r n e l space Phi parenleft u parenright",
    12.0,
    130.06,
    231.53
   ],
   [
    "bar Phi parenleft x plus i eta parenright bar space i n s i d e space t h e space s t r i p",
    12.0,
    447.78,
    231.95
   ],
   [
    "eta equal zero period one zero zero zero",
    8.0,
    514.48,
    87.3
   ],
   [
    "eta equal zero period seven six five four",
    8.0,
    514.48,
    51.06
   ],
   [
    "eta equal zero period six eight five four",
    8.0,
    514.48,
    63.14
   ],
   [
    "eta equal zero period three nine two seven",
    8.0,
    514.48,
    75.22
   ],
   [
    "minus one",
    10.0,
    472.44,
    27.2
   ],
   [
    "minus one period zero",
    10.0,
    57.49,
    27.2
   ],
   [
    "minus three",
    10.0,
    382.49,
    27.2
   ],
   [
    "minus two",
    10.0,
    427.46,
    27.2
   ],
   [
    "minus zero period five",
    10.0,
    113.71,
    27.2
   ],
   [
    "one",
    10.0,
    566.58,
    27.2
   ],
   [
    "one period zero",
    10.0,
    286.55,
    27.2
   ],
   [
    "one zero four",
    7.0,
    351.36,
    210.1
   ],
   [
    "one zero minus eight",
    7.0,
    345.36,
    80.61
   ],
   [
    "one zero minus four",
    7.0,
    345.36,
    123.83
   ],
   [
    "one zero minus one two",
    7.0,
    341.36,
    37.47
   ],
   [
    "one zero minus one zero",
    7.0,
    341.36,
    59.04
   ],
   [
    "one zero minus six",
    7.0,
    345.36,
    102.18
   ],
   [
    "one zero minus two",
    7.0,
    345.36,
    145.31
   ],
   [
    "one zero two",
    7.0,
    351.36,
    188.44
   ],
   [
    "one zero zero",
    7.0,
    351.36,
    166.88
   ],
   [
    "three",
    10.0,
    656.53,
    27.2
   ],
   [
    "two",
    10.0,
    611.55,
    27.2
   ],
   [
    "u",
    10.0,
    178.89,
    13.2
   ],
   [
    "x",
    10.0,
    521.82,
    13.2
   ],
   [
    "zero",
    10.0,
    521.6,
    27.2
   ],
   [
    "zero period eight",
    10.0,
    10.75,
    195.57
   ],
   [
    "zero period five",
    10.0,
    230.33,
    27.2
   ],
   [
    "zero period four",
    10.0,
    10.75,
    120.95
   ],
   [
    "zero period six",
    10.0,
    10.75,
    158.26
   ],
   [
    "zero period two",
    10.0,
    10.75,
    83.64
   ],
   [
    "zero period zero",
    10.0,
    10.75,
    46.33
   ],
   [
    "zero period zero",
    10.0,
    174.11,
    27.2
   ]
  ]
 },
 "data_check": {
  "old_kernel.pdf": {
   "boxes_pt": [
    [
     33.64,
     41.96,
     330.259393,
     222.96
    ],
    [
     376.580607,
     41.96,
     673.2,
     222.96
    ]
   ],
   "left_subpaths": 1,
   "left": {
    "n": 80,
    "max_abs_err": 1.4715575591406349e-08,
    "peak": 0.8933937994534837
   },
   "right": [
    {
     "d": "0.6854",
     "colour": "#1b4f72",
     "subpaths": 2,
     "n": 60,
     "n_compared": 50,
     "n_off_grid_inside": 3,
     "max_abs_err_log10": 4.6665972419646096e-08,
     "peak_log10": -0.008944337016574266
    },
    {
     "d": "0.3927",
     "colour": "#c0392b",
     "subpaths": 2,
     "n": 63,
     "n_compared": 53,
     "n_off_grid_inside": 3,
     "max_abs_err_log10": 4.1053960231351994e-08,
     "peak_log10": 0.5107901823204415
    },
    {
     "d": "0.1",
     "colour": "#27ae60",
     "subpaths": 2,
     "n": 136,
     "n_compared": 125,
     "n_off_grid_inside": 3,
     "max_abs_err_log10": 4.663617114708529e-08,
     "peak_log10": 1.8830930165745858
    },
    {
     "d": "0.02",
     "colour": "#d68910",
     "subpaths": 2,
     "n": 323,
     "n_compared": 315,
     "n_off_grid_inside": 3,
     "max_abs_err_log10": 4.68631289329835e-08,
     "peak_log10": 3.5800498287292815
    }
   ]
  },
  "kernel_oldlabels.pdf": {
   "boxes_pt": [
    [
     33.64,
     41.8,
     330.48,
     225.12
    ],
    [
     376.36,
     41.8,
     673.2,
     225.12
    ]
   ],
   "left_subpaths": 1,
   "left": {
    "n": 80,
    "max_abs_err": 1.03957512598285e-08,
    "peak": 0.8933938023962705
   },
   "right": [
    {
     "d": "0.6854",
     "colour": "#1b4f72",
     "subpaths": 2,
     "n": 60,
     "n_compared": 50,
     "n_off_grid_inside": 3,
     "max_abs_err_log10": 4.634241519002602e-08,
     "peak_log10": -0.008944375954614614
    },
    {
     "d": "0.3927",
     "colour": "#c0392b",
     "subpaths": 2,
     "n": 63,
     "n_compared": 53,
     "n_off_grid_inside": 3,
     "max_abs_err_log10": 4.5974603346543574e-08,
     "peak_log10": 0.5104939995636055
    },
    {
     "d": "0.1",
     "colour": "#27ae60",
     "subpaths": 2,
     "n": 136,
     "n_compared": 126,
     "n_off_grid_inside": 3,
     "max_abs_err_log10": 4.604875702973743e-08,
     "peak_log10": 1.8830930285839003
    },
    {
     "d": "0.02",
     "colour": "#d68910",
     "subpaths": 2,
     "n": 323,
     "n_compared": 315,
     "n_off_grid_inside": 3,
     "max_abs_err_log10": 4.578734191795775e-08,
     "peak_log10": 3.580049869081387
    }
   ]
  },
  "kernel.pdf": {
   "boxes_pt": [
    [
     33.64,
     41.8,
     330.48,
     225.12
    ],
    [
     376.36,
     41.8,
     673.2,
     225.12
    ]
   ],
   "left_subpaths": 1,
   "left": {
    "n": 80,
    "max_abs_err": 1.03957512598285e-08,
    "peak": 0.8933938023962705
   },
   "right": [
    {
     "d": "0.6854",
     "colour": "#1b4f72",
     "subpaths": 2,
     "n": 60,
     "n_compared": 50,
     "n_off_grid_inside": 3,
     "max_abs_err_log10": 4.634241519002602e-08,
     "peak_log10": -0.008944375954614614
    },
    {
     "d": "0.3927",
     "colour": "#c0392b",
     "subpaths": 2,
     "n": 63,
     "n_compared": 53,
     "n_off_grid_inside": 3,
     "max_abs_err_log10": 4.5974603346543574e-08,
     "peak_log10": 0.5104939995636055
    },
    {
     "d": "0.1",
     "colour": "#27ae60",
     "subpaths": 2,
     "n": 136,
     "n_compared": 126,
     "n_off_grid_inside": 3,
     "max_abs_err_log10": 4.604875702973743e-08,
     "peak_log10": 1.8830930285839003
    },
    {
     "d": "0.02",
     "colour": "#d68910",
     "subpaths": 2,
     "n": 323,
     "n_compared": 315,
     "n_off_grid_inside": 3,
     "max_abs_err_log10": 4.578734191795775e-08,
     "peak_log10": 3.580049869081387
    }
   ]
  }
 },
 "control_json_equals_new_json": true,
 "axes_geometry": {
  "kernel_oldlabels": [
   {
    "box": [
     33.64000000000001,
     41.80000000000002,
     330.47999999999996,
     225.12
    ],
    "xlim": [
     -1.3199999999999998,
     1.3199999999999998
    ],
    "ylim": [
     -0.04466969004671235,
     0.9380634909809593
    ],
    "yscale": "linear",
    "title": "P\u00f3lya kernel $\\Phi(u)$",
    "legend": []
   },
   {
    "box": [
     376.36,
     41.80000000000002,
     673.1999999999999,
     225.12
    ],
    "xlim": [
     -3.3,
     3.3
    ],
    "ylim": [
     1e-12,
     100000.0
    ],
    "yscale": "log",
    "title": "$|\\Phi(x+i(\\pi/4-\\delta))|$ inside the strip",
    "legend": [
     "$\\delta=0.6854$",
     "$\\delta=0.3927$",
     "$\\delta=0.1$",
     "$\\delta=0.02$"
    ]
   }
  ],
  "kernel": [
   {
    "box": [
     33.64000000000001,
     41.80000000000002,
     330.47999999999996,
     225.12
    ],
    "xlim": [
     -1.3199999999999998,
     1.3199999999999998
    ],
    "ylim": [
     -0.04466969004671235,
     0.9380634909809593
    ],
    "yscale": "linear",
    "title": "P\u00f3lya kernel $\\Phi(u)$",
    "legend": []
   },
   {
    "box": [
     376.36,
     41.80000000000002,
     673.1999999999999,
     225.12
    ],
    "xlim": [
     -3.3,
     3.3
    ],
    "ylim": [
     1e-12,
     100000.0
    ],
    "yscale": "log",
    "title": "$|\\Phi(x+i\\eta)|$ inside the strip",
    "legend": [
     "$\\eta=0.1000$",
     "$\\eta=0.3927$",
     "$\\eta=0.6854$",
     "$\\eta=0.7654$"
    ]
   }
  ]
 },
 "matplotlib": {
  "kernel_oldlabels": "3.11.2",
  "kernel": "3.11.2"
 },
 "pixels_archived_vs_new": {
  "shape": [
   525,
   1425,
   3
  ],
  "n_pixels_differ": 30963,
  "n_pixels_any_diff": 57446,
  "max_channel_diff": 255,
  "regions": [
   {
    "x": [
     266,
     428
    ],
    "y": [
     15,
     59
    ],
    "pixels": 1436
   },
   {
    "x": [
     886,
     1302
    ],
    "y": [
     15,
     58
    ],
    "pixels": 4072
   },
   {
    "x": [
     427,
     491
    ],
    "y": [
     17,
     57
    ],
    "pixels": 557
   },
   {
    "x": [
     63,
     77
    ],
    "y": [
     49,
     66
    ],
    "pixels": 10
   },
   {
    "x": [
     707,
     1409
    ],
    "y": [
     49,
     475
    ],
    "pixels": 20128
   },
   {
    "x": [
     264,
     528
    ],
    "y": [
     65,
     424
    ],
    "pixels": 2010
   },
   {
    "x": [
     805,
     818
    ],
    "y": [
     72,
     85
    ],
    "pixels": 1
   },
   {
    "x": [
     17,
     75
    ],
    "y": [
     95,
     128
    ],
    "pixels": 337
   },
   {
    "x": [
     489,
     502
    ],
    "y": [
     107,
     120
    ],
    "pixels": 1
   },
   {
    "x": [
     606,
     619
    ],
    "y": [
     107,
     120
    ],
    "pixels": 1
   },
   {
    "x": [
     805,
     818
    ],
    "y": [
     117,
     130
    ],
    "pixels": 1
   },
   {
    "x": [
     805,
     818
    ],
    "y": [
     161,
     175
    ],
    "pixels": 2
   },
   {
    "x": [
     994,
     1007
    ],
    "y": [
     165,
     178
    ],
    "pixels": 1
   },
   {
    "x": [
     17,
     75
    ],
    "y": [
     173,
     205
    ],
    "pixels": 309
   },
   {
    "x": [
     489,
     502
    ],
    "y": [
     183,
     197
    ],
    "pixels": 2
   },
   {
    "x": [
     606,
     619
    ],
    "y": [
     183,
     197
    ],
    "pixels": 2
   },
   {
    "x": [
     805,
     818
    ],
    "y": [
     206,
     220
    ],
    "pixels": 2
   },
   {
    "x": [
     17,
     75
    ],
    "y": [
     251,
     281
    ],
    "pixels": 177
   },
   {
    "x": [
     805,
     818
    ],
    "y": [
     251,
     265
    ],
    "pixels": 2
   },
   {
    "x": [
     1086,
     1099
    ],
    "y": [
     251,
     265
    ],
    "pixels": 2
   },
   {
    "x": [
     489,
     502
    ],
    "y": [
     260,
     274
    ],
    "pixels": 2
   },
   {
    "x": [
     606,
     619
    ],
    "y": [
     260,
     274
    ],
    "pixels": 2
   },
   {
    "x": [
     715,
     763
    ],
    "y": [
     289,
     319
    ],
    "pixels": 196
   },
   {
    "x": [
     805,
     818
    ],
    "y": [
     296,
     310
    ],
    "pixels": 2
   },
   {
    "x": [
     1086,
     1099
    ],
    "y": [
     296,
     310
    ],
    "pixels": 2
   },
   {
    "x": [
     17,
     75
    ],
    "y": [
     328,
     358
    ],
    "pixels": 188
   },
   {
    "x": [
     715,
     763
    ],
    "y": [
     334,
     364
    ],
    "pixels": 187
   },
   {
    "x": [
     489,
     502
    ],
    "y": [
     338,
     351
    ],
    "pixels": 1
   },
   {
    "x": [
     606,
     619
    ],
    "y": [
     338,
     351
    ],
    "pixels": 1
   },
   {
    "x": [
     805,
     818
    ],
    "y": [
     341,
     354
    ],
    "pixels": 1
   },
   {
    "x": [
     1209,
     1222
    ],
    "y": [
     355,
     368
    ],
    "pixels": 1
   },
   {
    "x": [
     1272,
     1288
    ],
    "y": [
     366,
     384
    ],
    "pixels": 4
   },
   {
    "x": [
     707,
     774
    ],
    "y": [
     375,
     408
    ],
    "pixels": 236
   },
   {
    "x": [
     105,
     251
    ],
    "y": [
     403,
     429
    ],
    "pixels": 135
   },
   {
    "x": [
     1018,
     1066
    ],
    "y": [
     405,
     421
    ],
    "pixels": 72
   },
   {
    "x": [
     535,
     600
    ],
    "y": [
     411,
     429
    ],
    "pixels": 48
   },
   {
    "x": [
     656,
     669
    ],
    "y": [
     412,
     429
    ],
    "pixels": 5
   },
   {
    "x": [
     22,
     35
    ],
    "y": [
     422,
     435
    ],
    "pixels": 1
   },
   {
    "x": [
     42,
     55
    ],
    "y": [
     422,
     435
    ],
    "pixels": 1
   },
   {
    "x": [
     63,
     695
    ],
    "y": [
     432,
     475
    ],
    "pixels": 1467
   },
   {
    "x": [
     368,
     390
    ],
    "y": [
     478,
     504
    ],
    "pixels": 39
   },
   {
    "x": [
     1081,
     1105
    ],
    "y": [
     478,
     504
    ],
    "pixels": 70
   }
  ]
 },
 "pixels_archived_vs_control": {
  "shape": [
   525,
   1425,
   3
  ],
  "n_pixels_differ": 29234,
  "n_pixels_any_diff": 55658,
  "max_channel_diff": 255,
  "regions": [
   {
    "x": [
     266,
     428
    ],
    "y": [
     15,
     59
    ],
    "pixels": 1436
   },
   {
    "x": [
     886,
     1302
    ],
    "y": [
     15,
     58
    ],
    "pixels": 3387
   },
   {
    "x": [
     427,
     491
    ],
    "y": [
     17,
     57
    ],
    "pixels": 557
   },
   {
    "x": [
     63,
     77
    ],
    "y": [
     49,
     66
    ],
    "pixels": 10
   },
   {
    "x": [
     707,
     1409
    ],
    "y": [
     49,
     475
    ],
    "pixels": 19084
   },
   {
    "x": [
     264,
     528
    ],
    "y": [
     65,
     424
    ],
    "pixels": 2010
   },
   {
    "x": [
     805,
     818
    ],
    "y": [
     72,
     85
    ],
    "pixels": 1
   },
   {
    "x": [
     17,
     75
    ],
    "y": [
     95,
     128
    ],
    "pixels": 337
   },
   {
    "x": [
     489,
     502
    ],
    "y": [
     107,
     120
    ],
    "pixels": 1
   },
   {
    "x": [
     606,
     619
    ],
    "y": [
     107,
     120
    ],
    "pixels": 1
   },
   {
    "x": [
     805,
     818
    ],
    "y": [
     117,
     130
    ],
    "pixels": 1
   },
   {
    "x": [
     805,
     818
    ],
    "y": [
     161,
     175
    ],
    "pixels": 2
   },
   {
    "x": [
     994,
     1007
    ],
    "y": [
     165,
     178
    ],
    "pixels": 1
   },
   {
    "x": [
     17,
     75
    ],
    "y": [
     173,
     205
    ],
    "pixels": 309
   },
   {
    "x": [
     489,
     502
    ],
    "y": [
     183,
     197
    ],
    "pixels": 2
   },
   {
    "x": [
     606,
     619
    ],
    "y": [
     183,
     197
    ],
    "pixels": 2
   },
   {
    "x": [
     805,
     818
    ],
    "y": [
     206,
     220
    ],
    "pixels": 2
   },
   {
    "x": [
     17,
     75
    ],
    "y": [
     251,
     281
    ],
    "pixels": 177
   },
   {
    "x": [
     805,
     818
    ],
    "y": [
     251,
     265
    ],
    "pixels": 2
   },
   {
    "x": [
     1086,
     1099
    ],
    "y": [
     251,
     265
    ],
    "pixels": 2
   },
   {
    "x": [
     489,
     502
    ],
    "y": [
     260,
     274
    ],
    "pixels": 2
   },
   {
    "x": [
     606,
     619
    ],
    "y": [
     260,
     274
    ],
    "pixels": 2
   },
   {
    "x": [
     715,
     763
    ],
    "y": [
     289,
     319
    ],
    "pixels": 196
   },
   {
    "x": [
     805,
     818
    ],
    "y": [
     296,
     310
    ],
    "pixels": 2
   },
   {
    "x": [
     1086,
     1099
    ],
    "y": [
     296,
     310
    ],
    "pixels": 2
   },
   {
    "x": [
     17,
     75
    ],
    "y": [
     328,
     358
    ],
    "pixels": 188
   },
   {
    "x": [
     715,
     763
    ],
    "y": [
     334,
     364
    ],
    "pixels": 187
   },
   {
    "x": [
     489,
     502
    ],
    "y": [
     338,
     351
    ],
    "pixels": 1
   },
   {
    "x": [
     606,
     619
    ],
    "y": [
     338,
     351
    ],
    "pixels": 1
   },
   {
    "x": [
     805,
     818
    ],
    "y": [
     341,
     354
    ],
    "pixels": 1
   },
   {
    "x": [
     1209,
     1222
    ],
    "y": [
     355,
     368
    ],
    "pixels": 1
   },
   {
    "x": [
     1272,
     1288
    ],
    "y": [
     366,
     384
    ],
    "pixels": 4
   },
   {
    "x": [
     707,
     774
    ],
    "y": [
     375,
     408
    ],
    "pixels": 236
   },
   {
    "x": [
     105,
     251
    ],
    "y": [
     403,
     429
    ],
    "pixels": 135
   },
   {
    "x": [
     535,
     600
    ],
    "y": [
     411,
     429
    ],
    "pixels": 48
   },
   {
    "x": [
     656,
     669
    ],
    "y": [
     412,
     429
    ],
    "pixels": 5
   },
   {
    "x": [
     22,
     35
    ],
    "y": [
     422,
     435
    ],
    "pixels": 1
   },
   {
    "x": [
     42,
     55
    ],
    "y": [
     422,
     435
    ],
    "pixels": 1
   },
   {
    "x": [
     63,
     695
    ],
    "y": [
     432,
     475
    ],
    "pixels": 1467
   },
   {
    "x": [
     368,
     390
    ],
    "y": [
     478,
     504
    ],
    "pixels": 39
   },
   {
    "x": [
     1081,
     1105
    ],
    "y": [
     478,
     504
    ],
    "pixels": 70
   }
  ]
 },
 "pixels_control_vs_new": {
  "shape": [
   525,
   1425,
   3
  ],
  "n_pixels_differ": 5789,
  "n_pixels_any_diff": 6615,
  "max_channel_diff": 255,
  "regions": [
   {
    "x": [
     886,
     1302
    ],
    "y": [
     15,
     53
    ],
    "pixels": 3834
   },
   {
    "x": [
     1014,
     1172
    ],
    "y": [
     317,
     428
    ],
    "pixels": 1955
   }
  ]
 }
}
exit 0
