[hopper_run] /scratch/vsokolov/rh_book_repro/agents/part6_riesz_large: sbatch --wait, 2 cores, 16G, 60 min
[hopper_run] job 1242771 on hop062.orc.gmu.edu
platform {'host': 'hop062.orc.gmu.edu', 'machine': 'x86_64', 'python': '3.11.4', 'numpy': '2.4.6', 'mpmath': '1.3.0', 'longdouble_eps': 1.0842021724855044e-19, 'longdouble_mantissa_bits': 63, 'extended': True}
explicit formula: twisted.json (37.441415155660884-26.042494140989913j)  Arb ['37.44141515566441455618433', '-26.04249414098560298592443']  radius [4.736769441720723e-33, 4.7859514480723436e-33]  |Arb - twisted.json|/x^(1/4) 1.76e-14  zeros 301-400 9.7e-150
R_50(1e10) = (37.44141600803035-26.042494604612816j)  |R|/x^(1/4) = 1.442245e-01  (13.2s)
  |R - explicit|/x^(1/4): 3.068e-09 (twisted.json), 3.068e-09 (Arb);  quoted value: 1.275e-08 from twisted.json, 9.852e-09 from R
rounding of 1/zeta(2+2ih): effect 2.250e-10 in |R|/x^(1/4); corrected R deviates by 3.012e-09
control R(1e10) = -0.0019946353287117096, archived -0.0019946353287117096, identical True
double precision variant: (37.44141812890008-26.042496882290028j)  |.-explicit|/x^(1/4) 1.279e-08  |.-R|/x^(1/4) 9.842e-09  (3.5s)
K   100  N 1.0e+07  R (37.44141387065666-26.042489165807915j)  dev 1.625e-08  corrected 1.645e-08  K^-3.5 1.0e-07  (6.6s)
K   200  N 2.0e+07  R (37.44141600803035-26.042494604612816j)  dev 3.068e-09  corrected 3.012e-09  K^-3.5 8.8e-09  (13.2s)
K   400  N 4.0e+07  R (37.44141515259359-26.04249415427291j)  dev 4.313e-11  corrected 1.819e-10  K^-3.5 7.8e-10  (26.4s)
K   800  N 8.0e+07  R (37.44141514196524-26.042494210802836j)  dev 2.250e-10  corrected 3.301e-12  K^-3.5 6.9e-11  (53.0s)
K  1600  N 1.6e+08  R (37.44141513977008-26.042494208214418j)  dev 2.185e-10  corrected 8.398e-12  K^-3.5 6.1e-12  (106.1s)
{
 "x": 10000000000.0,
 "h": 50.0,
 "K": 200,
 "N": 20000000,
 "quoted_before": [
  37.441418,
  -26.042497
 ],
 "platform": {
  "host": "hop062.orc.gmu.edu",
  "machine": "x86_64",
  "python": "3.11.4",
  "numpy": "2.4.6",
  "mpmath": "1.3.0",
  "longdouble_eps": 1.0842021724855044e-19,
  "longdouble_mantissa_bits": 63,
  "extended": true
 },
 "explicit": {
  "twisted_json": [
   37.441415155660884,
   -26.042494140989913
  ],
  "arb": [
   37.441415155664416,
   -26.042494140985603
  ],
  "arb_digits": [
   "37.44141515566441455618433",
   "-26.04249414098560298592443"
  ],
  "arb_radius": [
   4.736769441720723e-33,
   4.7859514480723436e-33
  ],
  "arb_vs_twisted_json": 1.761875570909629e-14,
  "ordinate_300": 541.8474371212013,
  "zeros_301_400_abs_upper": 9.653369019518276e-150,
  "trivial_abs_upper": [
   1.1314298969322333e-40,
   2.1592346003226707e-48,
   1.4636126397991665e-56
  ],
  "twisted_py_series": [
   37.441415731698235,
   -26.0424970477402
  ],
  "twisted_py_series_dev": 9.37071888302888e-09,
  "seconds": 1.6663000583648682
 },
 "main": {
  "R": [
   37.44141600803035,
   -26.042494604612816
  ],
  "abs_over_x14": 0.14422451795439217,
  "seconds": 13.181516885757446,
  "dev_vs_twisted_json": 3.068354454441826e-09,
  "dev_vs_arb": 3.0683511559817368e-09,
  "quoted_before_dev_vs_twisted_json": 1.2753118709809727e-08,
  "quoted_before_minus_R": 9.851813456809606e-09
 },
 "rounding": {
  "inv_zeta": [
   0.8380688811156681,
   0.037928349908552
  ],
  "delta": [
   -7.074281239414087e-18,
   7.6172575342854415e-19
  ],
  "effect": [
   -1.4722531985516827e-08,
   -6.961188957147818e-08
  ],
  "effect_over_x14": 2.2500151372326896e-10,
  "R_corrected": [
   37.44141602275288,
   -26.042494535000927
  ],
  "dev_corrected": 3.011794289792562e-09
 },
 "control_untwisted": {
  "R": -0.0019946353287117096,
  "archived": -0.0019946353287117096,
  "identical": true,
  "seconds": 3.762284755706787
 },
 "double": {
  "R": [
   37.44141812890008,
   -26.042496882290028
  ],
  "dev": 1.2788620049030078e-08,
  "minus_R": 9.841697969640373e-09,
  "quoted_before_minus_double": 5.52004251298758e-10,
  "seconds": 3.5486972332000732
 },
 "K_scan": [
  {
   "K": 100,
   "N": 10000000,
   "R": [
    37.44141387065666,
    -26.042489165807915
   ],
   "dev": 1.624919627652319e-08,
   "dev_corrected": 1.645099584792411e-08,
   "K_power": 1e-07,
   "seconds": 6.568615674972534
  },
  {
   "K": 200,
   "N": 20000000,
   "R": [
    37.44141600803035,
    -26.042494604612816
   ],
   "dev": 3.0683511559817368e-09,
   "dev_corrected": 3.011794289792562e-09,
   "K_power": 8.838834764831845e-09,
   "seconds": 13.181516885757446
  },
  {
   "K": 400,
   "N": 40000000,
   "R": [
    37.44141515259359,
    -26.04249415427291
   ],
   "dev": 4.312568195668088e-11,
   "dev_corrected": 1.8188515757319676e-10,
   "K_power": 7.8125e-10,
   "seconds": 26.38611936569214
  },
  {
   "K": 800,
   "N": 80000000,
   "R": [
    37.44141514196524,
    -26.042494210802836
   ],
   "dev": 2.2499141103786898e-10,
   "dev_corrected": 3.3006292258673698e-12,
   "K_power": 6.905339660024879e-11,
   "seconds": 52.995107650756836
  },
  {
   "K": 1600,
   "N": 160000000,
   "R": [
    37.44141513977008,
    -26.042494208214418
   ],
   "dev": 2.184569393347466e-10,
   "dev_corrected": 8.397723226933785e-12,
   "K_power": 6.103515625e-12,
   "seconds": 106.07083439826965
  }
 ]
}
exit 0
