[job] 1244301 on hop047.orc.gmu.edu, model name	: Intel(R) Xeon(R) Gold 6240R CPU @ 2.40GHz
curve done 187 s
{
 "pair": {
  "index_A": 1496,
  "index_B": 1497,
  "A": 1977.17394369804,
  "B": 1977.2714461997466,
  "g": 1977.2226949488931,
  "gap": 0.09750250170668551
 },
 "maximum": {
  "w1700": {
   "t": 7.134331012794363e-07,
   "rel": "3.7054939e-11",
   "log10_rel": -10.43115389528
  },
  "two_term": {
   "t": 7.2424311911208e-07,
   "rel": "3.6618796e-11",
   "log10_rel": -10.436295939920974
  },
  "exact": {
   "t": 7.242431152748983e-07,
   "rel": "3.6618795e-11",
   "log10_rel": -10.436295946206934
  }
 },
 "grid_maximum": {
  "w1700": {
   "t": 7.073332279644438e-07,
   "log10_rel": -10.4312003638094
  },
  "two_term": {
   "t": 7.322538337604526e-07,
   "log10_rel": -10.436377065018236
  },
  "exact": {
   "t": 7.322538337604526e-07,
   "log10_rel": -10.436377071382609
  }
 },
 "zero_of_change": 1.2789655093899754e-07,
 "crossings_w1700": {
  "-1000": 0.000588247786822276,
  "-3000": 0.0017670036805075722
 },
 "arith_json_check": {
  "0.002": {
   "exact": "1.783381205379132",
   "W1700": "1.783381205379132",
   "arith_json_Wz": "1.78338120537913",
   "quad_err": 4.935394785279679e-44
  },
  "0.005": {
   "exact": "0.5371919640910409",
   "W1700": "0.5371919640910408",
   "arith_json_Wz": "0.537191964091041",
   "quad_err": 6.525352682683203e-44
  },
  "0.01": {
   "exact": "0.1496980112537796",
   "W1700": "0.1496980112537795",
   "arith_json_Wz": "0.14969801125378",
   "quad_err": 2.0849297545038288e-43
  }
 },
 "max_quad_err": 7.857208386775133e-43,
 "seconds": 192.0,
 "matplotlib": "3.10.8"
}
t=1e-08    log10|dW|=-8.939217     W: 1700 zeros 1669.3417     two term 9014.8026     exact 9014.8026       log10 rel: w1700 -12.161763 two_term -12.894174 exact -12.894174
t=1e-07    log10|dW|=-8.717973     W: 1700 zeros 1430.1359     two term 2337.817      exact 2337.817        log10 rel: w1700 -11.873350 two_term -12.086784 exact -12.086784
t=7e-07    log10|dW|=-7.579652     W: 1700 zeros 710.76954     two term 720.13151     exact 720.13152       log10 rel: w1700 -10.431381 two_term -10.437064 exact -10.437064
t=7.2e-07  log10|dW|=-7.586451     W: 1700 zeros 699.44856     two term 707.73011     exact 707.73012       log10 rel: w1700 -10.431207 two_term -10.436319 exact -10.436319
t=1e-06    log10|dW|=-7.751007     W: 1700 zeros 575.91759     two term 577.49413     exact 577.49414       log10 rel: w1700 -10.511368 two_term -10.512555 exact -10.512555
t=1e-05    log10|dW|=-20.977684    W: 1700 zeros 131.8668      two term 131.86676     exact 131.8668        log10 rel: w1700 -23.097819 two_term -23.097819 exact -23.097819
t=0.0001   log10|dW|=-171.778135   W: 1700 zeros 26.059696     two term 26.05955      exact 26.059696       log10 rel: w1700 -173.194104 two_term -173.194102 exact -173.194104
t=0.001    log10|dW|=-1697.863036  W: 1700 zeros 3.7045849     two term 3.703932      exact 3.7045849       log10 rel: w1700 -1698.431776 two_term -1698.431699 exact -1698.431776
t=0.002    log10|dW|=-3395.201487  W: 1700 zeros 1.7833812     two term 1.7822931     exact 1.7833812       log10 rel: w1700 -3395.452732 two_term -3395.452466 exact -3395.452732
t=0.005    log10|dW|=-8488.769208  W: 1700 zeros 0.53719196    two term 0.53495477    exact 0.53719196      log10 rel: w1700 -8488.499337 two_term -8488.497525 exact -8488.499337
t=0.01     log10|dW|=-16977.405031 W: 1700 zeros 0.14969801    two term 0.14571869    exact 0.14969801      log10 rel: w1700 -16976.580247 two_term -16976.568546 exact -16976.580247
archived curve: 42 vertices, 40 on the grid; lw 1.6 rgb (0.1215686275, 0.4666666667, 0.7058823529)
  W = w1700     max |archived - computed| = 7.95e-06 (log10 units); at t = 1e-8: -0.000003
  W = two_term  max |archived - computed| = 0.732 (log10 units); at t = 1e-8: 0.732408
  W = exact     max |archived - computed| = 0.732 (log10 units); at t = 1e-8: 0.732408
  vertex  0  pdf (86.091818, 216.218107)  i =    0.0000  value    -12.16177  w1700 -3.40e-06 two_term +7.32e-01 exact +7.32e-01
  vertex  1  pdf (226.934880, 216.231485)  i =  159.0000  value    -11.92794  w1700 +7.25e-06 two_term +7.99e-06 exact +8.02e-06
  vertex  2  pdf (248.194211, 215.977190)  i =  183.0000  value    -16.37257  w1700 -2.88e-06 two_term -2.95e-06 exact -2.88e-06
  vertex  3  pdf (263.252903, 215.576600)  i =  200.0000  value    -23.37418  w1700 -6.44e-06 two_term -6.57e-06 exact -6.44e-06
  vertex  4  pdf (274.768373, 215.044705)  i =  213.0000  value    -32.67078  w1700 +4.95e-06 two_term +4.72e-06 exact +4.95e-06
  vertex  5  pdf (283.626427, 214.426418)  i =  223.0000  value    -43.47735  w1700 +1.52e-06 two_term +1.17e-06 exact +1.52e-06
  vertex  6  pdf (291.598676, 213.645935)  i =  232.0000  value    -57.11882  w1700 +4.95e-06 two_term +4.43e-06 exact +4.95e-06
  vertex  7  pdf (298.685120, 212.709278)  i =  240.0000  value    -73.48995  w1700 +7.27e-06 two_term +6.52e-06 exact +7.27e-06
  vertex  8  pdf (304.885758, 211.642705)  i =  247.0000  value    -92.13177  w1700 -2.91e-06 two_term -3.92e-06 exact -2.91e-06
  vertex  9  pdf (310.200590, 210.495010)  i =  253.0000  value   -112.19147  w1700 -3.70e-06 two_term -5.03e-06 exact -3.70e-06
  vertex 10  pdf (314.629617, 209.336178)  i =  258.0000  value   -132.44582  w1700 +1.35e-06 two_term -3.22e-07 exact +1.35e-06
  vertex 11  pdf (319.058644, 207.956117)  i =  263.0000  value   -156.56687  w1700 -3.50e-06 two_term -5.62e-06 exact -3.50e-06
  vertex 12  pdf (323.487671, 206.313008)  i =  268.0000  value   -185.28553  w1700 +3.75e-06 two_term +1.09e-06 exact +3.75e-06
  vertex 13  pdf (327.030893, 204.776012)  i =  272.0000  value   -212.14953  w1700 -2.12e-06 two_term -5.34e-06 exact -2.12e-06
  vertex 14  pdf (330.574115, 203.009309)  i =  276.0000  value   -243.02840  w1700 +5.86e-06 two_term +1.97e-06 exact +5.86e-06
  vertex 15  pdf (334.117337, 200.978771)  i =  280.0000  value   -278.51864  w1700 -3.16e-06 two_term -7.89e-06 exact -3.16e-06
  vertex 16  pdf (337.660558, 198.645204)  i =  284.0000  value   -319.30530  w1700 +5.38e-06 two_term -3.61e-07 exact +5.38e-06
  vertex 17  pdf (340.317974, 196.669326)  i =  287.0000  value   -353.84018  w1700 +7.67e-06 two_term +1.01e-06 exact +7.67e-06
  vertex 18  pdf (342.975391, 194.476390)  i =  290.0000  value   -392.16886  w1700 +2.48e-06 two_term -5.25e-06 exact +2.48e-06
  vertex 19  pdf (345.632807, 192.042635)  i =  293.0000  value   -434.70663  w1700 -3.03e-06 two_term -1.20e-05 exact -3.03e-06
  vertex 20  pdf (348.290223, 189.341699)  i =  296.0000  value   -481.91426  w1700 +6.79e-07 two_term -9.78e-06 exact +6.79e-07
  vertex 21  pdf (350.947640, 186.344333)  i =  299.0000  value   -534.30296  w1700 +3.79e-06 two_term -8.41e-06 exact +3.79e-06
  vertex 22  pdf (353.605056, 183.018086)  i =  302.0000  value   -592.43992  w1700 -6.69e-06 two_term -2.09e-05 exact -6.69e-06
  vertex 23  pdf (356.262472, 179.326957)  i =  305.0000  value   -656.95439  w1700 -2.95e-06 two_term -1.96e-05 exact -2.95e-06
  vertex 24  pdf (358.919888, 175.231001)  i =  308.0000  value   -728.54452  w1700 -5.53e-06 two_term -2.51e-05 exact -5.53e-06
  vertex 25  pdf (361.577305, 170.685902)  i =  311.0000  value   -807.98488  w1700 -5.18e-06 two_term -2.81e-05 exact -5.18e-06
  vertex 26  pdf (364.234721, 165.642492)  i =  314.0000  value   -896.13484  w1700 -2.65e-06 two_term -2.96e-05 exact -2.65e-06
  vertex 27  pdf (366.892137, 160.046220)  i =  317.0000  value   -993.94787  w1700 -6.36e-06 two_term -3.81e-05 exact -6.36e-06
  vertex 28  pdf (369.549553, 153.836565)  i =  320.0000  value  -1102.48175  w1700 +7.88e-06 two_term -2.96e-05 exact +7.88e-06
  vertex 29  pdf (372.206970, 146.946377)  i =  323.0000  value  -1222.91015  w1700 +6.47e-06 two_term -3.78e-05 exact +6.47e-06
  vertex 30  pdf (374.864386, 139.301157)  i =  326.0000  value  -1356.53520  w1700 -6.84e-06 two_term -5.94e-05 exact -6.84e-06
  vertex 31  pdf (377.521802, 130.818252)  i =  329.0000  value  -1504.80150  w1700 +7.02e-06 two_term -5.54e-05 exact +7.02e-06
  vertex 32  pdf (380.179219, 121.405955)  i =  332.0000  value  -1669.31195  w1700 +1.15e-06 two_term -7.32e-05 exact +1.15e-06
  vertex 33  pdf (382.836635, 110.962523)  i =  335.0000  value  -1851.84483  w1700 -2.07e-06 two_term -9.08e-05 exact -2.07e-06
  vertex 34  pdf (385.494051, 99.375072)  i =  338.0000  value  -2054.37316  w1700 -7.95e-06 two_term -1.14e-04 exact -7.95e-06
  vertex 35  pdf (388.151467, 86.518360)  i =  341.0000  value  -2279.08594  w1700 +1.85e-06 two_term -1.26e-04 exact +1.85e-06
  vertex 36  pdf (390.808884, 72.253429)  i =  344.0000  value  -2528.41193  w1700 -6.63e-06 two_term -1.60e-04 exact -6.63e-06
  vertex 37  pdf (393.466300, 56.426110)  i =  347.0000  value  -2805.04571  w1700 +4.30e-06 two_term -1.81e-04 exact +4.30e-06
  vertex 38  pdf (396.123716, 38.865348)  i =  350.0000  value  -3111.97704  w1700 +1.79e-06 two_term -2.23e-04 exact +1.79e-06
  vertex 39  pdf (398.781132, 19.381359)  i =  353.0000  value  -3452.52301  w1700 +2.12e-06 two_term -2.71e-04 exact +2.12e-06
  vertex 40  pdf (401.291674, -1.000000)  i =  355.8342  value  -3808.75343  
  vertex 41  pdf (401.291674, -1.000000)  i =  355.8342  value  -3808.75343  
== perturb_w1700.pdf {"n": 42, "lw": 1.6, "rgb": [0.1215686275, 0.4666666667, 0.7058823529], "grid_x": [86.091818, 144.997879, 203.903939, 262.81, 321.716061, 380.622121, 439.528182], "grid_y": [45.272, 73.878988, 102.485977, 131.092965, 159.699953, 188.306942, 216.91393], "same_grid_lines": true, "vertex_indices": [0, 159, 183, 200, 213, 223, 232, 240, 247, 253, 258, 263, 268, 272, 276, 280, 284, 287, 290, 293, 296, 299, 302, 305, 308, 311, 314, 317, 320, 323, 326, 329, 332, 335, 338, 341, 344, 347, 350, 353], "same_vertex_indices": true, "only_in_archived": [], "only_in_candidate": [], "max_value_diff_common": 0.0, "max_pdf_coordinate_diff": 0.0, "clipped_end": [401.291674, -1.0], "clipped_end_index": 355.83419068899207, "content_stream_identical": true, "content_stream_lines_differing": 0}
== perturb_exact.pdf {"n": 42, "lw": 1.6, "rgb": [0.1215686275, 0.4666666667, 0.7058823529], "grid_x": [86.091818, 144.997879, 203.903939, 262.81, 321.716061, 380.622121, 439.528182], "grid_y": [45.272, 73.878988, 102.485977, 131.092965, 159.699953, 188.306942, 216.91393], "same_grid_lines": true, "vertex_indices": [0, 154, 180, 197, 210, 221, 230, 238, 245, 251, 257, 262, 267, 271, 275, 279, 283, 287, 290, 293, 296, 299, 302, 305, 308, 311, 314, 317, 320, 323, 326, 329, 332, 335, 338, 341, 344, 347, 350, 353], "same_vertex_indices": false, "only_in_archived": [159, 183, 200, 213, 223, 232, 240, 247, 253, 258, 263, 268, 272, 276, 280, 284], "only_in_candidate": [154, 180, 197, 210, 221, 230, 238, 245, 251, 257, 262, 267, 271, 275, 279, 283], "max_value_diff_common": 0.7324084505462451, "max_pdf_coordinate_diff": 4.429026999999991, "clipped_end": [401.291674, -1.0], "clipped_end_index": 355.83419068899207, "content_stream_identical": false, "content_stream_lines_differing": 17}
