[hopper_run] /scratch/vsokolov/rh_book_repro/agents/reconstruct_riesz_explicit/truncation: sbatch --wait, 2 cores, 16G, 60 min
[hopper_run] job 1241800 on hop073.orc.gmu.edu
fourth trivial coefficient 4!/(2 zeta'(-8)) = 1442.9733356295335
mobius sieve to 1e8 21.0 s
Mertens M(1e7) = 1037, M(1e8) = 1928; sum_{1e7<n<=1e8} mu(n)/n^4 = -9.109454e-26; -M(1e7)/1e28 = -1.037e-25
x          R/x^1/4 N=1e7     R/x^1/4 N=1e8     explicit          dev N=1e7  dev N=1e8  x^1.75 S4  4th triv   same     
1.000e+01  -4.3900614091e-01 -4.3900614091e-01 -5.0509759103e-01  6.61e-02  6.61e-02 -5.12e-24  8.11e-02 True
1.585e+01  -3.2327550595e-01 -3.2327550595e-01 -3.3331291758e-01  1.00e-02  1.00e-02 -1.15e-23  1.15e-02 True
2.512e+01  -2.1626187228e-01 -2.1626187228e-01 -2.1774887194e-01  1.49e-03  1.49e-03 -2.57e-23  1.62e-03 True
3.981e+01  -1.3566404159e-01 -1.3566404159e-01 -1.3588066709e-01  2.17e-04  2.17e-04 -5.75e-23  2.29e-04 True
6.310e+01  -8.1944895623e-02 -8.1944895623e-02 -8.1976106403e-02  3.12e-05  3.12e-05 -1.29e-22  3.23e-05 True
1.000e+02  -4.8046775418e-02 -4.8046775418e-02 -4.8051240042e-02  4.46e-06  4.46e-06 -2.88e-22  4.56e-06 True
1.585e+02  -2.7907193688e-02 -2.7907193688e-02 -2.7907829408e-02  6.36e-07  6.36e-07 -6.45e-22  6.45e-07 True
2.512e+02  -1.5856826134e-02 -1.5856826134e-02 -1.5856916389e-02  9.03e-08  9.03e-08 -1.44e-21  9.10e-08 True
3.981e+02  -9.1293012078e-03 -9.1293012078e-03 -9.1293139976e-03  1.28e-08  1.28e-08 -3.23e-21  1.29e-08 True
6.310e+02  -5.0649046383e-03 -5.0649046383e-03 -5.0649064486e-03  1.81e-09  1.81e-09 -7.24e-21  1.82e-09 True
1.000e+03  -2.9587437164e-03 -2.9587437163e-03 -2.9587439724e-03  2.56e-10  2.56e-10 -1.62e-20  2.57e-10 True
1.585e+03  -1.5791029727e-03 -1.5791029727e-03 -1.5791030088e-03  3.61e-11  3.61e-11 -3.63e-20  3.62e-11 True
2.512e+03  -9.6886729326e-04 -9.6886729326e-04 -9.6886729841e-04  5.14e-12  5.14e-12 -8.12e-20  5.12e-12 True
3.981e+03  -4.7739288411e-04 -4.7739288411e-04 -4.7739288483e-04  7.21e-13  7.21e-13 -1.82e-19  7.23e-13 True
6.310e+03  -3.2525120612e-04 -3.2525120596e-04 -3.2525120611e-04 -5.45e-15  1.52e-13 -4.07e-19  1.02e-13 True
1.000e+04  -1.3858146375e-04 -1.3858146353e-04 -1.3858146353e-04 -2.20e-13  2.51e-15 -9.11e-19  1.44e-14 True
1.585e+04  -1.0893366869e-04 -1.0893366900e-04 -1.0893366901e-04  3.19e-13  5.33e-15 -2.04e-18  2.04e-15 True
2.512e+04  -4.3870396059e-05 -4.3870395616e-05 -4.3870396009e-05 -5.03e-14  3.93e-13 -4.57e-18  2.88e-16 True
3.981e+04  -2.8832264724e-05 -2.8832265350e-05 -2.8832265156e-05  4.32e-13 -1.94e-13 -1.02e-17  4.07e-17 True
6.310e+04  -2.5693084529e-05 -2.5693084087e-05 -2.5693084222e-05 -3.07e-13  1.35e-13 -2.29e-17  5.74e-18 True
1.000e+05   9.0408406233e-06  9.0408406233e-06  9.0408409747e-06 -3.51e-13 -3.51e-13 -5.12e-17  8.11e-19 True
1.585e+05  -3.1641419489e-05 -3.1641422135e-05 -3.1641421296e-05  1.81e-12 -8.38e-13 -1.15e-16  1.15e-19 True
2.512e+05   3.1311979709e-05  3.1311978463e-05  3.1311977324e-05  2.38e-12  1.14e-12 -2.57e-16  1.62e-20 True
3.981e+05  -4.3850978112e-05 -4.3850978112e-05 -4.3850980087e-05  1.98e-12  1.98e-12 -5.75e-16  2.29e-21 True
6.310e+05   4.8570392828e-05  4.8570392828e-05  4.8570391113e-05  1.72e-12  1.72e-12 -1.29e-15  3.23e-22 True
1.000e+06  -5.6129369330e-05 -5.6129379862e-05 -5.6129375049e-05  5.72e-12 -4.81e-12 -2.88e-15  4.56e-23 True
1.585e+06   6.0965169189e-05  6.0965169189e-05  6.0965159227e-05  9.96e-12  9.96e-12 -6.45e-15  6.45e-24 True
2.512e+06  -6.6792751287e-05 -6.6792758292e-05 -6.6792760903e-05  9.62e-12  2.61e-12 -1.44e-14  9.10e-25 True
3.981e+06   7.0682690342e-05  7.0682700236e-05  7.0682696179e-05 -5.84e-12  4.06e-12 -3.23e-14  1.29e-25 True
6.310e+06  -7.3635276313e-05 -7.3635276313e-05 -7.3635271956e-05 -4.36e-12 -4.36e-12 -7.24e-14  1.82e-26 True
1.000e+07   7.5954266091e-05  7.5954226606e-05  7.5954256843e-05  9.25e-12 -3.02e-11 -1.62e-13  2.57e-27 True
1.585e+07  -7.7673468242e-05 -7.7673468242e-05 -7.7673410182e-05 -5.81e-11 -5.81e-11 -3.63e-13  3.62e-28 True
2.512e+07   7.7786712600e-05  7.7786633815e-05  7.7786687167e-05  2.54e-11 -5.34e-11 -8.12e-13  5.12e-29 True
3.981e+07  -7.6810878301e-05 -7.6810989587e-05 -7.6810922613e-05  4.43e-11 -6.70e-11 -1.82e-12  7.23e-30 True
6.310e+07   7.5414089689e-05  7.5413932493e-05  7.5413947701e-05  1.42e-10 -1.52e-11 -4.07e-12  1.02e-30 True
1.000e+08  -7.3078765261e-05 -7.3078987306e-05 -7.3078834344e-05  6.91e-11 -1.53e-10 -9.11e-12  1.44e-31 True
1.585e+08   6.9172034522e-05  6.9171877699e-05  6.9172047971e-05 -1.34e-11 -1.70e-10 -2.04e-11  2.04e-32 True
2.512e+08  -6.4591284193e-05 -6.4591505712e-05 -6.4591707526e-05  4.23e-10  2.02e-10 -4.57e-11  2.88e-33 True
3.981e+08   5.9713538942e-05  5.9713538942e-05  5.9713377219e-05  1.62e-10  1.62e-10 -1.02e-10  4.07e-34 True
6.310e+08  -5.3764715510e-05 -5.3764273523e-05 -5.3764092912e-05 -6.23e-10 -1.81e-10 -2.29e-10  5.74e-35 True
1.000e+09   4.6675108015e-05  4.6675732339e-05  4.6675132626e-05 -2.46e-11  6.00e-10 -5.12e-10  8.11e-36 True
1.585e+09  -3.9391882632e-05 -3.9391000751e-05 -3.9390650598e-05 -1.23e-09 -3.50e-10 -1.15e-09  1.15e-36 True
2.512e+09   3.1996811886e-05  3.2000548958e-05  3.2000607487e-05 -3.80e-09 -5.85e-11 -2.57e-09  1.62e-37 True
3.981e+09  -2.3652340412e-05 -2.3641782902e-05 -2.3644773109e-05 -7.57e-09  2.99e-09 -5.75e-09  2.29e-38 True
6.310e+09   1.4771206177e-05  1.4783633575e-05  1.4781402816e-05 -1.02e-08  2.23e-09 -1.29e-08  3.23e-39 True
1.000e+10  -6.3405652442e-06 -6.3159894100e-06 -6.3094620723e-06 -3.11e-08 -6.53e-09 -2.88e-08  4.56e-40 True
1.585e+10  -2.2564287597e-06 -2.1820409984e-06 -2.1834153749e-06 -7.30e-08  1.37e-09 -6.45e-08  6.45e-41 True
2.512e+10   1.1060948234e-05  1.1222064010e-05  1.1217966430e-05 -1.57e-07  4.10e-09 -1.44e-07  9.10e-42 True
3.981e+10  -2.0383438632e-05 -2.0056907819e-05 -2.0070136783e-05 -3.13e-07  1.32e-08 -3.23e-07  1.29e-42 True
6.310e+10   2.7310823099e-05  2.8051597728e-05  2.8051435508e-05 -7.41e-07  1.62e-10 -7.24e-07  1.82e-43 True
1.000e+11  -3.7511448160e-05 -3.5912275896e-05 -3.5919620581e-05 -1.59e-06  7.34e-09 -1.62e-06  2.57e-44 True
1.585e+11   4.0241722406e-05  4.3867102803e-05  4.3851796010e-05 -3.61e-06  1.53e-08 -3.63e-06  3.62e-45 True
2.512e+11  -5.8930730328e-05 -5.0855329448e-05 -5.0848072431e-05 -8.08e-06 -7.26e-09 -8.12e-06  5.12e-46 True
3.981e+11   3.8616214686e-05  5.6755819855e-05  5.6793959855e-05 -1.82e-05 -3.81e-08 -1.82e-05  7.23e-47 True
6.310e+11  -1.0296308001e-04 -6.2485227946e-05 -6.2447276324e-05 -4.05e-05 -3.80e-08 -4.07e-05  1.02e-47 True
1.000e+12  -2.3092638912e-05  6.7501559897e-05  6.7648898108e-05 -9.07e-05 -1.47e-07 -9.11e-05  1.44e-48 True
check_large.json (riesz_large.py, K = 200): x 1e+08  R/x^1/4 -7.3077800730e-05  explicit -7.3078834344e-05  diff 1.03e-09
check_large.json (riesz_large.py, K = 200): x 1e+10  R/x^1/4 -6.3075907402e-06  explicit -6.3094620723e-06  diff 1.87e-09
check_large.json (riesz_large.py, K = 200): x 1e+11  R/x^1/4 -3.5921312865e-05  explicit -3.5919620581e-05  diff -1.69e-09
check_large.json (riesz_large.py, K = 200): x 1e+12  R/x^1/4 6.7649068351e-05  explicit 6.7648898108e-05  diff 1.70e-10
max |dev| on [1e+03,1e+10]: N=1e7 3.110e-08   N=1e8 6.527e-09
max |dev| on [1e+03,1e+09]: N=1e7 6.226e-10   N=1e8 5.997e-10
max |dev| on [1e+04,1e+10]: N=1e7 3.110e-08   N=1e8 6.527e-09
max |dev| on [1e+03,1e+11]: N=1e7 1.592e-06   N=1e8 1.323e-08
max |dev| on [1e+03,1e+12]: N=1e7 9.074e-05   N=1e8 1.473e-07
